// Jest Snapshot v1, https://goo.gl/fbAQLP

exports[`BucketReplication Construct(BucketReplication):  Snapshot Test 1`] = `
{
  "Resources": {
    "BucketReplicationAwsAcceleratorCentralLogsBucketReplicationRole184AC22C": {
      "Properties": {
        "AssumeRolePolicyDocument": {
          "Statement": [
            {
              "Action": "sts:AssumeRole",
              "Effect": "Allow",
              "Principal": {
                "Service": "s3.amazonaws.com",
              },
            },
          ],
          "Version": "2012-10-17",
        },
        "Path": "/service-role/",
      },
      "Type": "AWS::IAM::Role",
    },
    "BucketReplicationAwsAcceleratorCentralLogsBucketReplicationRoleDefaultPolicy5AD1044F": {
      "Properties": {
        "PolicyDocument": {
          "Statement": [
            {
              "Action": [
                "s3:GetObjectLegalHold",
                "s3:GetObjectRetention",
                "s3:GetObjectVersion",
                "s3:GetObjectVersionAcl",
                "s3:GetObjectVersionForReplication",
                "s3:GetObjectVersionTagging",
                "s3:GetReplicationConfiguration",
                "s3:ListBucket",
                "s3:ReplicateDelete",
                "s3:ReplicateObject",
                "s3:ReplicateTags",
              ],
              "Effect": "Allow",
              "Resource": [
                {
                  "Fn::Join": [
                    "",
                    [
                      "arn:",
                      {
                        "Ref": "AWS::Partition",
                      },
                      ":s3:::aws-accelerator-macie-",
                      {
                        "Ref": "AWS::AccountId",
                      },
                      "-",
                      {
                        "Ref": "AWS::Region",
                      },
                    ],
                  ],
                },
                {
                  "Fn::Join": [
                    "",
                    [
                      "arn:",
                      {
                        "Ref": "AWS::Partition",
                      },
                      ":s3:::aws-accelerator-macie-",
                      {
                        "Ref": "AWS::AccountId",
                      },
                      "-",
                      {
                        "Ref": "AWS::Region",
                      },
                      "/*",
                    ],
                  ],
                },
              ],
            },
            {
              "Action": [
                "s3:GetBucketVersioning",
                "s3:GetObjectVersionTagging",
                "s3:ObjectOwnerOverrideToBucketOwner",
                "s3:PutBucketVersioning",
                "s3:ReplicateDelete",
                "s3:ReplicateObject",
                "s3:ReplicateTags",
              ],
              "Effect": "Allow",
              "Resource": {
                "Fn::Join": [
                  "",
                  [
                    "arn:",
                    {
                      "Ref": "AWS::Partition",
                    },
                    ":s3:::aws-accelerator-central-logs-bucket/*",
                  ],
                ],
              },
            },
            {
              "Action": "kms:Encrypt",
              "Effect": "Allow",
              "Resource": {
                "Fn::Join": [
                  "",
                  [
                    "arn:aws:kms:us-east-1:",
                    {
                      "Ref": "AWS::AccountId",
                    },
                    ":key/ksm-key-arn",
                  ],
                ],
              },
            },
          ],
          "Version": "2012-10-17",
        },
        "PolicyName": "BucketReplicationAwsAcceleratorCentralLogsBucketReplicationRoleDefaultPolicy5AD1044F",
        "Roles": [
          {
            "Ref": "BucketReplicationAwsAcceleratorCentralLogsBucketReplicationRole184AC22C",
          },
        ],
      },
      "Type": "AWS::IAM::Policy",
    },
    "BucketReplicationDF143956": {
      "DeletionPolicy": "Delete",
      "DependsOn": [
        "CustomS3PutBucketReplicationCustomResourceProviderLogGroup6A67905E",
      ],
      "Properties": {
        "ServiceToken": {
          "Fn::GetAtt": [
            "CustomS3PutBucketReplicationCustomResourceProviderHandler1D75398C",
            "Arn",
          ],
        },
        "destinationAccountId": {
          "Ref": "AWS::AccountId",
        },
        "destinationBucketArn": {
          "Fn::Join": [
            "",
            [
              "arn:",
              {
                "Ref": "AWS::Partition",
              },
              ":s3:::aws-accelerator-central-logs-bucket",
            ],
          ],
        },
        "destinationBucketKeyArn": {
          "Fn::Join": [
            "",
            [
              "arn:aws:kms:us-east-1:",
              {
                "Ref": "AWS::AccountId",
              },
              ":key/ksm-key-arn",
            ],
          ],
        },
        "prefix": "",
        "replicationRoleArn": {
          "Fn::GetAtt": [
            "BucketReplicationAwsAcceleratorCentralLogsBucketReplicationRole184AC22C",
            "Arn",
          ],
        },
        "sourceBucketName": {
          "Fn::Join": [
            "",
            [
              "aws-accelerator-macie-",
              {
                "Ref": "AWS::AccountId",
              },
              "-",
              {
                "Ref": "AWS::Region",
              },
            ],
          ],
        },
      },
      "Type": "Custom::S3PutBucketReplication",
      "UpdateReplacePolicy": "Delete",
    },
    "BucketReplicationExistingIamA4FEEDD2": {
      "DeletionPolicy": "Delete",
      "DependsOn": [
        "CustomS3PutBucketReplicationCustomResourceProviderLogGroup6A67905E",
      ],
      "Properties": {
        "ServiceToken": {
          "Fn::GetAtt": [
            "CustomS3PutBucketReplicationCustomResourceProviderHandler1D75398C",
            "Arn",
          ],
        },
        "destinationAccountId": {
          "Ref": "AWS::AccountId",
        },
        "destinationBucketArn": {
          "Fn::Join": [
            "",
            [
              "arn:",
              {
                "Ref": "AWS::Partition",
              },
              ":s3:::aws-accelerator-central-logs-bucket-existing-iam",
            ],
          ],
        },
        "destinationBucketKeyArn": {
          "Fn::Join": [
            "",
            [
              "arn:aws:kms:us-east-1:",
              {
                "Ref": "AWS::AccountId",
              },
              ":key/ksm-key-arn",
            ],
          ],
        },
        "prefix": "",
        "replicationRoleArn": {
          "Fn::Join": [
            "",
            [
              "arn:",
              {
                "Ref": "AWS::Partition",
              },
              ":iam::",
              {
                "Ref": "AWS::AccountId",
              },
              ":role/AWSAcceleratorS3ReplicationRole",
            ],
          ],
        },
        "sourceBucketName": {
          "Ref": "SourceBucketDDD2130A",
        },
      },
      "Type": "Custom::S3PutBucketReplication",
      "UpdateReplacePolicy": "Delete",
    },
    "CWLKeyB9201973": {
      "DeletionPolicy": "Retain",
      "Properties": {
        "KeyPolicy": {
          "Statement": [
            {
              "Action": "kms:*",
              "Effect": "Allow",
              "Principal": {
                "AWS": {
                  "Fn::Join": [
                    "",
                    [
                      "arn:",
                      {
                        "Ref": "AWS::Partition",
                      },
                      ":iam::",
                      {
                        "Ref": "AWS::AccountId",
                      },
                      ":root",
                    ],
                  ],
                },
              },
              "Resource": "*",
            },
          ],
          "Version": "2012-10-17",
        },
      },
      "Type": "AWS::KMS::Key",
      "UpdateReplacePolicy": "Retain",
    },
    "CWLKeyExistingIamDCB4F720": {
      "DeletionPolicy": "Retain",
      "Properties": {
        "KeyPolicy": {
          "Statement": [
            {
              "Action": "kms:*",
              "Effect": "Allow",
              "Principal": {
                "AWS": {
                  "Fn::Join": [
                    "",
                    [
                      "arn:",
                      {
                        "Ref": "AWS::Partition",
                      },
                      ":iam::",
                      {
                        "Ref": "AWS::AccountId",
                      },
                      ":root",
                    ],
                  ],
                },
              },
              "Resource": "*",
            },
          ],
          "Version": "2012-10-17",
        },
      },
      "Type": "AWS::KMS::Key",
      "UpdateReplacePolicy": "Retain",
    },
    "CustomS3PutBucketReplicationCustomResourceProviderHandler1D75398C": {
      "DependsOn": [
        "CustomS3PutBucketReplicationCustomResourceProviderRole1C378488",
      ],
      "Properties": {
        "Code": {
          "S3Bucket": {
            "Fn::Sub": "cdk-hnb659fds-assets-\${AWS::AccountId}-\${AWS::Region}",
          },
          "S3Key": "REPLACED-GENERATED-NAME.zip",
        },
        "Handler": "__entrypoint__.handler",
        "MemorySize": 128,
        "Role": {
          "Fn::GetAtt": [
            "CustomS3PutBucketReplicationCustomResourceProviderRole1C378488",
            "Arn",
          ],
        },
        "Runtime": "nodejs18.x",
        "Timeout": 900,
      },
      "Type": "AWS::Lambda::Function",
    },
    "CustomS3PutBucketReplicationCustomResourceProviderLogGroup6A67905E": {
      "DeletionPolicy": "Delete",
      "Properties": {
        "KmsKeyId": {
          "Fn::GetAtt": [
            "CWLKeyB9201973",
            "Arn",
          ],
        },
        "LogGroupName": {
          "Fn::Join": [
            "",
            [
              "/aws/lambda/",
              {
                "Ref": "CustomS3PutBucketReplicationCustomResourceProviderHandler1D75398C",
              },
            ],
          ],
        },
        "RetentionInDays": 3653,
      },
      "Type": "AWS::Logs::LogGroup",
      "UpdateReplacePolicy": "Delete",
    },
    "CustomS3PutBucketReplicationCustomResourceProviderRole1C378488": {
      "Properties": {
        "AssumeRolePolicyDocument": {
          "Statement": [
            {
              "Action": "sts:AssumeRole",
              "Effect": "Allow",
              "Principal": {
                "Service": "lambda.amazonaws.com",
              },
            },
          ],
          "Version": "2012-10-17",
        },
        "ManagedPolicyArns": [
          {
            "Fn::Sub": "arn:\${AWS::Partition}:iam::aws:policy/service-role/AWSLambdaBasicExecutionRole",
          },
        ],
        "Policies": [
          {
            "PolicyDocument": {
              "Statement": [
                {
                  "Action": [
                    "iam:PassRole",
                    "s3:PutLifecycleConfiguration",
                    "s3:PutReplicationConfiguration",
                    "s3:PutBucketVersioning",
                  ],
                  "Effect": "Allow",
                  "Resource": "*",
                  "Sid": "S3PutReplicationConfigurationTaskActions",
                },
              ],
              "Version": "2012-10-17",
            },
            "PolicyName": "Inline",
          },
        ],
      },
      "Type": "AWS::IAM::Role",
    },
    "SourceBucketDDD2130A": {
      "DeletionPolicy": "Retain",
      "Properties": {
        "BucketEncryption": {
          "ServerSideEncryptionConfiguration": [
            {
              "ServerSideEncryptionByDefault": {
                "KMSMasterKeyID": {
                  "Fn::GetAtt": [
                    "SourceBucketExistingIam4DBB8957",
                    "Arn",
                  ],
                },
                "SSEAlgorithm": "aws:kms",
              },
            },
          ],
        },
      },
      "Type": "AWS::S3::Bucket",
      "UpdateReplacePolicy": "Retain",
    },
    "SourceBucketExistingIam4DBB8957": {
      "DeletionPolicy": "Retain",
      "Properties": {
        "KeyPolicy": {
          "Statement": [
            {
              "Action": "kms:*",
              "Effect": "Allow",
              "Principal": {
                "AWS": {
                  "Fn::Join": [
                    "",
                    [
                      "arn:",
                      {
                        "Ref": "AWS::Partition",
                      },
                      ":iam::",
                      {
                        "Ref": "AWS::AccountId",
                      },
                      ":root",
                    ],
                  ],
                },
              },
              "Resource": "*",
            },
          ],
          "Version": "2012-10-17",
        },
      },
      "Type": "AWS::KMS::Key",
      "UpdateReplacePolicy": "Retain",
    },
  },
}
`;
