// Jest Snapshot v1, https://goo.gl/fbAQLP

exports[`EndpointAddresses Construct(ResolverEndpointAddresses):  Snapshot Test 1`] = `
{
  "Resources": {
    "CustomKey1E6D0D07": {
      "DeletionPolicy": "Retain",
      "Properties": {
        "KeyPolicy": {
          "Statement": [
            {
              "Action": "kms:*",
              "Effect": "Allow",
              "Principal": {
                "AWS": {
                  "Fn::Join": [
                    "",
                    [
                      "arn:",
                      {
                        "Ref": "AWS::Partition",
                      },
                      ":iam::",
                      {
                        "Ref": "AWS::AccountId",
                      },
                      ":root",
                    ],
                  ],
                },
              },
              "Resource": "*",
            },
          ],
          "Version": "2012-10-17",
        },
      },
      "Type": "AWS::KMS::Key",
      "UpdateReplacePolicy": "Retain",
    },
    "CustomResolverEndpointAddressesCustomResourceProviderHandler09D4123E": {
      "DependsOn": [
        "CustomResolverEndpointAddressesCustomResourceProviderRoleA94B4F27",
      ],
      "Properties": {
        "Code": {
          "S3Bucket": {
            "Fn::Sub": "cdk-hnb659fds-assets-\${AWS::AccountId}-\${AWS::Region}",
          },
          "S3Key": "REPLACED-GENERATED-NAME.zip",
        },
        "Handler": "__entrypoint__.handler",
        "MemorySize": 128,
        "Role": {
          "Fn::GetAtt": [
            "CustomResolverEndpointAddressesCustomResourceProviderRoleA94B4F27",
            "Arn",
          ],
        },
        "Runtime": "nodejs18.x",
        "Timeout": 900,
      },
      "Type": "AWS::Lambda::Function",
    },
    "CustomResolverEndpointAddressesCustomResourceProviderLogGroup70A41B6B": {
      "DeletionPolicy": "Delete",
      "Properties": {
        "KmsKeyId": {
          "Fn::GetAtt": [
            "CustomKey1E6D0D07",
            "Arn",
          ],
        },
        "LogGroupName": {
          "Fn::Join": [
            "",
            [
              "/aws/lambda/",
              {
                "Ref": "CustomResolverEndpointAddressesCustomResourceProviderHandler09D4123E",
              },
            ],
          ],
        },
        "RetentionInDays": 3653,
      },
      "Type": "AWS::Logs::LogGroup",
      "UpdateReplacePolicy": "Delete",
    },
    "CustomResolverEndpointAddressesCustomResourceProviderRoleA94B4F27": {
      "Properties": {
        "AssumeRolePolicyDocument": {
          "Statement": [
            {
              "Action": "sts:AssumeRole",
              "Effect": "Allow",
              "Principal": {
                "Service": "lambda.amazonaws.com",
              },
            },
          ],
          "Version": "2012-10-17",
        },
        "ManagedPolicyArns": [
          {
            "Fn::Sub": "arn:\${AWS::Partition}:iam::aws:policy/service-role/AWSLambdaBasicExecutionRole",
          },
        ],
        "Policies": [
          {
            "PolicyDocument": {
              "Statement": [
                {
                  "Action": [
                    "route53resolver:ListResolverEndpointIpAddresses",
                  ],
                  "Effect": "Allow",
                  "Resource": "*",
                },
              ],
              "Version": "2012-10-17",
            },
            "PolicyName": "Inline",
          },
        ],
      },
      "Type": "AWS::IAM::Role",
    },
    "TestEndpointAddressesCE4F1BB4": {
      "DeletionPolicy": "Delete",
      "DependsOn": [
        "CustomResolverEndpointAddressesCustomResourceProviderLogGroup70A41B6B",
      ],
      "Properties": {
        "ServiceToken": {
          "Fn::GetAtt": [
            "CustomResolverEndpointAddressesCustomResourceProviderHandler09D4123E",
            "Arn",
          ],
        },
        "endpointId": "TestEndpointId",
        "region": {
          "Ref": "AWS::Region",
        },
      },
      "Type": "Custom::ResolverEndpointAddresses",
      "UpdateReplacePolicy": "Delete",
    },
  },
}
`;
