// Jest Snapshot v1, https://goo.gl/fbAQLP

exports[`ResolverFirewallDomainList Construct(ResolverFirewallDomainList):  Snapshot Test 1`] = `
{
  "Resources": {
    "CustomResolverManagedDomainListCustomResourceProviderHandler9F7C9581": {
      "DependsOn": [
        "CustomResolverManagedDomainListCustomResourceProviderRole33DECC65",
      ],
      "Properties": {
        "Code": {
          "S3Bucket": {
            "Fn::Sub": "cdk-hnb659fds-assets-\${AWS::AccountId}-\${AWS::Region}",
          },
          "S3Key": "REPLACED-GENERATED-NAME.zip",
        },
        "Handler": "__entrypoint__.handler",
        "MemorySize": 128,
        "Role": {
          "Fn::GetAtt": [
            "CustomResolverManagedDomainListCustomResourceProviderRole33DECC65",
            "Arn",
          ],
        },
        "Runtime": "nodejs18.x",
        "Timeout": 900,
      },
      "Type": "AWS::Lambda::Function",
    },
    "CustomResolverManagedDomainListCustomResourceProviderLogGroupAA48B1A0": {
      "DeletionPolicy": "Delete",
      "Properties": {
        "KmsKeyId": {
          "Fn::GetAtt": [
            "TestManagedDomainListKeyCB86CE9D",
            "Arn",
          ],
        },
        "LogGroupName": {
          "Fn::Join": [
            "",
            [
              "/aws/lambda/",
              {
                "Ref": "CustomResolverManagedDomainListCustomResourceProviderHandler9F7C9581",
              },
            ],
          ],
        },
        "RetentionInDays": 3653,
      },
      "Type": "AWS::Logs::LogGroup",
      "UpdateReplacePolicy": "Delete",
    },
    "CustomResolverManagedDomainListCustomResourceProviderRole33DECC65": {
      "Properties": {
        "AssumeRolePolicyDocument": {
          "Statement": [
            {
              "Action": "sts:AssumeRole",
              "Effect": "Allow",
              "Principal": {
                "Service": "lambda.amazonaws.com",
              },
            },
          ],
          "Version": "2012-10-17",
        },
        "ManagedPolicyArns": [
          {
            "Fn::Sub": "arn:\${AWS::Partition}:iam::aws:policy/service-role/AWSLambdaBasicExecutionRole",
          },
        ],
        "Policies": [
          {
            "PolicyDocument": {
              "Statement": [
                {
                  "Action": [
                    "route53resolver:ListFirewallDomainLists",
                  ],
                  "Effect": "Allow",
                  "Resource": "*",
                },
              ],
              "Version": "2012-10-17",
            },
            "PolicyName": "Inline",
          },
        ],
      },
      "Type": "AWS::IAM::Role",
    },
    "TestDomainList9DC6C806": {
      "Properties": {
        "DomainFileUrl": {
          "Fn::Sub": "REPLACED-GENERATED-NAME.zip",
        },
        "Tags": [
          {
            "Key": "Name",
            "Value": "TestDomainList",
          },
        ],
      },
      "Type": "AWS::Route53Resolver::FirewallDomainList",
    },
    "TestDomainListKey95870FD5": {
      "DeletionPolicy": "Retain",
      "Properties": {
        "KeyPolicy": {
          "Statement": [
            {
              "Action": "kms:*",
              "Effect": "Allow",
              "Principal": {
                "AWS": {
                  "Fn::Join": [
                    "",
                    [
                      "arn:",
                      {
                        "Ref": "AWS::Partition",
                      },
                      ":iam::",
                      {
                        "Ref": "AWS::AccountId",
                      },
                      ":root",
                    ],
                  ],
                },
              },
              "Resource": "*",
            },
          ],
          "Version": "2012-10-17",
        },
      },
      "Type": "AWS::KMS::Key",
      "UpdateReplacePolicy": "Retain",
    },
    "TestManagedDomainListE1CDFDDE": {
      "DeletionPolicy": "Delete",
      "DependsOn": [
        "CustomResolverManagedDomainListCustomResourceProviderLogGroupAA48B1A0",
      ],
      "Properties": {
        "ServiceToken": {
          "Fn::GetAtt": [
            "CustomResolverManagedDomainListCustomResourceProviderHandler9F7C9581",
            "Arn",
          ],
        },
        "listName": "TestManagedDomainList",
        "region": {
          "Ref": "AWS::Region",
        },
      },
      "Type": "Custom::ResolverManagedDomainList",
      "UpdateReplacePolicy": "Delete",
    },
    "TestManagedDomainListKeyCB86CE9D": {
      "DeletionPolicy": "Retain",
      "Properties": {
        "KeyPolicy": {
          "Statement": [
            {
              "Action": "kms:*",
              "Effect": "Allow",
              "Principal": {
                "AWS": {
                  "Fn::Join": [
                    "",
                    [
                      "arn:",
                      {
                        "Ref": "AWS::Partition",
                      },
                      ":iam::",
                      {
                        "Ref": "AWS::AccountId",
                      },
                      ":root",
                    ],
                  ],
                },
              },
              "Resource": "*",
            },
          ],
          "Version": "2012-10-17",
        },
      },
      "Type": "AWS::KMS::Key",
      "UpdateReplacePolicy": "Retain",
    },
  },
}
`;
