// Jest Snapshot v1, https://goo.gl/fbAQLP

exports[`ResolverFirewallRuleGroup Construct(ResolverFirewallRuleGroup):  Snapshot Test 1`] = `
{
  "Resources": {
    "TestRuleGroup43F9213A": {
      "Properties": {
        "FirewallRules": [
          {
            "Action": "BLOCK",
            "BlockResponse": "NXDOMAIN",
            "FirewallDomainListId": "TestDomainList",
            "Priority": 101,
          },
        ],
        "Tags": [
          {
            "Key": "Name",
            "Value": "TestRuleGroup",
          },
        ],
      },
      "Type": "AWS::Route53Resolver::FirewallRuleGroup",
    },
    "TestRuleGroupAssoc48F4678D": {
      "Properties": {
        "FirewallRuleGroupId": {
          "Ref": "TestRuleGroup43F9213A",
        },
        "Priority": 101,
        "VpcId": "TestVpc",
      },
      "Type": "AWS::Route53Resolver::FirewallRuleGroupAssociation",
    },
  },
}
`;
