// Jest Snapshot v1, https://goo.gl/fbAQLP

exports[`LaunchTemplate Construct(LaunchTemplate):  Snapshot Test 1`] = `
{
  "Resources": {
    "TestLaunchTemplateAC264C67": {
      "Properties": {
        "LaunchTemplateData": {
          "BlockDeviceMappings": [
            {
              "DeviceName": "test",
              "Ebs": {
                "DeleteOnTermination": true,
                "Encrypted": true,
                "Iops": 300,
                "KmsKeyId": "test",
                "VolumeSize": 10,
              },
            },
          ],
          "IamInstanceProfile": {},
          "ImageId": "ami-1234",
          "InstanceType": "t3.micro",
          "MetadataOptions": {
            "HttpTokens": "required",
          },
          "SecurityGroupIds": [
            "sg-1234",
          ],
          "UserData": {
            "Fn::Base64": "#!/bin/bash
yum update -y
yum install -y httpd 
systemctl start httpd
systemctl enable httpd
usermod -a -G apache ec2-user
chown -R ec2-user:apache /var/www
chmod 2775 /var/www
find /var/www -type d -exec chmod 2775 {} \\;
find /var/www -type f -exec chmod 0664 {} \\;",
          },
        },
        "LaunchTemplateName": "Test",
      },
      "Type": "AWS::EC2::LaunchTemplate",
    },
  },
}
`;
