// Jest Snapshot v1, https://goo.gl/fbAQLP

exports[`CrossAccountRoute Construct(CrossAccountRoute):  Snapshot Test 1`] = `
{
  "Mappings": {
    "LatestNodeRuntimeMap": {
      "af-south-1": {
        "value": "nodejs20.x",
      },
      "ap-east-1": {
        "value": "nodejs20.x",
      },
      "ap-northeast-1": {
        "value": "nodejs20.x",
      },
      "ap-northeast-2": {
        "value": "nodejs20.x",
      },
      "ap-northeast-3": {
        "value": "nodejs20.x",
      },
      "ap-south-1": {
        "value": "nodejs20.x",
      },
      "ap-south-2": {
        "value": "nodejs20.x",
      },
      "ap-southeast-1": {
        "value": "nodejs20.x",
      },
      "ap-southeast-2": {
        "value": "nodejs20.x",
      },
      "ap-southeast-3": {
        "value": "nodejs20.x",
      },
      "ap-southeast-4": {
        "value": "nodejs20.x",
      },
      "ap-southeast-5": {
        "value": "nodejs20.x",
      },
      "ap-southeast-7": {
        "value": "nodejs20.x",
      },
      "ca-central-1": {
        "value": "nodejs20.x",
      },
      "ca-west-1": {
        "value": "nodejs20.x",
      },
      "cn-north-1": {
        "value": "nodejs18.x",
      },
      "cn-northwest-1": {
        "value": "nodejs18.x",
      },
      "eu-central-1": {
        "value": "nodejs20.x",
      },
      "eu-central-2": {
        "value": "nodejs20.x",
      },
      "eu-isoe-west-1": {
        "value": "nodejs18.x",
      },
      "eu-north-1": {
        "value": "nodejs20.x",
      },
      "eu-south-1": {
        "value": "nodejs20.x",
      },
      "eu-south-2": {
        "value": "nodejs20.x",
      },
      "eu-west-1": {
        "value": "nodejs20.x",
      },
      "eu-west-2": {
        "value": "nodejs20.x",
      },
      "eu-west-3": {
        "value": "nodejs20.x",
      },
      "il-central-1": {
        "value": "nodejs20.x",
      },
      "me-central-1": {
        "value": "nodejs20.x",
      },
      "me-south-1": {
        "value": "nodejs20.x",
      },
      "mx-central-1": {
        "value": "nodejs20.x",
      },
      "sa-east-1": {
        "value": "nodejs20.x",
      },
      "us-east-1": {
        "value": "nodejs20.x",
      },
      "us-east-2": {
        "value": "nodejs20.x",
      },
      "us-gov-east-1": {
        "value": "nodejs18.x",
      },
      "us-gov-west-1": {
        "value": "nodejs18.x",
      },
      "us-iso-east-1": {
        "value": "nodejs18.x",
      },
      "us-iso-west-1": {
        "value": "nodejs18.x",
      },
      "us-isob-east-1": {
        "value": "nodejs18.x",
      },
      "us-west-1": {
        "value": "nodejs20.x",
      },
      "us-west-2": {
        "value": "nodejs20.x",
      },
    },
  },
  "Resources": {
    "FrameworkCrossAccountRouteFunction7BE199E2": {
      "DependsOn": [
        "FrameworkCrossAccountRouteFunctionServiceRoleDefaultPolicyEFFA4FAA",
        "FrameworkCrossAccountRouteFunctionServiceRoleD3FBE736",
      ],
      "Properties": {
        "Code": {
          "S3Bucket": {
            "Fn::Sub": "cdk-hnb659fds-assets-\${AWS::AccountId}-\${AWS::Region}",
          },
          "S3Key": "REPLACED-GENERATED-NAME.zip",
        },
        "Description": "Cross account EC2 route OnEvent handler",
        "Handler": "index.handler",
        "Role": {
          "Fn::GetAtt": [
            "FrameworkCrossAccountRouteFunctionServiceRoleD3FBE736",
            "Arn",
          ],
        },
        "Runtime": "nodejs18.x",
        "Timeout": 15,
      },
      "Type": "AWS::Lambda::Function",
    },
    "FrameworkCrossAccountRouteFunctionLogGroup9B330ABE": {
      "DeletionPolicy": "Delete",
      "Properties": {
        "KmsKeyId": {
          "Fn::GetAtt": [
            "Key961B73FD",
            "Arn",
          ],
        },
        "LogGroupName": {
          "Fn::Join": [
            "",
            [
              "/aws/lambda/",
              {
                "Ref": "FrameworkCrossAccountRouteFunction7BE199E2",
              },
            ],
          ],
        },
        "RetentionInDays": 3653,
      },
      "Type": "AWS::Logs::LogGroup",
      "UpdateReplacePolicy": "Delete",
    },
    "FrameworkCrossAccountRouteFunctionServiceRoleD3FBE736": {
      "Properties": {
        "AssumeRolePolicyDocument": {
          "Statement": [
            {
              "Action": "sts:AssumeRole",
              "Effect": "Allow",
              "Principal": {
                "Service": "lambda.amazonaws.com",
              },
            },
          ],
          "Version": "2012-10-17",
        },
        "ManagedPolicyArns": [
          {
            "Fn::Join": [
              "",
              [
                "arn:",
                {
                  "Ref": "AWS::Partition",
                },
                ":iam::aws:policy/service-role/AWSLambdaBasicExecutionRole",
              ],
            ],
          },
        ],
      },
      "Type": "AWS::IAM::Role",
    },
    "FrameworkCrossAccountRouteFunctionServiceRoleDefaultPolicyEFFA4FAA": {
      "Properties": {
        "PolicyDocument": {
          "Statement": [
            {
              "Action": "sts:AssumeRole",
              "Effect": "Allow",
              "Resource": {
                "Fn::Join": [
                  "",
                  [
                    "arn:",
                    {
                      "Ref": "AWS::Partition",
                    },
                    ":iam::*:role/AWSAccelerator*",
                  ],
                ],
              },
              "Sid": "StsAssumeRole",
            },
            {
              "Action": [
                "ec2:CreateRoute",
                "ec2:DeleteRoute",
              ],
              "Effect": "Allow",
              "Resource": "*",
              "Sid": "EC2RouteCreateDelete",
            },
          ],
          "Version": "2012-10-17",
        },
        "PolicyName": "FrameworkCrossAccountRouteFunctionServiceRoleDefaultPolicyEFFA4FAA",
        "Roles": [
          {
            "Ref": "FrameworkCrossAccountRouteFunctionServiceRoleD3FBE736",
          },
        ],
      },
      "Type": "AWS::IAM::Policy",
    },
    "FrameworkCrossAccountRouteProviderframeworkonEvent1A959FA7": {
      "DependsOn": [
        "FrameworkCrossAccountRouteProviderframeworkonEventServiceRoleDefaultPolicyAF7F5043",
        "FrameworkCrossAccountRouteProviderframeworkonEventServiceRole274CC003",
      ],
      "Properties": {
        "Code": {
          "S3Bucket": {
            "Fn::Sub": "cdk-hnb659fds-assets-\${AWS::AccountId}-\${AWS::Region}",
          },
          "S3Key": "REPLACED-GENERATED-NAME.zip",
        },
        "Description": "AWS CDK resource provider framework - onEvent (Default/Framework/CrossAccountRouteProvider)",
        "Environment": {
          "Variables": {
            "USER_ON_EVENT_FUNCTION_ARN": {
              "Fn::GetAtt": [
                "FrameworkCrossAccountRouteFunction7BE199E2",
                "Arn",
              ],
            },
          },
        },
        "Handler": "framework.onEvent",
        "Role": {
          "Fn::GetAtt": [
            "FrameworkCrossAccountRouteProviderframeworkonEventServiceRole274CC003",
            "Arn",
          ],
        },
        "Runtime": {
          "Fn::FindInMap": [
            "LatestNodeRuntimeMap",
            {
              "Ref": "AWS::Region",
            },
            "value",
          ],
        },
        "Timeout": 900,
      },
      "Type": "AWS::Lambda::Function",
    },
    "FrameworkCrossAccountRouteProviderframeworkonEventServiceRole274CC003": {
      "Properties": {
        "AssumeRolePolicyDocument": {
          "Statement": [
            {
              "Action": "sts:AssumeRole",
              "Effect": "Allow",
              "Principal": {
                "Service": "lambda.amazonaws.com",
              },
            },
          ],
          "Version": "2012-10-17",
        },
        "ManagedPolicyArns": [
          {
            "Fn::Join": [
              "",
              [
                "arn:",
                {
                  "Ref": "AWS::Partition",
                },
                ":iam::aws:policy/service-role/AWSLambdaBasicExecutionRole",
              ],
            ],
          },
        ],
      },
      "Type": "AWS::IAM::Role",
    },
    "FrameworkCrossAccountRouteProviderframeworkonEventServiceRoleDefaultPolicyAF7F5043": {
      "Properties": {
        "PolicyDocument": {
          "Statement": [
            {
              "Action": "lambda:InvokeFunction",
              "Effect": "Allow",
              "Resource": [
                {
                  "Fn::GetAtt": [
                    "FrameworkCrossAccountRouteFunction7BE199E2",
                    "Arn",
                  ],
                },
                {
                  "Fn::Join": [
                    "",
                    [
                      {
                        "Fn::GetAtt": [
                          "FrameworkCrossAccountRouteFunction7BE199E2",
                          "Arn",
                        ],
                      },
                      ":*",
                    ],
                  ],
                },
              ],
            },
          ],
          "Version": "2012-10-17",
        },
        "PolicyName": "FrameworkCrossAccountRouteProviderframeworkonEventServiceRoleDefaultPolicyAF7F5043",
        "Roles": [
          {
            "Ref": "FrameworkCrossAccountRouteProviderframeworkonEventServiceRole274CC003",
          },
        ],
      },
      "Type": "AWS::IAM::Policy",
    },
    "Key961B73FD": {
      "DeletionPolicy": "Retain",
      "Properties": {
        "KeyPolicy": {
          "Statement": [
            {
              "Action": "kms:*",
              "Effect": "Allow",
              "Principal": {
                "AWS": {
                  "Fn::Join": [
                    "",
                    [
                      "arn:",
                      {
                        "Ref": "AWS::Partition",
                      },
                      ":iam::",
                      {
                        "Ref": "AWS::AccountId",
                      },
                      ":root",
                    ],
                  ],
                },
              },
              "Resource": "*",
            },
          ],
          "Version": "2012-10-17",
        },
      },
      "Type": "AWS::KMS::Key",
      "UpdateReplacePolicy": "Retain",
    },
    "ResourcePl6F481B77": {
      "DeletionPolicy": "Delete",
      "Properties": {
        "ServiceToken": {
          "Fn::GetAtt": [
            "FrameworkCrossAccountRouteProviderframeworkonEvent1A959FA7",
            "Arn",
          ],
        },
        "region": "us-east-1",
        "roleArn": "arn:aws:iam::TestAccount:role/TestRole",
        "routeDefinition": {
          "DestinationPrefixListId": "pl-test",
          "RouteTableId": "rtb-test123",
          "VpcPeeringConnectionId": "pcx-test123",
        },
      },
      "Type": "Custom::CrossAccountRoute",
      "UpdateReplacePolicy": "Delete",
    },
    "Resourcev4C9A541C2": {
      "DeletionPolicy": "Delete",
      "Properties": {
        "ServiceToken": {
          "Fn::GetAtt": [
            "FrameworkCrossAccountRouteProviderframeworkonEvent1A959FA7",
            "Arn",
          ],
        },
        "region": "us-east-1",
        "roleArn": "arn:aws:iam::TestAccount:role/TestRole",
        "routeDefinition": {
          "DestinationCidrBlock": "10.0.0.0/16",
          "RouteTableId": "rtb-test123",
          "VpcPeeringConnectionId": "pcx-test123",
        },
      },
      "Type": "Custom::CrossAccountRoute",
      "UpdateReplacePolicy": "Delete",
    },
    "Resourcev6A6F941A4": {
      "DeletionPolicy": "Delete",
      "Properties": {
        "ServiceToken": {
          "Fn::GetAtt": [
            "FrameworkCrossAccountRouteProviderframeworkonEvent1A959FA7",
            "Arn",
          ],
        },
        "region": "us-east-1",
        "roleArn": "arn:aws:iam::TestAccount:role/TestRole",
        "routeDefinition": {
          "DestinationIpv6CidrBlock": "::/0",
          "RouteTableId": "rtb-test123",
          "VpcPeeringConnectionId": "pcx-test123",
        },
      },
      "Type": "Custom::CrossAccountRoute",
      "UpdateReplacePolicy": "Delete",
    },
  },
}
`;
