// Jest Snapshot v1, https://goo.gl/fbAQLP

exports[`DhcpOptions Construct(DhcpOptions):  Snapshot Test 1`] = `
{
  "Resources": {
    "TestDhcpOpts22CADF8A": {
      "Properties": {
        "DomainName": "test.com",
        "DomainNameServers": [
          "1.1.1.1",
        ],
        "NetbiosNameServers": [
          "1.1.1.1",
        ],
        "NetbiosNodeType": 2,
        "NtpServers": [
          "1.1.1.1",
        ],
        "Tags": [
          {
            "Key": "Name",
            "Value": "Test",
          },
        ],
      },
      "Type": "AWS::EC2::DHCPOptions",
    },
  },
}
`;
