// Jest Snapshot v1, https://goo.gl/fbAQLP

exports[`SubnetIdLookup Construct(SubnetIdLookup):  Snapshot Test 1`] = `
{
  "Mappings": {
    "LatestNodeRuntimeMap": {
      "af-south-1": {
        "value": "nodejs20.x",
      },
      "ap-east-1": {
        "value": "nodejs20.x",
      },
      "ap-northeast-1": {
        "value": "nodejs20.x",
      },
      "ap-northeast-2": {
        "value": "nodejs20.x",
      },
      "ap-northeast-3": {
        "value": "nodejs20.x",
      },
      "ap-south-1": {
        "value": "nodejs20.x",
      },
      "ap-south-2": {
        "value": "nodejs20.x",
      },
      "ap-southeast-1": {
        "value": "nodejs20.x",
      },
      "ap-southeast-2": {
        "value": "nodejs20.x",
      },
      "ap-southeast-3": {
        "value": "nodejs20.x",
      },
      "ap-southeast-4": {
        "value": "nodejs20.x",
      },
      "ap-southeast-5": {
        "value": "nodejs20.x",
      },
      "ap-southeast-7": {
        "value": "nodejs20.x",
      },
      "ca-central-1": {
        "value": "nodejs20.x",
      },
      "ca-west-1": {
        "value": "nodejs20.x",
      },
      "cn-north-1": {
        "value": "nodejs18.x",
      },
      "cn-northwest-1": {
        "value": "nodejs18.x",
      },
      "eu-central-1": {
        "value": "nodejs20.x",
      },
      "eu-central-2": {
        "value": "nodejs20.x",
      },
      "eu-isoe-west-1": {
        "value": "nodejs18.x",
      },
      "eu-north-1": {
        "value": "nodejs20.x",
      },
      "eu-south-1": {
        "value": "nodejs20.x",
      },
      "eu-south-2": {
        "value": "nodejs20.x",
      },
      "eu-west-1": {
        "value": "nodejs20.x",
      },
      "eu-west-2": {
        "value": "nodejs20.x",
      },
      "eu-west-3": {
        "value": "nodejs20.x",
      },
      "il-central-1": {
        "value": "nodejs20.x",
      },
      "me-central-1": {
        "value": "nodejs20.x",
      },
      "me-south-1": {
        "value": "nodejs20.x",
      },
      "mx-central-1": {
        "value": "nodejs20.x",
      },
      "sa-east-1": {
        "value": "nodejs20.x",
      },
      "us-east-1": {
        "value": "nodejs20.x",
      },
      "us-east-2": {
        "value": "nodejs20.x",
      },
      "us-gov-east-1": {
        "value": "nodejs18.x",
      },
      "us-gov-west-1": {
        "value": "nodejs18.x",
      },
      "us-iso-east-1": {
        "value": "nodejs18.x",
      },
      "us-iso-west-1": {
        "value": "nodejs18.x",
      },
      "us-isob-east-1": {
        "value": "nodejs18.x",
      },
      "us-west-1": {
        "value": "nodejs20.x",
      },
      "us-west-2": {
        "value": "nodejs20.x",
      },
    },
  },
  "Resources": {
    "CWKeyF87F989A": {
      "DeletionPolicy": "Retain",
      "Properties": {
        "KeyPolicy": {
          "Statement": [
            {
              "Action": "kms:*",
              "Effect": "Allow",
              "Principal": {
                "AWS": {
                  "Fn::Join": [
                    "",
                    [
                      "arn:",
                      {
                        "Ref": "AWS::Partition",
                      },
                      ":iam::",
                      {
                        "Ref": "AWS::AccountId",
                      },
                      ":root",
                    ],
                  ],
                },
              },
              "Resource": "*",
            },
          ],
          "Version": "2012-10-17",
        },
      },
      "Type": "AWS::KMS::Key",
      "UpdateReplacePolicy": "Retain",
    },
    "LambdaKey984A39D9": {
      "DeletionPolicy": "Retain",
      "Properties": {
        "KeyPolicy": {
          "Statement": [
            {
              "Action": "kms:*",
              "Effect": "Allow",
              "Principal": {
                "AWS": {
                  "Fn::Join": [
                    "",
                    [
                      "arn:",
                      {
                        "Ref": "AWS::Partition",
                      },
                      ":iam::",
                      {
                        "Ref": "AWS::AccountId",
                      },
                      ":root",
                    ],
                  ],
                },
              },
              "Resource": "*",
            },
          ],
          "Version": "2012-10-17",
        },
      },
      "Type": "AWS::KMS::Key",
      "UpdateReplacePolicy": "Retain",
    },
    "SubnetIdLookup5A070671": {
      "DeletionPolicy": "Delete",
      "DependsOn": [
        "SubnetIdLookupSubnetIdLookupFunctionLogGroup2C86E34D",
      ],
      "Properties": {
        "ServiceToken": {
          "Fn::GetAtt": [
            "SubnetIdLookupSubnetIdLookupProviderframeworkonEvent54521939",
            "Arn",
          ],
        },
        "subnetName": "TestSubnet",
        "vpcId": "vpce-00000000",
      },
      "Type": "Custom::SubnetIdLookup",
      "UpdateReplacePolicy": "Delete",
    },
    "SubnetIdLookupSubnetIdLookupFunction2C56B17D": {
      "DependsOn": [
        "SubnetIdLookupSubnetIdLookupFunctionServiceRoleDefaultPolicy20F5ACD5",
        "SubnetIdLookupSubnetIdLookupFunctionServiceRoleD56D09B3",
      ],
      "Properties": {
        "Code": {
          "S3Bucket": {
            "Fn::Sub": "cdk-hnb659fds-assets-\${AWS::AccountId}-\${AWS::Region}",
          },
          "S3Key": "REPLACED-GENERATED-NAME.zip",
        },
        "Description": "Lookup subnet id from account",
        "Handler": "index.handler",
        "KmsKeyArn": {
          "Fn::GetAtt": [
            "LambdaKey984A39D9",
            "Arn",
          ],
        },
        "Role": {
          "Fn::GetAtt": [
            "SubnetIdLookupSubnetIdLookupFunctionServiceRoleD56D09B3",
            "Arn",
          ],
        },
        "Runtime": "nodejs18.x",
        "Timeout": 900,
      },
      "Type": "AWS::Lambda::Function",
    },
    "SubnetIdLookupSubnetIdLookupFunctionLogGroup2C86E34D": {
      "DeletionPolicy": "Retain",
      "Properties": {
        "KmsKeyId": {
          "Fn::GetAtt": [
            "CWKeyF87F989A",
            "Arn",
          ],
        },
        "LogGroupName": {
          "Fn::Join": [
            "",
            [
              "/aws/lambda/",
              {
                "Ref": "SubnetIdLookupSubnetIdLookupFunction2C56B17D",
              },
            ],
          ],
        },
        "RetentionInDays": 3653,
      },
      "Type": "AWS::Logs::LogGroup",
      "UpdateReplacePolicy": "Retain",
    },
    "SubnetIdLookupSubnetIdLookupFunctionServiceRoleD56D09B3": {
      "Properties": {
        "AssumeRolePolicyDocument": {
          "Statement": [
            {
              "Action": "sts:AssumeRole",
              "Effect": "Allow",
              "Principal": {
                "Service": "lambda.amazonaws.com",
              },
            },
          ],
          "Version": "2012-10-17",
        },
        "ManagedPolicyArns": [
          {
            "Fn::Join": [
              "",
              [
                "arn:",
                {
                  "Ref": "AWS::Partition",
                },
                ":iam::aws:policy/service-role/AWSLambdaBasicExecutionRole",
              ],
            ],
          },
        ],
      },
      "Type": "AWS::IAM::Role",
    },
    "SubnetIdLookupSubnetIdLookupFunctionServiceRoleDefaultPolicy20F5ACD5": {
      "Properties": {
        "PolicyDocument": {
          "Statement": [
            {
              "Action": "ec2:DescribeSubnets",
              "Effect": "Allow",
              "Resource": "*",
              "Sid": "Ec2Actions",
            },
          ],
          "Version": "2012-10-17",
        },
        "PolicyName": "SubnetIdLookupSubnetIdLookupFunctionServiceRoleDefaultPolicy20F5ACD5",
        "Roles": [
          {
            "Ref": "SubnetIdLookupSubnetIdLookupFunctionServiceRoleD56D09B3",
          },
        ],
      },
      "Type": "AWS::IAM::Policy",
    },
    "SubnetIdLookupSubnetIdLookupProviderframeworkonEvent54521939": {
      "DependsOn": [
        "SubnetIdLookupSubnetIdLookupProviderframeworkonEventServiceRoleDefaultPolicy5FAE987E",
        "SubnetIdLookupSubnetIdLookupProviderframeworkonEventServiceRoleC2619D79",
      ],
      "Properties": {
        "Code": {
          "S3Bucket": {
            "Fn::Sub": "cdk-hnb659fds-assets-\${AWS::AccountId}-\${AWS::Region}",
          },
          "S3Key": "REPLACED-GENERATED-NAME.zip",
        },
        "Description": "AWS CDK resource provider framework - onEvent (Default/SubnetIdLookup/SubnetIdLookupProvider)",
        "Environment": {
          "Variables": {
            "USER_ON_EVENT_FUNCTION_ARN": {
              "Fn::GetAtt": [
                "SubnetIdLookupSubnetIdLookupFunction2C56B17D",
                "Arn",
              ],
            },
          },
        },
        "Handler": "framework.onEvent",
        "Role": {
          "Fn::GetAtt": [
            "SubnetIdLookupSubnetIdLookupProviderframeworkonEventServiceRoleC2619D79",
            "Arn",
          ],
        },
        "Runtime": {
          "Fn::FindInMap": [
            "LatestNodeRuntimeMap",
            {
              "Ref": "AWS::Region",
            },
            "value",
          ],
        },
        "Timeout": 900,
      },
      "Type": "AWS::Lambda::Function",
    },
    "SubnetIdLookupSubnetIdLookupProviderframeworkonEventServiceRoleC2619D79": {
      "Properties": {
        "AssumeRolePolicyDocument": {
          "Statement": [
            {
              "Action": "sts:AssumeRole",
              "Effect": "Allow",
              "Principal": {
                "Service": "lambda.amazonaws.com",
              },
            },
          ],
          "Version": "2012-10-17",
        },
        "ManagedPolicyArns": [
          {
            "Fn::Join": [
              "",
              [
                "arn:",
                {
                  "Ref": "AWS::Partition",
                },
                ":iam::aws:policy/service-role/AWSLambdaBasicExecutionRole",
              ],
            ],
          },
        ],
      },
      "Type": "AWS::IAM::Role",
    },
    "SubnetIdLookupSubnetIdLookupProviderframeworkonEventServiceRoleDefaultPolicy5FAE987E": {
      "Properties": {
        "PolicyDocument": {
          "Statement": [
            {
              "Action": "lambda:InvokeFunction",
              "Effect": "Allow",
              "Resource": [
                {
                  "Fn::GetAtt": [
                    "SubnetIdLookupSubnetIdLookupFunction2C56B17D",
                    "Arn",
                  ],
                },
                {
                  "Fn::Join": [
                    "",
                    [
                      {
                        "Fn::GetAtt": [
                          "SubnetIdLookupSubnetIdLookupFunction2C56B17D",
                          "Arn",
                        ],
                      },
                      ":*",
                    ],
                  ],
                },
              ],
            },
          ],
          "Version": "2012-10-17",
        },
        "PolicyName": "SubnetIdLookupSubnetIdLookupProviderframeworkonEventServiceRoleDefaultPolicy5FAE987E",
        "Roles": [
          {
            "Ref": "SubnetIdLookupSubnetIdLookupProviderframeworkonEventServiceRoleC2619D79",
          },
        ],
      },
      "Type": "AWS::IAM::Policy",
    },
  },
}
`;
