// Jest Snapshot v1, https://goo.gl/fbAQLP

exports[`TransitGatewayRouteTable Construct(TransitGatewayRouteTable):  Snapshot Test 1`] = `
{
  "Resources": {
    "TransitGatewayRouteTableCoreTransitGatewayRouteTableD6BC94E0": {
      "Properties": {
        "Tags": [
          {
            "Key": "Name",
            "Value": "core",
          },
          {
            "Key": "Test-Key",
            "Value": "Test-Value",
          },
        ],
        "TransitGatewayId": "tgw0001",
      },
      "Type": "AWS::EC2::TransitGatewayRouteTable",
    },
  },
}
`;
