// Jest Snapshot v1, https://goo.gl/fbAQLP

exports[`TransitGatewayPrefixListReference Construct(TransitGatewayPrefixListReference):  Snapshot Test 1`] = `
{
  "Resources": {
    "CustomTransitGatewayPrefixListReferenceCustomResourceProviderHandler9BAD63E3": {
      "DependsOn": [
        "CustomTransitGatewayPrefixListReferenceCustomResourceProviderRoleC5D4C080",
      ],
      "Properties": {
        "Code": {
          "S3Bucket": {
            "Fn::Sub": "cdk-hnb659fds-assets-\${AWS::AccountId}-\${AWS::Region}",
          },
          "S3Key": "REPLACED-GENERATED-NAME.zip",
        },
        "Handler": "__entrypoint__.handler",
        "MemorySize": 128,
        "Role": {
          "Fn::GetAtt": [
            "CustomTransitGatewayPrefixListReferenceCustomResourceProviderRoleC5D4C080",
            "Arn",
          ],
        },
        "Runtime": "nodejs18.x",
        "Timeout": 900,
      },
      "Type": "AWS::Lambda::Function",
    },
    "CustomTransitGatewayPrefixListReferenceCustomResourceProviderLogGroupBC9F3669": {
      "DeletionPolicy": "Delete",
      "Properties": {
        "KmsKeyId": {
          "Fn::GetAtt": [
            "TestKms67078DF1",
            "Arn",
          ],
        },
        "LogGroupName": {
          "Fn::Join": [
            "",
            [
              "/aws/lambda/",
              {
                "Ref": "CustomTransitGatewayPrefixListReferenceCustomResourceProviderHandler9BAD63E3",
              },
            ],
          ],
        },
        "RetentionInDays": 3653,
      },
      "Type": "AWS::Logs::LogGroup",
      "UpdateReplacePolicy": "Delete",
    },
    "CustomTransitGatewayPrefixListReferenceCustomResourceProviderRoleC5D4C080": {
      "Properties": {
        "AssumeRolePolicyDocument": {
          "Statement": [
            {
              "Action": "sts:AssumeRole",
              "Effect": "Allow",
              "Principal": {
                "Service": "lambda.amazonaws.com",
              },
            },
          ],
          "Version": "2012-10-17",
        },
        "ManagedPolicyArns": [
          {
            "Fn::Sub": "arn:\${AWS::Partition}:iam::aws:policy/service-role/AWSLambdaBasicExecutionRole",
          },
        ],
        "Policies": [
          {
            "PolicyDocument": {
              "Statement": [
                {
                  "Action": [
                    "ec2:CreateTransitGatewayPrefixListReference",
                    "ec2:ModifyTransitGatewayPrefixListReference",
                    "ec2:DeleteTransitGatewayPrefixListReference",
                  ],
                  "Effect": "Allow",
                  "Resource": "*",
                  "Sid": "AllowModifyTgwReferences",
                },
              ],
              "Version": "2012-10-17",
            },
            "PolicyName": "Inline",
          },
        ],
      },
      "Type": "AWS::IAM::Role",
    },
    "TestKms67078DF1": {
      "DeletionPolicy": "Retain",
      "Properties": {
        "KeyPolicy": {
          "Statement": [
            {
              "Action": "kms:*",
              "Effect": "Allow",
              "Principal": {
                "AWS": {
                  "Fn::Join": [
                    "",
                    [
                      "arn:",
                      {
                        "Ref": "AWS::Partition",
                      },
                      ":iam::",
                      {
                        "Ref": "AWS::AccountId",
                      },
                      ":root",
                    ],
                  ],
                },
              },
              "Resource": "*",
            },
          ],
          "Version": "2012-10-17",
        },
      },
      "Type": "AWS::KMS::Key",
      "UpdateReplacePolicy": "Retain",
    },
    "TestTransitGatewayPrefixListReference11CAF048": {
      "DeletionPolicy": "Delete",
      "DependsOn": [
        "CustomTransitGatewayPrefixListReferenceCustomResourceProviderLogGroupBC9F3669",
      ],
      "Properties": {
        "ServiceToken": {
          "Fn::GetAtt": [
            "CustomTransitGatewayPrefixListReferenceCustomResourceProviderHandler9BAD63E3",
            "Arn",
          ],
        },
        "prefixListReference": {
          "PrefixListId": "pl-test",
          "TransitGatewayAttachmentId": "tgw-attach-test",
          "TransitGatewayRouteTableId": "Test",
        },
      },
      "Type": "Custom::TransitGatewayPrefixListReference",
      "UpdateReplacePolicy": "Delete",
    },
  },
}
`;
