// Jest Snapshot v1, https://goo.gl/fbAQLP

exports[`VpcEndpoint Construct(VpcEndpoint):  Snapshot Test 1`] = `
{
  "Resources": {
    "TestSecurityGroupDA4B5F83": {
      "Properties": {
        "GroupDescription": "AWS Private Endpoint Zone",
        "GroupName": "TestSecurityGroup",
        "Tags": [
          {
            "Key": "Name",
            "Value": "TestSecurityGroup",
          },
        ],
        "VpcId": "Test",
      },
      "Type": "AWS::EC2::SecurityGroup",
    },
    "VpcEndpoint80208C18": {
      "Properties": {
        "PolicyDocument": {
          "Statement": [
            {
              "Action": "*",
              "Condition": {
                "StringEquals": {
                  "aws:PrincipalOrgID": [
                    "organizationId",
                  ],
                },
              },
              "Effect": "Allow",
              "Principal": {
                "AWS": "*",
              },
              "Resource": "*",
              "Sid": "AccessToTrustedPrincipalsAndResources",
            },
          ],
          "Version": "2012-10-17",
        },
        "RouteTableIds": [
          "Test1",
          "Test2",
        ],
        "ServiceName": {
          "Fn::Join": [
            "",
            [
              "com.amazonaws.",
              {
                "Ref": "AWS::Region",
              },
              ".service",
            ],
          ],
        },
        "VpcId": "Test",
      },
      "Type": "AWS::EC2::VPCEndpoint",
    },
    "VpcEndpointInterfaceEc21C025642": {
      "Properties": {
        "PolicyDocument": {
          "Statement": [
            {
              "Action": "*",
              "Condition": {
                "StringEquals": {
                  "aws:PrincipalOrgID": [
                    "organizationId",
                  ],
                },
              },
              "Effect": "Allow",
              "Principal": {
                "AWS": "*",
              },
              "Resource": "*",
              "Sid": "AccessToTrustedPrincipalsAndResources",
            },
          ],
          "Version": "2012-10-17",
        },
        "PrivateDnsEnabled": true,
        "SecurityGroupIds": [
          {
            "Ref": "TestSecurityGroupDA4B5F83",
          },
        ],
        "ServiceName": "ec2",
        "SubnetIds": [
          "Test1",
          "Test2",
        ],
        "VpcEndpointType": "Interface",
        "VpcId": "Test",
      },
      "Type": "AWS::EC2::VPCEndpoint",
    },
    "VpcEndpointInterfaceGwlb3F654CE2": {
      "Properties": {
        "ServiceName": {
          "Fn::Join": [
            "",
            [
              "com.amazonaws.vpce.",
              {
                "Ref": "AWS::Region",
              },
              ".ec2",
            ],
          ],
        },
        "SubnetIds": [
          "Test1",
          "Test2",
        ],
        "VpcEndpointType": "GatewayLoadBalancer",
        "VpcId": "Test",
      },
      "Type": "AWS::EC2::VPCEndpoint",
    },
    "VpcEndpointInterfaceS343EF5B95": {
      "Properties": {
        "PolicyDocument": {
          "Statement": [
            {
              "Action": "*",
              "Condition": {
                "StringEquals": {
                  "aws:PrincipalOrgID": [
                    "organizationId",
                  ],
                },
              },
              "Effect": "Allow",
              "Principal": {
                "AWS": "*",
              },
              "Resource": "*",
              "Sid": "AccessToTrustedPrincipalsAndResources",
            },
          ],
          "Version": "2012-10-17",
        },
        "PrivateDnsEnabled": true,
        "SecurityGroupIds": [
          {
            "Ref": "TestSecurityGroupDA4B5F83",
          },
        ],
        "ServiceName": "com.amazonaws.s3-global.accesspoint",
        "SubnetIds": [
          "Test1",
          "Test2",
        ],
        "VpcEndpointType": "Interface",
        "VpcId": "Test",
      },
      "Type": "AWS::EC2::VPCEndpoint",
    },
    "VpcEndpointInterfaceSagemaker70CE2242": {
      "Properties": {
        "PolicyDocument": {
          "Statement": [
            {
              "Action": "*",
              "Condition": {
                "StringEquals": {
                  "aws:PrincipalOrgID": [
                    "organizationId",
                  ],
                },
              },
              "Effect": "Allow",
              "Principal": {
                "AWS": "*",
              },
              "Resource": "*",
              "Sid": "AccessToTrustedPrincipalsAndResources",
            },
          ],
          "Version": "2012-10-17",
        },
        "PrivateDnsEnabled": true,
        "SecurityGroupIds": [
          {
            "Ref": "TestSecurityGroupDA4B5F83",
          },
        ],
        "ServiceName": {
          "Fn::Join": [
            "",
            [
              "aws.sagemaker.",
              {
                "Ref": "AWS::Region",
              },
              ".notebook",
            ],
          ],
        },
        "SubnetIds": [
          "Test1",
          "Test2",
        ],
        "VpcEndpointType": "Interface",
        "VpcId": "Test",
      },
      "Type": "AWS::EC2::VPCEndpoint",
    },
    "VpcEndpointid71FBEB7E": {
      "Properties": {
        "DestinationCidrBlock": "10.100.0.0/16",
        "RouteTableId": "routeTableId",
        "VpcEndpointId": {
          "Ref": "VpcEndpoint80208C18",
        },
      },
      "Type": "AWS::EC2::Route",
    },
  },
}
`;
