// Jest Snapshot v1, https://goo.gl/fbAQLP

exports[`GuardDutyPublishingDestination Construct(GuardDutyPublishingDestination):  Snapshot Test 1`] = `
{
  "Resources": {
    "CustomGuardDutyCreatePublishingDestinationCommandCustomResourceProviderHandlerB3AE4CE8": {
      "DependsOn": [
        "CustomGuardDutyCreatePublishingDestinationCommandCustomResourceProviderRoleD01DD26B",
      ],
      "Properties": {
        "Code": {
          "S3Bucket": {
            "Fn::Sub": "cdk-hnb659fds-assets-\${AWS::AccountId}-\${AWS::Region}",
          },
          "S3Key": "REPLACED-GENERATED-NAME.zip",
        },
        "Handler": "__entrypoint__.handler",
        "MemorySize": 128,
        "Role": {
          "Fn::GetAtt": [
            "CustomGuardDutyCreatePublishingDestinationCommandCustomResourceProviderRoleD01DD26B",
            "Arn",
          ],
        },
        "Runtime": "nodejs18.x",
        "Timeout": 900,
      },
      "Type": "AWS::Lambda::Function",
    },
    "CustomGuardDutyCreatePublishingDestinationCommandCustomResourceProviderLogGroup118A06DB": {
      "DeletionPolicy": "Delete",
      "Properties": {
        "KmsKeyId": {
          "Fn::GetAtt": [
            "LogKeyE83D0C1B",
            "Arn",
          ],
        },
        "LogGroupName": {
          "Fn::Join": [
            "",
            [
              "/aws/lambda/",
              {
                "Ref": "CustomGuardDutyCreatePublishingDestinationCommandCustomResourceProviderHandlerB3AE4CE8",
              },
            ],
          ],
        },
        "RetentionInDays": 3653,
      },
      "Type": "AWS::Logs::LogGroup",
      "UpdateReplacePolicy": "Delete",
    },
    "CustomGuardDutyCreatePublishingDestinationCommandCustomResourceProviderRoleD01DD26B": {
      "Properties": {
        "AssumeRolePolicyDocument": {
          "Statement": [
            {
              "Action": "sts:AssumeRole",
              "Effect": "Allow",
              "Principal": {
                "Service": "lambda.amazonaws.com",
              },
            },
          ],
          "Version": "2012-10-17",
        },
        "ManagedPolicyArns": [
          {
            "Fn::Sub": "arn:\${AWS::Partition}:iam::aws:policy/service-role/AWSLambdaBasicExecutionRole",
          },
        ],
        "Policies": [
          {
            "PolicyDocument": {
              "Statement": [
                {
                  "Action": [
                    "guardDuty:CreateDetector",
                    "guardDuty:CreatePublishingDestination",
                    "guardDuty:DeletePublishingDestination",
                    "guardDuty:UpdatePublishingDestination",
                    "guardDuty:ListDetectors",
                    "guardDuty:ListPublishingDestinations",
                    "guardduty:DescribePublishingDestination",
                    "iam:CreateServiceLinkedRole",
                  ],
                  "Effect": "Allow",
                  "Resource": "*",
                  "Sid": "GuardDutyCreatePublishingDestinationCommandTaskGuardDutyActions",
                },
                {
                  "Action": [
                    "s3:ListBucket",
                    "s3:GetObject",
                  ],
                  "Effect": "Allow",
                  "Resource": [
                    {
                      "Fn::Join": [
                        "",
                        [
                          "arn:",
                          {
                            "Ref": "AWS::Partition",
                          },
                          ":s3:::aws-accelerator-guardduty-",
                          {
                            "Ref": "AWS::AccountId",
                          },
                          "-",
                          {
                            "Ref": "AWS::Region",
                          },
                        ],
                      ],
                    },
                    {
                      "Fn::Join": [
                        "",
                        [
                          "arn:",
                          {
                            "Ref": "AWS::Partition",
                          },
                          ":s3:::aws-accelerator-guardduty-",
                          {
                            "Ref": "AWS::AccountId",
                          },
                          "-",
                          {
                            "Ref": "AWS::Region",
                          },
                          "/*",
                        ],
                      ],
                    },
                  ],
                  "Sid": "GuardDutyCreateBucketPrefix",
                },
              ],
              "Version": "2012-10-17",
            },
            "PolicyName": "Inline",
          },
        ],
      },
      "Type": "AWS::IAM::Role",
    },
    "DestinationKeyEE1EE37E": {
      "DeletionPolicy": "Retain",
      "Properties": {
        "KeyPolicy": {
          "Statement": [
            {
              "Action": "kms:*",
              "Effect": "Allow",
              "Principal": {
                "AWS": {
                  "Fn::Join": [
                    "",
                    [
                      "arn:",
                      {
                        "Ref": "AWS::Partition",
                      },
                      ":iam::",
                      {
                        "Ref": "AWS::AccountId",
                      },
                      ":root",
                    ],
                  ],
                },
              },
              "Resource": "*",
            },
          ],
          "Version": "2012-10-17",
        },
      },
      "Type": "AWS::KMS::Key",
      "UpdateReplacePolicy": "Retain",
    },
    "GuardDutyPublishingDestination52AE4412": {
      "DeletionPolicy": "Delete",
      "DependsOn": [
        "CustomGuardDutyCreatePublishingDestinationCommandCustomResourceProviderLogGroup118A06DB",
      ],
      "Properties": {
        "ServiceToken": {
          "Fn::GetAtt": [
            "CustomGuardDutyCreatePublishingDestinationCommandCustomResourceProviderHandlerB3AE4CE8",
            "Arn",
          ],
        },
        "destinationArn": {
          "Fn::Join": [
            "",
            [
              "arn:",
              {
                "Ref": "AWS::Partition",
              },
              ":s3:::aws-accelerator-guardduty-",
              {
                "Ref": "AWS::AccountId",
              },
              "-",
              {
                "Ref": "AWS::Region",
              },
            ],
          ],
        },
        "exportDestinationOverride": true,
        "exportDestinationType": "S3",
        "kmsKeyArn": {
          "Fn::GetAtt": [
            "DestinationKeyEE1EE37E",
            "Arn",
          ],
        },
      },
      "Type": "Custom::GuardDutyCreatePublishingDestinationCommand",
      "UpdateReplacePolicy": "Delete",
    },
    "LogKeyE83D0C1B": {
      "DeletionPolicy": "Retain",
      "Properties": {
        "KeyPolicy": {
          "Statement": [
            {
              "Action": "kms:*",
              "Effect": "Allow",
              "Principal": {
                "AWS": {
                  "Fn::Join": [
                    "",
                    [
                      "arn:",
                      {
                        "Ref": "AWS::Partition",
                      },
                      ":iam::",
                      {
                        "Ref": "AWS::AccountId",
                      },
                      ":root",
                    ],
                  ],
                },
              },
              "Resource": "*",
            },
          ],
          "Version": "2012-10-17",
        },
      },
      "Type": "AWS::KMS::Key",
      "UpdateReplacePolicy": "Retain",
    },
  },
}
`;
