// Jest Snapshot v1, https://goo.gl/fbAQLP

exports[`GuardDutyMembers Construct(GuardDutyMembers):  Snapshot Test 1`] = `
{
  "Resources": {
    "CustomGuardDutyCreateMembersCustomResourceProviderHandler0A16C673": {
      "DependsOn": [
        "CustomGuardDutyCreateMembersCustomResourceProviderRole2D82020E",
      ],
      "Properties": {
        "Code": {
          "S3Bucket": {
            "Fn::Sub": "cdk-hnb659fds-assets-\${AWS::AccountId}-\${AWS::Region}",
          },
          "S3Key": "REPLACED-GENERATED-NAME.zip",
        },
        "Handler": "__entrypoint__.handler",
        "MemorySize": 128,
        "Role": {
          "Fn::GetAtt": [
            "CustomGuardDutyCreateMembersCustomResourceProviderRole2D82020E",
            "Arn",
          ],
        },
        "Runtime": "nodejs18.x",
        "Timeout": 900,
      },
      "Type": "AWS::Lambda::Function",
    },
    "CustomGuardDutyCreateMembersCustomResourceProviderLogGroupB5134860": {
      "DeletionPolicy": "Delete",
      "Properties": {
        "KmsKeyId": {
          "Fn::GetAtt": [
            "CustomKey1E6D0D07",
            "Arn",
          ],
        },
        "LogGroupName": {
          "Fn::Join": [
            "",
            [
              "/aws/lambda/",
              {
                "Ref": "CustomGuardDutyCreateMembersCustomResourceProviderHandler0A16C673",
              },
            ],
          ],
        },
        "RetentionInDays": 3653,
      },
      "Type": "AWS::Logs::LogGroup",
      "UpdateReplacePolicy": "Delete",
    },
    "CustomGuardDutyCreateMembersCustomResourceProviderRole2D82020E": {
      "Properties": {
        "AssumeRolePolicyDocument": {
          "Statement": [
            {
              "Action": "sts:AssumeRole",
              "Effect": "Allow",
              "Principal": {
                "Service": "lambda.amazonaws.com",
              },
            },
          ],
          "Version": "2012-10-17",
        },
        "ManagedPolicyArns": [
          {
            "Fn::Sub": "arn:\${AWS::Partition}:iam::aws:policy/service-role/AWSLambdaBasicExecutionRole",
          },
        ],
        "Policies": [
          {
            "PolicyDocument": {
              "Statement": [
                {
                  "Action": [
                    "organizations:ListAccounts",
                  ],
                  "Condition": {
                    "StringLikeIfExists": {
                      "organizations:ListAccounts": [
                        "guardduty.amazonaws.com",
                      ],
                    },
                  },
                  "Effect": "Allow",
                  "Resource": "*",
                  "Sid": "GuardDutyCreateMembersTaskOrganizationAction",
                },
                {
                  "Action": [
                    "guardDuty:ListDetectors",
                    "guardDuty:ListOrganizationAdminAccounts",
                    "guardDuty:UpdateOrganizationConfiguration",
                    "guardduty:CreateMembers",
                    "guardduty:DeleteMembers",
                    "guardduty:DisassociateMembers",
                    "guardduty:ListDetectors",
                    "guardduty:ListMembers",
                  ],
                  "Effect": "Allow",
                  "Resource": "*",
                  "Sid": "GuardDutyCreateMembersTaskGuardDutyActions",
                },
                {
                  "Action": [
                    "iam:CreateServiceLinkedRole",
                  ],
                  "Effect": "Allow",
                  "Resource": "*",
                  "Sid": "ServiceLinkedRoleSecurityHub",
                },
              ],
              "Version": "2012-10-17",
            },
            "PolicyName": "Inline",
          },
        ],
      },
      "Type": "AWS::IAM::Role",
    },
    "CustomKey1E6D0D07": {
      "DeletionPolicy": "Retain",
      "Properties": {
        "KeyPolicy": {
          "Statement": [
            {
              "Action": "kms:*",
              "Effect": "Allow",
              "Principal": {
                "AWS": {
                  "Fn::Join": [
                    "",
                    [
                      "arn:",
                      {
                        "Ref": "AWS::Partition",
                      },
                      ":iam::",
                      {
                        "Ref": "AWS::AccountId",
                      },
                      ":root",
                    ],
                  ],
                },
              },
              "Resource": "*",
            },
          ],
          "Version": "2012-10-17",
        },
      },
      "Type": "AWS::KMS::Key",
      "UpdateReplacePolicy": "Retain",
    },
    "GuardDutyMembersD34CA003": {
      "DeletionPolicy": "Delete",
      "DependsOn": [
        "CustomGuardDutyCreateMembersCustomResourceProviderLogGroupB5134860",
      ],
      "Properties": {
        "ServiceToken": {
          "Fn::GetAtt": [
            "CustomGuardDutyCreateMembersCustomResourceProviderHandler0A16C673",
            "Arn",
          ],
        },
        "autoEnableOrgMembers": true,
        "enableEksProtection": true,
        "enableS3Protection": true,
        "guardDutyMemberAccountIds": [],
        "partition": {
          "Ref": "AWS::Partition",
        },
        "region": {
          "Ref": "AWS::Region",
        },
      },
      "Type": "Custom::GuardDutyCreateMembers",
      "UpdateReplacePolicy": "Delete",
    },
  },
}
`;
