// Jest Snapshot v1, https://goo.gl/fbAQLP

exports[`ShareSubnetTags Construct(ShareSubnetTest):  Snapshot Test 1`] = `
{
  "Resources": {
    "CustomKey1E6D0D07": {
      "DeletionPolicy": "Retain",
      "Properties": {
        "KeyPolicy": {
          "Statement": [
            {
              "Action": "kms:*",
              "Effect": "Allow",
              "Principal": {
                "AWS": {
                  "Fn::Join": [
                    "",
                    [
                      "arn:",
                      {
                        "Ref": "AWS::Partition",
                      },
                      ":iam::",
                      {
                        "Ref": "AWS::AccountId",
                      },
                      ":root",
                    ],
                  ],
                },
              },
              "Resource": "*",
            },
          ],
          "Version": "2012-10-17",
        },
      },
      "Type": "AWS::KMS::Key",
      "UpdateReplacePolicy": "Retain",
    },
    "CustomShareSubnetTagsCustomResourceProviderHandler4A04C5EC": {
      "DependsOn": [
        "CustomShareSubnetTagsCustomResourceProviderRole2582495C",
      ],
      "Properties": {
        "Code": {
          "S3Bucket": {
            "Fn::Sub": "cdk-hnb659fds-assets-\${AWS::AccountId}-\${AWS::Region}",
          },
          "S3Key": "REPLACED-GENERATED-NAME.zip",
        },
        "Handler": "__entrypoint__.handler",
        "MemorySize": 128,
        "Role": {
          "Fn::GetAtt": [
            "CustomShareSubnetTagsCustomResourceProviderRole2582495C",
            "Arn",
          ],
        },
        "Runtime": "nodejs18.x",
        "Timeout": 900,
      },
      "Type": "AWS::Lambda::Function",
    },
    "CustomShareSubnetTagsCustomResourceProviderLogGroupA1F3F80A": {
      "DeletionPolicy": "Delete",
      "Properties": {
        "KmsKeyId": {
          "Fn::GetAtt": [
            "CustomKey1E6D0D07",
            "Arn",
          ],
        },
        "LogGroupName": {
          "Fn::Join": [
            "",
            [
              "/aws/lambda/",
              {
                "Ref": "CustomShareSubnetTagsCustomResourceProviderHandler4A04C5EC",
              },
            ],
          ],
        },
        "RetentionInDays": 3653,
      },
      "Type": "AWS::Logs::LogGroup",
      "UpdateReplacePolicy": "Delete",
    },
    "CustomShareSubnetTagsCustomResourceProviderRole2582495C": {
      "Properties": {
        "AssumeRolePolicyDocument": {
          "Statement": [
            {
              "Action": "sts:AssumeRole",
              "Effect": "Allow",
              "Principal": {
                "Service": "lambda.amazonaws.com",
              },
            },
          ],
          "Version": "2012-10-17",
        },
        "ManagedPolicyArns": [
          {
            "Fn::Sub": "arn:\${AWS::Partition}:iam::aws:policy/service-role/AWSLambdaBasicExecutionRole",
          },
        ],
        "Policies": [
          {
            "PolicyDocument": {
              "Statement": [
                {
                  "Action": [
                    "ec2:DeleteTags",
                    "ec2:CreateTags",
                  ],
                  "Effect": "Allow",
                  "Resource": [
                    {
                      "Fn::Join": [
                        "",
                        [
                          "arn:",
                          {
                            "Ref": "AWS::Partition",
                          },
                          ":ec2:",
                          {
                            "Ref": "AWS::Region",
                          },
                          ":*:subnet/*",
                        ],
                      ],
                    },
                    {
                      "Fn::Join": [
                        "",
                        [
                          "arn:",
                          {
                            "Ref": "AWS::Partition",
                          },
                          ":ec2:",
                          {
                            "Ref": "AWS::Region",
                          },
                          ":*:vpc/*",
                        ],
                      ],
                    },
                  ],
                },
                {
                  "Action": [
                    "ec2:DescribeTags",
                    "ec2:DescribeVpcs",
                    "ec2:DescribeSubnets",
                  ],
                  "Effect": "Allow",
                  "Resource": "*",
                },
                {
                  "Action": [
                    "ssm:GetParameter",
                    "ssm:PutParameter",
                    "ssm:DeleteParameter",
                  ],
                  "Effect": "Allow",
                  "Resource": "*",
                },
              ],
              "Version": "2012-10-17",
            },
            "PolicyName": "Inline",
          },
        ],
      },
      "Type": "AWS::IAM::Role",
    },
    "ShareSubnetTagsA9A7452E": {
      "DeletionPolicy": "Delete",
      "DependsOn": [
        "CustomShareSubnetTagsCustomResourceProviderLogGroupA1F3F80A",
      ],
      "Properties": {
        "ServiceToken": {
          "Fn::GetAtt": [
            "CustomShareSubnetTagsCustomResourceProviderHandler4A04C5EC",
            "Arn",
          ],
        },
        "acceleratorSsmParamPrefix": "/accelerator",
        "sharedSubnetId": "abcdefg123",
        "sharedSubnetName": "TestSubnet",
        "subnetTags": [
          {
            "key": "Key",
            "value": "value",
          },
        ],
        "vpcName": "TestVpc",
      },
      "Type": "Custom::ShareSubnetTags",
      "UpdateReplacePolicy": "Delete",
    },
  },
}
`;
