// Jest Snapshot v1, https://goo.gl/fbAQLP

exports[`TesterPipelineStack Construct(TesterPipelineStack):  Snapshot Test 1`] = `
{
  "Parameters": {
    "SsmParameterValueacceleratorawsacceleratorinstalleraccesslogsbucketnameC96584B6F00A464EAD1953AFF4B05118Parameter": {
      "Default": "/accelerator/aws-accelerator/installer-access-logs-bucket-name",
      "Type": "AWS::SSM::Parameter::Value<String>",
    },
    "SsmParameterValueacceleratorawsacceleratorinstallerkmskeyarnC96584B6F00A464EAD1953AFF4B05118Parameter": {
      "Default": "/accelerator/aws-accelerator/installer/kms/key-arn",
      "Type": "AWS::SSM::Parameter::Value<String>",
    },
  },
  "Resources": {
    "TesterPipeline69BAAE53": {
      "DependsOn": [
        "TesterPipelinePipelineRoleDefaultPolicyFC1B0BBB",
        "TesterPipelinePipelineRoleBF82DB14",
      ],
      "Properties": {
        "ArtifactStore": {
          "EncryptionKey": {
            "Id": {
              "Ref": "SsmParameterValueacceleratorawsacceleratorinstallerkmskeyarnC96584B6F00A464EAD1953AFF4B05118Parameter",
            },
            "Type": "KMS",
          },
          "Location": {
            "Ref": "TesterPipelineSecureBucket8740FCE8",
          },
          "Type": "S3",
        },
        "Name": "aws-accelerator-tester-pipeline",
        "RoleArn": {
          "Fn::GetAtt": [
            "TesterPipelinePipelineRoleBF82DB14",
            "Arn",
          ],
        },
        "Stages": [
          {
            "Actions": [
              {
                "ActionTypeId": {
                  "Category": "Source",
                  "Owner": "AWS",
                  "Provider": "CodeCommit",
                  "Version": "1",
                },
                "Configuration": {
                  "BranchName": "main",
                  "PollForSourceChanges": false,
                  "RepositoryName": "accelerator-source",
                },
                "Name": "Source",
                "OutputArtifacts": [
                  {
                    "Name": "Source",
                  },
                ],
                "RoleArn": {
                  "Fn::GetAtt": [
                    "TesterPipelineSourceCodePipelineActionRole1C0E642C",
                    "Arn",
                  ],
                },
                "RunOrder": 1,
              },
              {
                "ActionTypeId": {
                  "Category": "Source",
                  "Owner": "AWS",
                  "Provider": "CodeCommit",
                  "Version": "1",
                },
                "Configuration": {
                  "BranchName": "main",
                  "PollForSourceChanges": false,
                  "RepositoryName": {
                    "Fn::GetAtt": [
                      "TesterPipelineConfigRepositoryC9B47F16",
                      "Name",
                    ],
                  },
                },
                "Name": "Configuration",
                "OutputArtifacts": [
                  {
                    "Name": "Config",
                  },
                ],
                "RoleArn": {
                  "Fn::GetAtt": [
                    "TesterPipelineSourceConfigurationCodePipelineActionRole6DD3F86D",
                    "Arn",
                  ],
                },
                "RunOrder": 1,
              },
            ],
            "Name": "Source",
          },
          {
            "Actions": [
              {
                "ActionTypeId": {
                  "Category": "Build",
                  "Owner": "AWS",
                  "Provider": "CodeBuild",
                  "Version": "1",
                },
                "Configuration": {
                  "PrimarySource": "Source",
                  "ProjectName": {
                    "Ref": "TesterPipelineTesterProject3BEC9F5A",
                  },
                },
                "InputArtifacts": [
                  {
                    "Name": "Source",
                  },
                  {
                    "Name": "Config",
                  },
                ],
                "Name": "Deploy",
                "OutputArtifacts": [
                  {
                    "Name": "DeployOutput",
                  },
                ],
                "RoleArn": {
                  "Fn::GetAtt": [
                    "TesterPipelinePipelineRoleBF82DB14",
                    "Arn",
                  ],
                },
                "RunOrder": 1,
              },
            ],
            "Name": "Deploy",
          },
        ],
      },
      "Type": "AWS::CodePipeline::Pipeline",
    },
    "TesterPipelineConfigRepositoryC9B47F16": {
      "DeletionPolicy": "Retain",
      "Properties": {
        "Code": {
          "BranchName": "main",
          "S3": {
            "Bucket": {
              "Fn::Sub": "cdk-hnb659fds-assets-\${AWS::AccountId}-\${AWS::Region}",
            },
            "Key": "REPLACED-GENERATED-NAME.zip",
          },
        },
        "RepositoryDescription": "AWS Accelerator functional test configuration repository",
        "RepositoryName": "aws-accelerator-test-config",
      },
      "Type": "AWS::CodeCommit::Repository",
      "UpdateReplacePolicy": "Retain",
    },
    "TesterPipelineConfigRepositoryTesterPipelineStackTesterPipeline463CB8B6mainEventRuleB1B7F3DD": {
      "Properties": {
        "EventPattern": {
          "detail": {
            "event": [
              "referenceCreated",
              "referenceUpdated",
            ],
            "referenceName": [
              "main",
            ],
          },
          "detail-type": [
            "CodeCommit Repository State Change",
          ],
          "resources": [
            {
              "Fn::GetAtt": [
                "TesterPipelineConfigRepositoryC9B47F16",
                "Arn",
              ],
            },
          ],
          "source": [
            "aws.codecommit",
          ],
        },
        "State": "ENABLED",
        "Targets": [
          {
            "Arn": {
              "Fn::Join": [
                "",
                [
                  "arn:",
                  {
                    "Ref": "AWS::Partition",
                  },
                  ":codepipeline:",
                  {
                    "Ref": "AWS::Region",
                  },
                  ":",
                  {
                    "Ref": "AWS::AccountId",
                  },
                  ":",
                  {
                    "Ref": "TesterPipeline69BAAE53",
                  },
                ],
              ],
            },
            "Id": "Target0",
            "RoleArn": {
              "Fn::GetAtt": [
                "TesterPipelineEventsRoleC96AADF0",
                "Arn",
              ],
            },
          },
        ],
      },
      "Type": "AWS::Events::Rule",
    },
    "TesterPipelineDeployAdminRole3DA8CFF7": {
      "Metadata": {
        "cdk_nag": {
          "rules_to_suppress": [
            {
              "id": "AwsSolutions-IAM4",
              "reason": "Managed policies required for IAM role.",
            },
          ],
        },
      },
      "Properties": {
        "AssumeRolePolicyDocument": {
          "Statement": [
            {
              "Action": "sts:AssumeRole",
              "Effect": "Allow",
              "Principal": {
                "Service": "codebuild.amazonaws.com",
              },
            },
          ],
          "Version": "2012-10-17",
        },
        "ManagedPolicyArns": [
          {
            "Fn::Join": [
              "",
              [
                "arn:",
                {
                  "Ref": "AWS::Partition",
                },
                ":iam::aws:policy/AdministratorAccess",
              ],
            ],
          },
        ],
      },
      "Type": "AWS::IAM::Role",
    },
    "TesterPipelineDeployAdminRoleDefaultPolicy5D9BE98D": {
      "Metadata": {
        "cdk_nag": {
          "rules_to_suppress": [
            {
              "id": "AwsSolutions-IAM5",
              "reason": "IAM role requires wildcard permissions.",
            },
          ],
        },
      },
      "Properties": {
        "PolicyDocument": {
          "Statement": [
            {
              "Action": [
                "logs:CreateLogGroup",
                "logs:CreateLogStream",
                "logs:PutLogEvents",
              ],
              "Effect": "Allow",
              "Resource": [
                {
                  "Fn::Join": [
                    "",
                    [
                      "arn:",
                      {
                        "Ref": "AWS::Partition",
                      },
                      ":logs:",
                      {
                        "Ref": "AWS::Region",
                      },
                      ":",
                      {
                        "Ref": "AWS::AccountId",
                      },
                      ":log-group:/aws/codebuild/",
                      {
                        "Ref": "TesterPipelineTesterProject3BEC9F5A",
                      },
                    ],
                  ],
                },
                {
                  "Fn::Join": [
                    "",
                    [
                      "arn:",
                      {
                        "Ref": "AWS::Partition",
                      },
                      ":logs:",
                      {
                        "Ref": "AWS::Region",
                      },
                      ":",
                      {
                        "Ref": "AWS::AccountId",
                      },
                      ":log-group:/aws/codebuild/",
                      {
                        "Ref": "TesterPipelineTesterProject3BEC9F5A",
                      },
                      ":*",
                    ],
                  ],
                },
              ],
            },
            {
              "Action": [
                "codebuild:CreateReportGroup",
                "codebuild:CreateReport",
                "codebuild:UpdateReport",
                "codebuild:BatchPutTestCases",
                "codebuild:BatchPutCodeCoverages",
              ],
              "Effect": "Allow",
              "Resource": {
                "Fn::Join": [
                  "",
                  [
                    "arn:",
                    {
                      "Ref": "AWS::Partition",
                    },
                    ":codebuild:",
                    {
                      "Ref": "AWS::Region",
                    },
                    ":",
                    {
                      "Ref": "AWS::AccountId",
                    },
                    ":report-group/",
                    {
                      "Ref": "TesterPipelineTesterProject3BEC9F5A",
                    },
                    "-*",
                  ],
                ],
              },
            },
            {
              "Action": [
                "kms:Decrypt",
                "kms:Encrypt",
                "kms:ReEncrypt*",
                "kms:GenerateDataKey*",
              ],
              "Effect": "Allow",
              "Resource": {
                "Ref": "SsmParameterValueacceleratorawsacceleratorinstallerkmskeyarnC96584B6F00A464EAD1953AFF4B05118Parameter",
              },
            },
            {
              "Action": [
                "s3:GetObject*",
                "s3:GetBucket*",
                "s3:List*",
                "s3:DeleteObject*",
                "s3:PutObject",
                "s3:PutObjectLegalHold",
                "s3:PutObjectRetention",
                "s3:PutObjectTagging",
                "s3:PutObjectVersionTagging",
                "s3:Abort*",
              ],
              "Effect": "Allow",
              "Resource": [
                {
                  "Fn::GetAtt": [
                    "TesterPipelineSecureBucket8740FCE8",
                    "Arn",
                  ],
                },
                {
                  "Fn::Join": [
                    "",
                    [
                      {
                        "Fn::GetAtt": [
                          "TesterPipelineSecureBucket8740FCE8",
                          "Arn",
                        ],
                      },
                      "/*",
                    ],
                  ],
                },
              ],
            },
            {
              "Action": [
                "kms:Decrypt",
                "kms:DescribeKey",
                "kms:Encrypt",
                "kms:ReEncrypt*",
                "kms:GenerateDataKey*",
              ],
              "Effect": "Allow",
              "Resource": {
                "Ref": "SsmParameterValueacceleratorawsacceleratorinstallerkmskeyarnC96584B6F00A464EAD1953AFF4B05118Parameter",
              },
            },
          ],
          "Version": "2012-10-17",
        },
        "PolicyName": "TesterPipelineDeployAdminRoleDefaultPolicy5D9BE98D",
        "Roles": [
          {
            "Ref": "TesterPipelineDeployAdminRole3DA8CFF7",
          },
        ],
      },
      "Type": "AWS::IAM::Policy",
    },
    "TesterPipelineEventsRoleC96AADF0": {
      "Properties": {
        "AssumeRolePolicyDocument": {
          "Statement": [
            {
              "Action": "sts:AssumeRole",
              "Effect": "Allow",
              "Principal": {
                "Service": "events.amazonaws.com",
              },
            },
          ],
          "Version": "2012-10-17",
        },
      },
      "Type": "AWS::IAM::Role",
    },
    "TesterPipelineEventsRoleDefaultPolicy61DCBDBE": {
      "Properties": {
        "PolicyDocument": {
          "Statement": [
            {
              "Action": "codepipeline:StartPipelineExecution",
              "Effect": "Allow",
              "Resource": {
                "Fn::Join": [
                  "",
                  [
                    "arn:",
                    {
                      "Ref": "AWS::Partition",
                    },
                    ":codepipeline:",
                    {
                      "Ref": "AWS::Region",
                    },
                    ":",
                    {
                      "Ref": "AWS::AccountId",
                    },
                    ":",
                    {
                      "Ref": "TesterPipeline69BAAE53",
                    },
                  ],
                ],
              },
            },
          ],
          "Version": "2012-10-17",
        },
        "PolicyName": "TesterPipelineEventsRoleDefaultPolicy61DCBDBE",
        "Roles": [
          {
            "Ref": "TesterPipelineEventsRoleC96AADF0",
          },
        ],
      },
      "Type": "AWS::IAM::Policy",
    },
    "TesterPipelinePipelineRoleBF82DB14": {
      "Properties": {
        "AssumeRolePolicyDocument": {
          "Statement": [
            {
              "Action": "sts:AssumeRole",
              "Effect": "Allow",
              "Principal": {
                "Service": "codepipeline.amazonaws.com",
              },
            },
          ],
          "Version": "2012-10-17",
        },
      },
      "Type": "AWS::IAM::Role",
    },
    "TesterPipelinePipelineRoleDefaultPolicyFC1B0BBB": {
      "Metadata": {
        "cdk_nag": {
          "rules_to_suppress": [
            {
              "id": "AwsSolutions-IAM5",
              "reason": "IAM role requires wildcard permissions.",
            },
          ],
        },
      },
      "Properties": {
        "PolicyDocument": {
          "Statement": [
            {
              "Action": [
                "s3:GetObject*",
                "s3:GetBucket*",
                "s3:List*",
                "s3:DeleteObject*",
                "s3:PutObject",
                "s3:PutObjectLegalHold",
                "s3:PutObjectRetention",
                "s3:PutObjectTagging",
                "s3:PutObjectVersionTagging",
                "s3:Abort*",
              ],
              "Effect": "Allow",
              "Resource": [
                {
                  "Fn::GetAtt": [
                    "TesterPipelineSecureBucket8740FCE8",
                    "Arn",
                  ],
                },
                {
                  "Fn::Join": [
                    "",
                    [
                      {
                        "Fn::GetAtt": [
                          "TesterPipelineSecureBucket8740FCE8",
                          "Arn",
                        ],
                      },
                      "/*",
                    ],
                  ],
                },
              ],
            },
            {
              "Action": [
                "kms:Decrypt",
                "kms:DescribeKey",
                "kms:Encrypt",
                "kms:ReEncrypt*",
                "kms:GenerateDataKey*",
              ],
              "Effect": "Allow",
              "Resource": {
                "Ref": "SsmParameterValueacceleratorawsacceleratorinstallerkmskeyarnC96584B6F00A464EAD1953AFF4B05118Parameter",
              },
            },
            {
              "Action": "sts:AssumeRole",
              "Effect": "Allow",
              "Resource": {
                "Fn::GetAtt": [
                  "TesterPipelineSourceCodePipelineActionRole1C0E642C",
                  "Arn",
                ],
              },
            },
            {
              "Action": "sts:AssumeRole",
              "Effect": "Allow",
              "Resource": {
                "Fn::GetAtt": [
                  "TesterPipelineSourceConfigurationCodePipelineActionRole6DD3F86D",
                  "Arn",
                ],
              },
            },
            {
              "Action": "sts:AssumeRole",
              "Effect": "Allow",
              "Resource": {
                "Fn::GetAtt": [
                  "TesterPipelinePipelineRoleBF82DB14",
                  "Arn",
                ],
              },
            },
            {
              "Action": [
                "codebuild:BatchGetBuilds",
                "codebuild:StartBuild",
                "codebuild:StopBuild",
              ],
              "Effect": "Allow",
              "Resource": {
                "Fn::GetAtt": [
                  "TesterPipelineTesterProject3BEC9F5A",
                  "Arn",
                ],
              },
            },
          ],
          "Version": "2012-10-17",
        },
        "PolicyName": "TesterPipelinePipelineRoleDefaultPolicyFC1B0BBB",
        "Roles": [
          {
            "Ref": "TesterPipelinePipelineRoleBF82DB14",
          },
        ],
      },
      "Type": "AWS::IAM::Policy",
    },
    "TesterPipelineSecureBucket8740FCE8": {
      "DeletionPolicy": "Retain",
      "Properties": {
        "BucketEncryption": {
          "ServerSideEncryptionConfiguration": [
            {
              "ServerSideEncryptionByDefault": {
                "KMSMasterKeyID": {
                  "Ref": "SsmParameterValueacceleratorawsacceleratorinstallerkmskeyarnC96584B6F00A464EAD1953AFF4B05118Parameter",
                },
                "SSEAlgorithm": "aws:kms",
              },
            },
          ],
        },
        "BucketName": {
          "Fn::Join": [
            "",
            [
              "aws-accelerator-tester-",
              {
                "Ref": "AWS::AccountId",
              },
              "-",
              {
                "Ref": "AWS::Region",
              },
            ],
          ],
        },
        "LifecycleConfiguration": {
          "Rules": [
            {
              "AbortIncompleteMultipartUpload": {
                "DaysAfterInitiation": 1,
              },
              "ExpirationInDays": 1825,
              "ExpiredObjectDeleteMarker": false,
              "Id": {
                "Fn::Join": [
                  "",
                  [
                    "LifecycleRuleaws-accelerator-tester-",
                    {
                      "Ref": "AWS::AccountId",
                    },
                    "-",
                    {
                      "Ref": "AWS::Region",
                    },
                  ],
                ],
              },
              "NoncurrentVersionExpiration": {
                "NoncurrentDays": 1825,
              },
              "NoncurrentVersionTransitions": [
                {
                  "StorageClass": "DEEP_ARCHIVE",
                  "TransitionInDays": 366,
                },
              ],
              "Status": "Enabled",
              "Transitions": [
                {
                  "StorageClass": "DEEP_ARCHIVE",
                  "TransitionInDays": 365,
                },
              ],
            },
          ],
        },
        "LoggingConfiguration": {
          "DestinationBucketName": {
            "Ref": "SsmParameterValueacceleratorawsacceleratorinstalleraccesslogsbucketnameC96584B6F00A464EAD1953AFF4B05118Parameter",
          },
        },
        "OwnershipControls": {
          "Rules": [
            {
              "ObjectOwnership": "BucketOwnerPreferred",
            },
          ],
        },
        "PublicAccessBlockConfiguration": {
          "BlockPublicAcls": true,
          "BlockPublicPolicy": true,
          "IgnorePublicAcls": true,
          "RestrictPublicBuckets": true,
        },
        "VersioningConfiguration": {
          "Status": "Enabled",
        },
      },
      "Type": "AWS::S3::Bucket",
      "UpdateReplacePolicy": "Retain",
    },
    "TesterPipelineSecureBucketPolicyD3292C3A": {
      "Properties": {
        "Bucket": {
          "Ref": "TesterPipelineSecureBucket8740FCE8",
        },
        "PolicyDocument": {
          "Statement": [
            {
              "Action": "s3:*",
              "Condition": {
                "Bool": {
                  "aws:SecureTransport": "false",
                },
              },
              "Effect": "Deny",
              "Principal": {
                "AWS": "*",
              },
              "Resource": [
                {
                  "Fn::GetAtt": [
                    "TesterPipelineSecureBucket8740FCE8",
                    "Arn",
                  ],
                },
                {
                  "Fn::Join": [
                    "",
                    [
                      {
                        "Fn::GetAtt": [
                          "TesterPipelineSecureBucket8740FCE8",
                          "Arn",
                        ],
                      },
                      "/*",
                    ],
                  ],
                },
              ],
              "Sid": "deny-insecure-connections",
            },
          ],
          "Version": "2012-10-17",
        },
      },
      "Type": "AWS::S3::BucketPolicy",
    },
    "TesterPipelineSourceCodePipelineActionRole1C0E642C": {
      "Properties": {
        "AssumeRolePolicyDocument": {
          "Statement": [
            {
              "Action": "sts:AssumeRole",
              "Effect": "Allow",
              "Principal": {
                "AWS": {
                  "Fn::Join": [
                    "",
                    [
                      "arn:",
                      {
                        "Ref": "AWS::Partition",
                      },
                      ":iam::",
                      {
                        "Ref": "AWS::AccountId",
                      },
                      ":root",
                    ],
                  ],
                },
              },
            },
          ],
          "Version": "2012-10-17",
        },
      },
      "Type": "AWS::IAM::Role",
    },
    "TesterPipelineSourceCodePipelineActionRoleDefaultPolicy9AAA0DC1": {
      "Metadata": {
        "cdk_nag": {
          "rules_to_suppress": [
            {
              "id": "AwsSolutions-IAM5",
              "reason": "IAM role requires wildcard permissions.",
            },
          ],
        },
      },
      "Properties": {
        "PolicyDocument": {
          "Statement": [
            {
              "Action": [
                "s3:GetObject*",
                "s3:GetBucket*",
                "s3:List*",
                "s3:DeleteObject*",
                "s3:PutObject",
                "s3:PutObjectLegalHold",
                "s3:PutObjectRetention",
                "s3:PutObjectTagging",
                "s3:PutObjectVersionTagging",
                "s3:Abort*",
              ],
              "Effect": "Allow",
              "Resource": [
                {
                  "Fn::GetAtt": [
                    "TesterPipelineSecureBucket8740FCE8",
                    "Arn",
                  ],
                },
                {
                  "Fn::Join": [
                    "",
                    [
                      {
                        "Fn::GetAtt": [
                          "TesterPipelineSecureBucket8740FCE8",
                          "Arn",
                        ],
                      },
                      "/*",
                    ],
                  ],
                },
              ],
            },
            {
              "Action": [
                "kms:Decrypt",
                "kms:DescribeKey",
                "kms:Encrypt",
                "kms:ReEncrypt*",
                "kms:GenerateDataKey*",
              ],
              "Effect": "Allow",
              "Resource": {
                "Ref": "SsmParameterValueacceleratorawsacceleratorinstallerkmskeyarnC96584B6F00A464EAD1953AFF4B05118Parameter",
              },
            },
            {
              "Action": [
                "codecommit:GetBranch",
                "codecommit:GetCommit",
                "codecommit:UploadArchive",
                "codecommit:GetUploadArchiveStatus",
                "codecommit:CancelUploadArchive",
              ],
              "Effect": "Allow",
              "Resource": {
                "Fn::Join": [
                  "",
                  [
                    "arn:",
                    {
                      "Ref": "AWS::Partition",
                    },
                    ":codecommit:",
                    {
                      "Ref": "AWS::Region",
                    },
                    ":",
                    {
                      "Ref": "AWS::AccountId",
                    },
                    ":accelerator-source",
                  ],
                ],
              },
            },
          ],
          "Version": "2012-10-17",
        },
        "PolicyName": "TesterPipelineSourceCodePipelineActionRoleDefaultPolicy9AAA0DC1",
        "Roles": [
          {
            "Ref": "TesterPipelineSourceCodePipelineActionRole1C0E642C",
          },
        ],
      },
      "Type": "AWS::IAM::Policy",
    },
    "TesterPipelineSourceConfigurationCodePipelineActionRole6DD3F86D": {
      "Properties": {
        "AssumeRolePolicyDocument": {
          "Statement": [
            {
              "Action": "sts:AssumeRole",
              "Effect": "Allow",
              "Principal": {
                "AWS": {
                  "Fn::Join": [
                    "",
                    [
                      "arn:",
                      {
                        "Ref": "AWS::Partition",
                      },
                      ":iam::",
                      {
                        "Ref": "AWS::AccountId",
                      },
                      ":root",
                    ],
                  ],
                },
              },
            },
          ],
          "Version": "2012-10-17",
        },
      },
      "Type": "AWS::IAM::Role",
    },
    "TesterPipelineSourceConfigurationCodePipelineActionRoleDefaultPolicyCD0DC6AA": {
      "Metadata": {
        "cdk_nag": {
          "rules_to_suppress": [
            {
              "id": "AwsSolutions-IAM5",
              "reason": "IAM role requires wildcard permissions.",
            },
          ],
        },
      },
      "Properties": {
        "PolicyDocument": {
          "Statement": [
            {
              "Action": [
                "s3:GetObject*",
                "s3:GetBucket*",
                "s3:List*",
                "s3:DeleteObject*",
                "s3:PutObject",
                "s3:PutObjectLegalHold",
                "s3:PutObjectRetention",
                "s3:PutObjectTagging",
                "s3:PutObjectVersionTagging",
                "s3:Abort*",
              ],
              "Effect": "Allow",
              "Resource": [
                {
                  "Fn::GetAtt": [
                    "TesterPipelineSecureBucket8740FCE8",
                    "Arn",
                  ],
                },
                {
                  "Fn::Join": [
                    "",
                    [
                      {
                        "Fn::GetAtt": [
                          "TesterPipelineSecureBucket8740FCE8",
                          "Arn",
                        ],
                      },
                      "/*",
                    ],
                  ],
                },
              ],
            },
            {
              "Action": [
                "kms:Decrypt",
                "kms:DescribeKey",
                "kms:Encrypt",
                "kms:ReEncrypt*",
                "kms:GenerateDataKey*",
              ],
              "Effect": "Allow",
              "Resource": {
                "Ref": "SsmParameterValueacceleratorawsacceleratorinstallerkmskeyarnC96584B6F00A464EAD1953AFF4B05118Parameter",
              },
            },
            {
              "Action": [
                "codecommit:GetBranch",
                "codecommit:GetCommit",
                "codecommit:UploadArchive",
                "codecommit:GetUploadArchiveStatus",
                "codecommit:CancelUploadArchive",
              ],
              "Effect": "Allow",
              "Resource": {
                "Fn::GetAtt": [
                  "TesterPipelineConfigRepositoryC9B47F16",
                  "Arn",
                ],
              },
            },
          ],
          "Version": "2012-10-17",
        },
        "PolicyName": "TesterPipelineSourceConfigurationCodePipelineActionRoleDefaultPolicyCD0DC6AA",
        "Roles": [
          {
            "Ref": "TesterPipelineSourceConfigurationCodePipelineActionRole6DD3F86D",
          },
        ],
      },
      "Type": "AWS::IAM::Policy",
    },
    "TesterPipelineTesterProject3BEC9F5A": {
      "Metadata": {
        "cdk_nag": {
          "rules_to_suppress": [
            {
              "id": "AwsSolutions-CB3",
              "reason": "Pipeline tester project allow access to the Docker daemon.",
            },
          ],
        },
      },
      "Properties": {
        "Artifacts": {
          "Type": "CODEPIPELINE",
        },
        "Cache": {
          "Modes": [
            "LOCAL_SOURCE_CACHE",
          ],
          "Type": "LOCAL",
        },
        "EncryptionKey": {
          "Ref": "SsmParameterValueacceleratorawsacceleratorinstallerkmskeyarnC96584B6F00A464EAD1953AFF4B05118Parameter",
        },
        "Environment": {
          "ComputeType": "BUILD_GENERAL1_MEDIUM",
          "EnvironmentVariables": [
            {
              "Name": "NODE_OPTIONS",
              "Type": "PLAINTEXT",
              "Value": "--max_old_space_size=4096",
            },
            {
              "Name": "ACCELERATOR_REPOSITORY_NAME",
              "Type": "PLAINTEXT",
              "Value": "accelerator-source",
            },
            {
              "Name": "ACCELERATOR_REPOSITORY_BRANCH_NAME",
              "Type": "PLAINTEXT",
              "Value": "main",
            },
            {
              "Name": "ACCELERATOR_PREFIX",
              "Type": "PLAINTEXT",
              "Value": "AWSAccelerator",
            },
            {
              "Name": "ACCELERATOR_REPO_NAME_PREFIX",
              "Type": "PLAINTEXT",
              "Value": "aws-accelerator",
            },
            {
              "Name": "ACCELERATOR_BUCKET_NAME_PREFIX",
              "Type": "PLAINTEXT",
              "Value": "aws-accelerator",
            },
            {
              "Name": "ACCELERATOR_KMS_ALIAS_PREFIX",
              "Type": "PLAINTEXT",
              "Value": "alias/accelerator",
            },
            {
              "Name": "ACCELERATOR_SSM_PARAM_NAME_PREFIX",
              "Type": "PLAINTEXT",
              "Value": "/accelerator",
            },
          ],
          "Image": "aws/codebuild/standard:7.0",
          "ImagePullCredentialsType": "CODEBUILD",
          "PrivilegedMode": true,
          "Type": "LINUX_CONTAINER",
        },
        "Name": "aws-accelerator-tester-project",
        "ServiceRole": {
          "Fn::GetAtt": [
            "TesterPipelineDeployAdminRole3DA8CFF7",
            "Arn",
          ],
        },
        "Source": {
          "BuildSpec": {
            "Fn::Join": [
              "",
              [
                "version: "0.2"
phases:
  install:
    runtime-versions:
      nodejs: 18
  build:
    commands:
      - cd source
      - yarn install
      - yarn build
      - cd packages/@aws-accelerator/tester
      - env
      - if [ ! -z "$MANAGEMENT_ACCOUNT_ID" ] && [ ! -z "$MANAGEMENT_ACCOUNT_ROLE_NAME" ]; then yarn run cdk deploy --require-approval never --context acceleratorPrefix=AWSAccelerator --context account=",
                {
                  "Ref": "AWS::AccountId",
                },
                " --context region=",
                {
                  "Ref": "AWS::Region",
                },
                " --context management-cross-account-role-name=AWSControlTowerExecution --context qualifier=aws-accelerator --context config-dir=$CODEBUILD_SRC_DIR_Config --context management-account-id=undefined --context management-account-role-name=AcceleratorAccountAccessRole; else yarn run cdk deploy --require-approval never --context acceleratorPrefix=AWSAccelerator --context account=",
                {
                  "Ref": "AWS::AccountId",
                },
                " --context region=",
                {
                  "Ref": "AWS::Region",
                },
                " --context management-cross-account-role-name=AWSControlTowerExecution --context config-dir=$CODEBUILD_SRC_DIR_Config; fi
",
              ],
            ],
          },
          "Type": "CODEPIPELINE",
        },
      },
      "Type": "AWS::CodeBuild::Project",
    },
  },
}
`;
