// Jest Snapshot v1, https://goo.gl/fbAQLP

exports[`CloudWatchDestination Construct(CloudWatchDestination):  Snapshot Test 1`] = `
{
  "Conditions": {
    "AwsCdkKinesisEncryptedStreamsUnsupportedRegions": {
      "Fn::Or": [
        {
          "Fn::Equals": [
            {
              "Ref": "AWS::Region",
            },
            "cn-north-1",
          ],
        },
        {
          "Fn::Equals": [
            {
              "Ref": "AWS::Region",
            },
            "cn-northwest-1",
          ],
        },
      ],
    },
  },
  "Resources": {
    "CloudWatchDestination47668810": {
      "Properties": {
        "DestinationName": "AWSAcceleratorCloudWatchToS3",
        "DestinationPolicy": {
          "Fn::Join": [
            "",
            [
              "{"Version":"2012-10-17","Statement":[{"Effect":"Allow","Principal":{"AWS":["*"]},"Action":"logs:PutSubscriptionFilter","Resource":"arn:",
              {
                "Ref": "AWS::Partition",
              },
              ":logs:",
              {
                "Ref": "AWS::Region",
              },
              ":",
              {
                "Ref": "AWS::AccountId",
              },
              ":destination:AWSAcceleratorCloudWatchToS3","Condition":{"StringEquals":{"aws:PrincipalOrgID":"o-some-org-id"}}}]}",
            ],
          ],
        },
        "RoleArn": {
          "Fn::GetAtt": [
            "CloudWatchDestinationLogsKinesisRole54686795",
            "Arn",
          ],
        },
        "TargetArn": {
          "Fn::GetAtt": [
            "CustomStreamE8E9158E",
            "Arn",
          ],
        },
      },
      "Type": "AWS::Logs::Destination",
    },
    "CloudWatchDestinationExistingIamE1F9FD4A": {
      "Properties": {
        "DestinationName": "AWSAcceleratorCloudWatchToS3",
        "DestinationPolicy": {
          "Fn::Join": [
            "",
            [
              "{"Version":"2012-10-17","Statement":[{"Effect":"Allow","Principal":{"AWS":["*"]},"Action":"logs:PutSubscriptionFilter","Resource":"arn:",
              {
                "Ref": "AWS::Partition",
              },
              ":logs:",
              {
                "Ref": "AWS::Region",
              },
              ":",
              {
                "Ref": "AWS::AccountId",
              },
              ":destination:AWSAcceleratorCloudWatchToS3","Condition":{"StringEquals":{"aws:PrincipalOrgID":"o-some-org-id"}}}]}",
            ],
          ],
        },
        "RoleArn": {
          "Fn::Join": [
            "",
            [
              "arn:",
              {
                "Ref": "AWS::Partition",
              },
              ":iam::",
              {
                "Ref": "AWS::AccountId",
              },
              ":role/AWSAcceleratorLogReplicationRole-",
              {
                "Ref": "AWS::Region",
              },
            ],
          ],
        },
        "TargetArn": {
          "Fn::GetAtt": [
            "CustomStreamExistingIamFE5F8092",
            "Arn",
          ],
        },
      },
      "Type": "AWS::Logs::Destination",
    },
    "CloudWatchDestinationLogsKinesisRole54686795": {
      "Properties": {
        "AssumeRolePolicyDocument": {
          "Statement": [
            {
              "Action": "sts:AssumeRole",
              "Effect": "Allow",
              "Principal": {
                "Service": {
                  "Fn::Join": [
                    "",
                    [
                      "logs.",
                      {
                        "Ref": "AWS::Region",
                      },
                      ".amazonaws.com",
                    ],
                  ],
                },
              },
            },
          ],
          "Version": "2012-10-17",
        },
        "Policies": [
          {
            "PolicyDocument": {
              "Statement": [
                {
                  "Action": [
                    "kinesis:ListShards",
                    "kinesis:PutRecord",
                    "kinesis:PutRecords",
                  ],
                  "Effect": "Allow",
                  "Resource": {
                    "Fn::GetAtt": [
                      "CustomStreamE8E9158E",
                      "Arn",
                    ],
                  },
                },
              ],
              "Version": "2012-10-17",
            },
            "PolicyName": "KinesisAccess",
          },
          {
            "PolicyDocument": {
              "Statement": [
                {
                  "Action": [
                    "kms:Decrypt",
                    "kms:Encrypt",
                    "kms:GenerateDataKey",
                    "kms:ReEncryptTo",
                    "kms:GenerateDataKeyWithoutPlaintext",
                    "kms:GenerateDataKeyPairWithoutPlaintext",
                    "kms:GenerateDataKeyPair",
                    "kms:ReEncryptFrom",
                  ],
                  "Effect": "Allow",
                  "Resource": {
                    "Fn::GetAtt": [
                      "CustomKey1E6D0D07",
                      "Arn",
                    ],
                  },
                },
              ],
              "Version": "2012-10-17",
            },
            "PolicyName": "KmsAccess",
          },
        ],
      },
      "Type": "AWS::IAM::Role",
    },
    "CustomKey1E6D0D07": {
      "DeletionPolicy": "Retain",
      "Properties": {
        "KeyPolicy": {
          "Statement": [
            {
              "Action": "kms:*",
              "Effect": "Allow",
              "Principal": {
                "AWS": {
                  "Fn::Join": [
                    "",
                    [
                      "arn:",
                      {
                        "Ref": "AWS::Partition",
                      },
                      ":iam::",
                      {
                        "Ref": "AWS::AccountId",
                      },
                      ":root",
                    ],
                  ],
                },
              },
              "Resource": "*",
            },
          ],
          "Version": "2012-10-17",
        },
      },
      "Type": "AWS::KMS::Key",
      "UpdateReplacePolicy": "Retain",
    },
    "CustomKeyExistingIam1584FEB7": {
      "DeletionPolicy": "Retain",
      "Properties": {
        "KeyPolicy": {
          "Statement": [
            {
              "Action": "kms:*",
              "Effect": "Allow",
              "Principal": {
                "AWS": {
                  "Fn::Join": [
                    "",
                    [
                      "arn:",
                      {
                        "Ref": "AWS::Partition",
                      },
                      ":iam::",
                      {
                        "Ref": "AWS::AccountId",
                      },
                      ":root",
                    ],
                  ],
                },
              },
              "Resource": "*",
            },
          ],
          "Version": "2012-10-17",
        },
      },
      "Type": "AWS::KMS::Key",
      "UpdateReplacePolicy": "Retain",
    },
    "CustomStreamE8E9158E": {
      "DeletionPolicy": "Retain",
      "Properties": {
        "RetentionPeriodHours": 24,
        "ShardCount": 1,
        "StreamEncryption": {
          "Fn::If": [
            "AwsCdkKinesisEncryptedStreamsUnsupportedRegions",
            {
              "Ref": "AWS::NoValue",
            },
            {
              "EncryptionType": "KMS",
              "KeyId": "alias/aws/kinesis",
            },
          ],
        },
      },
      "Type": "AWS::Kinesis::Stream",
      "UpdateReplacePolicy": "Retain",
    },
    "CustomStreamExistingIamFE5F8092": {
      "DeletionPolicy": "Retain",
      "Properties": {
        "RetentionPeriodHours": 24,
        "ShardCount": 1,
        "StreamEncryption": {
          "Fn::If": [
            "AwsCdkKinesisEncryptedStreamsUnsupportedRegions",
            {
              "Ref": "AWS::NoValue",
            },
            {
              "EncryptionType": "KMS",
              "KeyId": "alias/aws/kinesis",
            },
          ],
        },
      },
      "Type": "AWS::Kinesis::Stream",
      "UpdateReplacePolicy": "Retain",
    },
  },
}
`;

exports[`CloudWatchDestination Construct(CloudWatchDestination):  Snapshot Test 2`] = `
{
  "Conditions": {
    "AwsCdkKinesisEncryptedStreamsUnsupportedRegions": {
      "Fn::Or": [
        {
          "Fn::Equals": [
            {
              "Ref": "AWS::Region",
            },
            "cn-north-1",
          ],
        },
        {
          "Fn::Equals": [
            {
              "Ref": "AWS::Region",
            },
            "cn-northwest-1",
          ],
        },
      ],
    },
  },
  "Resources": {
    "CloudWatchDestination47668810": {
      "Properties": {
        "DestinationName": "AWSAcceleratorCloudWatchToS3",
        "DestinationPolicy": {
          "Fn::Join": [
            "",
            [
              "{"Version":"2012-10-17","Statement":[{"Effect":"Allow","Principal":{"AWS":["111111111111","222222222222"]},"Action":"logs:PutSubscriptionFilter","Resource":"arn:",
              {
                "Ref": "AWS::Partition",
              },
              ":logs:",
              {
                "Ref": "AWS::Region",
              },
              ":",
              {
                "Ref": "AWS::AccountId",
              },
              ":destination:AWSAcceleratorCloudWatchToS3"}]}",
            ],
          ],
        },
        "RoleArn": {
          "Fn::GetAtt": [
            "CloudWatchDestinationLogsKinesisRole54686795",
            "Arn",
          ],
        },
        "TargetArn": {
          "Fn::GetAtt": [
            "CustomStreamE8E9158E",
            "Arn",
          ],
        },
      },
      "Type": "AWS::Logs::Destination",
    },
    "CloudWatchDestinationLogsKinesisRole54686795": {
      "Properties": {
        "AssumeRolePolicyDocument": {
          "Statement": [
            {
              "Action": "sts:AssumeRole",
              "Effect": "Allow",
              "Principal": {
                "Service": {
                  "Fn::Join": [
                    "",
                    [
                      "logs.",
                      {
                        "Ref": "AWS::Region",
                      },
                      ".amazonaws.com",
                    ],
                  ],
                },
              },
            },
          ],
          "Version": "2012-10-17",
        },
        "Policies": [
          {
            "PolicyDocument": {
              "Statement": [
                {
                  "Action": [
                    "kinesis:ListShards",
                    "kinesis:PutRecord",
                    "kinesis:PutRecords",
                  ],
                  "Effect": "Allow",
                  "Resource": {
                    "Fn::GetAtt": [
                      "CustomStreamE8E9158E",
                      "Arn",
                    ],
                  },
                },
              ],
              "Version": "2012-10-17",
            },
            "PolicyName": "KinesisAccess",
          },
          {
            "PolicyDocument": {
              "Statement": [
                {
                  "Action": [
                    "kms:Decrypt",
                    "kms:Encrypt",
                    "kms:GenerateDataKey",
                    "kms:ReEncryptTo",
                    "kms:GenerateDataKeyWithoutPlaintext",
                    "kms:GenerateDataKeyPairWithoutPlaintext",
                    "kms:GenerateDataKeyPair",
                    "kms:ReEncryptFrom",
                  ],
                  "Effect": "Allow",
                  "Resource": {
                    "Fn::GetAtt": [
                      "CustomKey1E6D0D07",
                      "Arn",
                    ],
                  },
                },
              ],
              "Version": "2012-10-17",
            },
            "PolicyName": "KmsAccess",
          },
        ],
      },
      "Type": "AWS::IAM::Role",
    },
    "CustomKey1E6D0D07": {
      "DeletionPolicy": "Retain",
      "Properties": {
        "KeyPolicy": {
          "Statement": [
            {
              "Action": "kms:*",
              "Effect": "Allow",
              "Principal": {
                "AWS": {
                  "Fn::Join": [
                    "",
                    [
                      "arn:",
                      {
                        "Ref": "AWS::Partition",
                      },
                      ":iam::",
                      {
                        "Ref": "AWS::AccountId",
                      },
                      ":root",
                    ],
                  ],
                },
              },
              "Resource": "*",
            },
          ],
          "Version": "2012-10-17",
        },
      },
      "Type": "AWS::KMS::Key",
      "UpdateReplacePolicy": "Retain",
    },
    "CustomStreamE8E9158E": {
      "DeletionPolicy": "Retain",
      "Properties": {
        "RetentionPeriodHours": 24,
        "ShardCount": 1,
        "StreamEncryption": {
          "Fn::If": [
            "AwsCdkKinesisEncryptedStreamsUnsupportedRegions",
            {
              "Ref": "AWS::NoValue",
            },
            {
              "EncryptionType": "KMS",
              "KeyId": "alias/aws/kinesis",
            },
          ],
        },
      },
      "Type": "AWS::Kinesis::Stream",
      "UpdateReplacePolicy": "Retain",
    },
  },
}
`;
