// Jest Snapshot v1, https://goo.gl/fbAQLP

exports[`CloudWatchLogGroups Construct(CloudWatchLogGroups):  Snapshot Test 1`] = `
{
  "Resources": {
    "AppTest1CustomCreateLogGroupCustomResourceProviderHandler4FFCDD76": {
      "DependsOn": [
        "AppTest1CustomCreateLogGroupCustomResourceProviderRole40E7A5EC",
      ],
      "Properties": {
        "Code": {
          "S3Bucket": {
            "Fn::Sub": "cdk-hnb659fds-assets-\${AWS::AccountId}-\${AWS::Region}",
          },
          "S3Key": "REPLACED-GENERATED-NAME.zip",
        },
        "Handler": "__entrypoint__.handler",
        "MemorySize": 128,
        "Role": {
          "Fn::GetAtt": [
            "AppTest1CustomCreateLogGroupCustomResourceProviderRole40E7A5EC",
            "Arn",
          ],
        },
        "Runtime": "nodejs18.x",
        "Timeout": 900,
      },
      "Type": "AWS::Lambda::Function",
    },
    "AppTest1CustomCreateLogGroupCustomResourceProviderLogGroupF4CE828F": {
      "DeletionPolicy": "Delete",
      "Properties": {
        "KmsKeyId": {
          "Fn::GetAtt": [
            "CustomKey1E6D0D07",
            "Arn",
          ],
        },
        "LogGroupName": {
          "Fn::Join": [
            "",
            [
              "/aws/lambda/",
              {
                "Ref": "AppTest1CustomCreateLogGroupCustomResourceProviderHandler4FFCDD76",
              },
            ],
          ],
        },
        "RetentionInDays": 30,
      },
      "Type": "AWS::Logs::LogGroup",
      "UpdateReplacePolicy": "Delete",
    },
    "AppTest1CustomCreateLogGroupCustomResourceProviderRole40E7A5EC": {
      "Properties": {
        "AssumeRolePolicyDocument": {
          "Statement": [
            {
              "Action": "sts:AssumeRole",
              "Effect": "Allow",
              "Principal": {
                "Service": "lambda.amazonaws.com",
              },
            },
          ],
          "Version": "2012-10-17",
        },
        "ManagedPolicyArns": [
          {
            "Fn::Sub": "arn:\${AWS::Partition}:iam::aws:policy/service-role/AWSLambdaBasicExecutionRole",
          },
        ],
        "Policies": [
          {
            "PolicyDocument": {
              "Statement": [
                {
                  "Action": [
                    "logs:CreateLogGroup",
                    "logs:DeleteLogGroup",
                    "logs:PutRetentionPolicy",
                  ],
                  "Effect": "Allow",
                  "Resource": {
                    "Fn::Join": [
                      "",
                      [
                        "arn:",
                        {
                          "Ref": "AWS::Partition",
                        },
                        ":logs:",
                        {
                          "Ref": "AWS::Region",
                        },
                        ":",
                        {
                          "Ref": "AWS::AccountId",
                        },
                        ":log-group:/App/Test1:*",
                      ],
                    ],
                  },
                },
                {
                  "Action": [
                    "kms:DescribeKey",
                    "kms:ListKeys",
                    "logs:AssociateKmsKey",
                    "logs:DescribeLogGroups",
                  ],
                  "Effect": "Allow",
                  "Resource": "*",
                },
              ],
              "Version": "2012-10-17",
            },
            "PolicyName": "Inline",
          },
        ],
      },
      "Type": "AWS::IAM::Role",
    },
    "AppTest2CustomCreateLogGroupCustomResourceProviderHandler03798759": {
      "DependsOn": [
        "AppTest2CustomCreateLogGroupCustomResourceProviderRole24FD6060",
      ],
      "Properties": {
        "Code": {
          "S3Bucket": {
            "Fn::Sub": "cdk-hnb659fds-assets-\${AWS::AccountId}-\${AWS::Region}",
          },
          "S3Key": "REPLACED-GENERATED-NAME.zip",
        },
        "Handler": "__entrypoint__.handler",
        "MemorySize": 128,
        "Role": {
          "Fn::GetAtt": [
            "AppTest2CustomCreateLogGroupCustomResourceProviderRole24FD6060",
            "Arn",
          ],
        },
        "Runtime": "nodejs18.x",
        "Timeout": 900,
      },
      "Type": "AWS::Lambda::Function",
    },
    "AppTest2CustomCreateLogGroupCustomResourceProviderLogGroup7FB49646": {
      "DeletionPolicy": "Delete",
      "Properties": {
        "KmsKeyId": {
          "Fn::GetAtt": [
            "CloudWatchKey9B181885",
            "Arn",
          ],
        },
        "LogGroupName": {
          "Fn::Join": [
            "",
            [
              "/aws/lambda/",
              {
                "Ref": "AppTest2CustomCreateLogGroupCustomResourceProviderHandler03798759",
              },
            ],
          ],
        },
        "RetentionInDays": 30,
      },
      "Type": "AWS::Logs::LogGroup",
      "UpdateReplacePolicy": "Delete",
    },
    "AppTest2CustomCreateLogGroupCustomResourceProviderRole24FD6060": {
      "Properties": {
        "AssumeRolePolicyDocument": {
          "Statement": [
            {
              "Action": "sts:AssumeRole",
              "Effect": "Allow",
              "Principal": {
                "Service": "lambda.amazonaws.com",
              },
            },
          ],
          "Version": "2012-10-17",
        },
        "ManagedPolicyArns": [
          {
            "Fn::Sub": "arn:\${AWS::Partition}:iam::aws:policy/service-role/AWSLambdaBasicExecutionRole",
          },
        ],
        "Policies": [
          {
            "PolicyDocument": {
              "Statement": [
                {
                  "Action": [
                    "logs:CreateLogGroup",
                    "logs:DeleteLogGroup",
                    "logs:PutRetentionPolicy",
                  ],
                  "Effect": "Allow",
                  "Resource": {
                    "Fn::Join": [
                      "",
                      [
                        "arn:",
                        {
                          "Ref": "AWS::Partition",
                        },
                        ":logs:",
                        {
                          "Ref": "AWS::Region",
                        },
                        ":",
                        {
                          "Ref": "AWS::AccountId",
                        },
                        ":log-group:/App/Test2:*",
                      ],
                    ],
                  },
                },
                {
                  "Action": [
                    "kms:DescribeKey",
                    "kms:ListKeys",
                    "logs:AssociateKmsKey",
                    "logs:DescribeLogGroups",
                  ],
                  "Effect": "Allow",
                  "Resource": "*",
                },
              ],
              "Version": "2012-10-17",
            },
            "PolicyName": "Inline",
          },
        ],
      },
      "Type": "AWS::IAM::Role",
    },
    "CloudWatchKey9B181885": {
      "DeletionPolicy": "Retain",
      "Properties": {
        "KeyPolicy": {
          "Statement": [
            {
              "Action": "kms:*",
              "Effect": "Allow",
              "Principal": {
                "AWS": {
                  "Fn::Join": [
                    "",
                    [
                      "arn:",
                      {
                        "Ref": "AWS::Partition",
                      },
                      ":iam::",
                      {
                        "Ref": "AWS::AccountId",
                      },
                      ":root",
                    ],
                  ],
                },
              },
              "Resource": "*",
            },
          ],
          "Version": "2012-10-17",
        },
      },
      "Type": "AWS::KMS::Key",
      "UpdateReplacePolicy": "Retain",
    },
    "CloudWatchLogGroupsCloudWatchLogsResourceB533E7A1": {
      "DeletionPolicy": "Delete",
      "DependsOn": [
        "AppTest1CustomCreateLogGroupCustomResourceProviderLogGroupF4CE828F",
      ],
      "Properties": {
        "ServiceToken": {
          "Fn::GetAtt": [
            "AppTest1CustomCreateLogGroupCustomResourceProviderHandler4FFCDD76",
            "Arn",
          ],
        },
        "keyArn": "REPLACED-UUID",
        "logGroupName": "/App/Test1",
        "retention": 30,
      },
      "Type": "Custom::CreateLogGroup",
      "UpdateReplacePolicy": "Delete",
    },
    "CloudWatchLogGroupsNoKeyCloudWatchLogsResource3EFE207D": {
      "DeletionPolicy": "Delete",
      "DependsOn": [
        "AppTest2CustomCreateLogGroupCustomResourceProviderLogGroup7FB49646",
      ],
      "Properties": {
        "ServiceToken": {
          "Fn::GetAtt": [
            "AppTest2CustomCreateLogGroupCustomResourceProviderHandler03798759",
            "Arn",
          ],
        },
        "logGroupName": "/App/Test2",
        "retention": 180,
      },
      "Type": "Custom::CreateLogGroup",
      "UpdateReplacePolicy": "Delete",
    },
    "CustomKey1E6D0D07": {
      "DeletionPolicy": "Retain",
      "Properties": {
        "KeyPolicy": {
          "Statement": [
            {
              "Action": "kms:*",
              "Effect": "Allow",
              "Principal": {
                "AWS": {
                  "Fn::Join": [
                    "",
                    [
                      "arn:",
                      {
                        "Ref": "AWS::Partition",
                      },
                      ":iam::",
                      {
                        "Ref": "AWS::AccountId",
                      },
                      ":root",
                    ],
                  ],
                },
              },
              "Resource": "*",
            },
          ],
          "Version": "2012-10-17",
        },
      },
      "Type": "AWS::KMS::Key",
      "UpdateReplacePolicy": "Retain",
    },
  },
}
`;
