// Jest Snapshot v1, https://goo.gl/fbAQLP

exports[`ActiveDirectoryLogSubscription Construct(ActiveDirectoryLogSubscription):  Snapshot Test 1`] = `
{
  "Mappings": {
    "LatestNodeRuntimeMap": {
      "af-south-1": {
        "value": "nodejs20.x",
      },
      "ap-east-1": {
        "value": "nodejs20.x",
      },
      "ap-northeast-1": {
        "value": "nodejs20.x",
      },
      "ap-northeast-2": {
        "value": "nodejs20.x",
      },
      "ap-northeast-3": {
        "value": "nodejs20.x",
      },
      "ap-south-1": {
        "value": "nodejs20.x",
      },
      "ap-south-2": {
        "value": "nodejs20.x",
      },
      "ap-southeast-1": {
        "value": "nodejs20.x",
      },
      "ap-southeast-2": {
        "value": "nodejs20.x",
      },
      "ap-southeast-3": {
        "value": "nodejs20.x",
      },
      "ap-southeast-4": {
        "value": "nodejs20.x",
      },
      "ap-southeast-5": {
        "value": "nodejs20.x",
      },
      "ap-southeast-7": {
        "value": "nodejs20.x",
      },
      "ca-central-1": {
        "value": "nodejs20.x",
      },
      "ca-west-1": {
        "value": "nodejs20.x",
      },
      "cn-north-1": {
        "value": "nodejs18.x",
      },
      "cn-northwest-1": {
        "value": "nodejs18.x",
      },
      "eu-central-1": {
        "value": "nodejs20.x",
      },
      "eu-central-2": {
        "value": "nodejs20.x",
      },
      "eu-isoe-west-1": {
        "value": "nodejs18.x",
      },
      "eu-north-1": {
        "value": "nodejs20.x",
      },
      "eu-south-1": {
        "value": "nodejs20.x",
      },
      "eu-south-2": {
        "value": "nodejs20.x",
      },
      "eu-west-1": {
        "value": "nodejs20.x",
      },
      "eu-west-2": {
        "value": "nodejs20.x",
      },
      "eu-west-3": {
        "value": "nodejs20.x",
      },
      "il-central-1": {
        "value": "nodejs20.x",
      },
      "me-central-1": {
        "value": "nodejs20.x",
      },
      "me-south-1": {
        "value": "nodejs20.x",
      },
      "mx-central-1": {
        "value": "nodejs20.x",
      },
      "sa-east-1": {
        "value": "nodejs20.x",
      },
      "us-east-1": {
        "value": "nodejs20.x",
      },
      "us-east-2": {
        "value": "nodejs20.x",
      },
      "us-gov-east-1": {
        "value": "nodejs18.x",
      },
      "us-gov-west-1": {
        "value": "nodejs18.x",
      },
      "us-iso-east-1": {
        "value": "nodejs18.x",
      },
      "us-iso-west-1": {
        "value": "nodejs18.x",
      },
      "us-isob-east-1": {
        "value": "nodejs18.x",
      },
      "us-west-1": {
        "value": "nodejs20.x",
      },
      "us-west-2": {
        "value": "nodejs20.x",
      },
    },
  },
  "Resources": {
    "AcceleratorManagedActiveDirectory": {
      "Properties": {
        "Edition": "Enterprise",
        "Name": "AcceleratorManagedActiveDirectory",
        "Password": "password",
        "ShortName": "example",
        "VpcSettings": {
          "SubnetIds": [
            "subnet01",
            "subnet02",
          ],
          "VpcId": "vpcId",
        },
      },
      "Type": "AWS::DirectoryService::MicrosoftAD",
    },
    "ActiveDirectoryLogSubscription1BFCC309": {
      "DeletionPolicy": "Delete",
      "DependsOn": [
        "ActiveDirectoryLogSubscriptionManageActiveDirectoryLogSubscriptionFunctionLogGroupA268486C",
      ],
      "Properties": {
        "ServiceToken": {
          "Fn::GetAtt": [
            "ActiveDirectoryLogSubscriptionManageActiveDirectoryLogSubscriptionProviderframeworkonEventE7A9F2C8",
            "Arn",
          ],
        },
        "directoryId": {
          "Ref": "AcceleratorManagedActiveDirectory",
        },
        "logGroupName": {
          "Ref": "ActiveDirectoryLogSubscriptionAcceleratorManagedActiveDirectoryLogGroup4142C133",
        },
      },
      "Type": "Custom::ActiveDirectoryLogSubscription",
      "UpdateReplacePolicy": "Delete",
    },
    "ActiveDirectoryLogSubscriptionAcceleratorManagedActiveDirectoryLogGroup4142C133": {
      "DeletionPolicy": "Delete",
      "Properties": {
        "KmsKeyId": {
          "Fn::GetAtt": [
            "CustomCWLKey7119CF89",
            "Arn",
          ],
        },
        "LogGroupName": "/aws/directoryservice/AcceleratorManagedActiveDirectory",
        "RetentionInDays": 30,
      },
      "Type": "AWS::Logs::LogGroup",
      "UpdateReplacePolicy": "Delete",
    },
    "ActiveDirectoryLogSubscriptionAcceleratorManagedActiveDirectoryLogGroupPolicyResourcePolicy7874D8BA": {
      "Properties": {
        "PolicyDocument": {
          "Fn::Join": [
            "",
            [
              "{"Statement":[{"Action":["logs:CreateLogStream","logs:PutLogEvents"],"Effect":"Allow","Principal":{"Service":"ds.amazonaws.com"},"Resource":"",
              {
                "Fn::GetAtt": [
                  "ActiveDirectoryLogSubscriptionAcceleratorManagedActiveDirectoryLogGroup4142C133",
                  "Arn",
                ],
              },
              ""}],"Version":"2012-10-17"}",
            ],
          ],
        },
        "PolicyName": "ActiveDirectoryLogSubscriptionAcceleratorManagedActiveDirectoryLogGroupPolicy8BDF34B7",
      },
      "Type": "AWS::Logs::ResourcePolicy",
    },
    "ActiveDirectoryLogSubscriptionManageActiveDirectoryLogSubscriptionFunction8B7A6975": {
      "DependsOn": [
        "ActiveDirectoryLogSubscriptionManageActiveDirectoryLogSubscriptionFunctionServiceRoleDefaultPolicy64E35F73",
        "ActiveDirectoryLogSubscriptionManageActiveDirectoryLogSubscriptionFunctionServiceRole8387EE78",
      ],
      "Properties": {
        "Code": {
          "S3Bucket": {
            "Fn::Sub": "cdk-hnb659fds-assets-\${AWS::AccountId}-\${AWS::Region}",
          },
          "S3Key": "REPLACED-GENERATED-NAME.zip",
        },
        "Description": "Manage active directory log subscription handler",
        "Handler": "index.handler",
        "KmsKeyArn": {
          "Fn::GetAtt": [
            "CustomLambdaKey2287F5A9",
            "Arn",
          ],
        },
        "Role": {
          "Fn::GetAtt": [
            "ActiveDirectoryLogSubscriptionManageActiveDirectoryLogSubscriptionFunctionServiceRole8387EE78",
            "Arn",
          ],
        },
        "Runtime": "nodejs18.x",
        "Timeout": 30,
      },
      "Type": "AWS::Lambda::Function",
    },
    "ActiveDirectoryLogSubscriptionManageActiveDirectoryLogSubscriptionFunctionLogGroupA268486C": {
      "DeletionPolicy": "Delete",
      "Properties": {
        "KmsKeyId": {
          "Fn::GetAtt": [
            "CustomCWLKey7119CF89",
            "Arn",
          ],
        },
        "LogGroupName": {
          "Fn::Join": [
            "",
            [
              "/aws/lambda/",
              {
                "Ref": "ActiveDirectoryLogSubscriptionManageActiveDirectoryLogSubscriptionFunction8B7A6975",
              },
            ],
          ],
        },
        "RetentionInDays": 30,
      },
      "Type": "AWS::Logs::LogGroup",
      "UpdateReplacePolicy": "Delete",
    },
    "ActiveDirectoryLogSubscriptionManageActiveDirectoryLogSubscriptionFunctionServiceRole8387EE78": {
      "Properties": {
        "AssumeRolePolicyDocument": {
          "Statement": [
            {
              "Action": "sts:AssumeRole",
              "Effect": "Allow",
              "Principal": {
                "Service": "lambda.amazonaws.com",
              },
            },
          ],
          "Version": "2012-10-17",
        },
        "ManagedPolicyArns": [
          {
            "Fn::Join": [
              "",
              [
                "arn:",
                {
                  "Ref": "AWS::Partition",
                },
                ":iam::aws:policy/service-role/AWSLambdaBasicExecutionRole",
              ],
            ],
          },
        ],
      },
      "Type": "AWS::IAM::Role",
    },
    "ActiveDirectoryLogSubscriptionManageActiveDirectoryLogSubscriptionFunctionServiceRoleDefaultPolicy64E35F73": {
      "Properties": {
        "PolicyDocument": {
          "Statement": [
            {
              "Action": [
                "ds:ListLogSubscriptions",
                "ds:CreateLogSubscription",
                "ds:DeleteLogSubscription",
              ],
              "Effect": "Allow",
              "Resource": "*",
              "Sid": "LogSubscription",
            },
          ],
          "Version": "2012-10-17",
        },
        "PolicyName": "ActiveDirectoryLogSubscriptionManageActiveDirectoryLogSubscriptionFunctionServiceRoleDefaultPolicy64E35F73",
        "Roles": [
          {
            "Ref": "ActiveDirectoryLogSubscriptionManageActiveDirectoryLogSubscriptionFunctionServiceRole8387EE78",
          },
        ],
      },
      "Type": "AWS::IAM::Policy",
    },
    "ActiveDirectoryLogSubscriptionManageActiveDirectoryLogSubscriptionProviderframeworkonEventE7A9F2C8": {
      "DependsOn": [
        "ActiveDirectoryLogSubscriptionManageActiveDirectoryLogSubscriptionProviderframeworkonEventServiceRoleDefaultPolicyC4E51E52",
        "ActiveDirectoryLogSubscriptionManageActiveDirectoryLogSubscriptionProviderframeworkonEventServiceRole76E6ACBB",
      ],
      "Properties": {
        "Code": {
          "S3Bucket": {
            "Fn::Sub": "cdk-hnb659fds-assets-\${AWS::AccountId}-\${AWS::Region}",
          },
          "S3Key": "REPLACED-GENERATED-NAME.zip",
        },
        "Description": "AWS CDK resource provider framework - onEvent (Default/ActiveDirectoryLogSubscription/ManageActiveDirectoryLogSubscriptionProvider)",
        "Environment": {
          "Variables": {
            "USER_ON_EVENT_FUNCTION_ARN": {
              "Fn::GetAtt": [
                "ActiveDirectoryLogSubscriptionManageActiveDirectoryLogSubscriptionFunction8B7A6975",
                "Arn",
              ],
            },
          },
        },
        "Handler": "framework.onEvent",
        "Role": {
          "Fn::GetAtt": [
            "ActiveDirectoryLogSubscriptionManageActiveDirectoryLogSubscriptionProviderframeworkonEventServiceRole76E6ACBB",
            "Arn",
          ],
        },
        "Runtime": {
          "Fn::FindInMap": [
            "LatestNodeRuntimeMap",
            {
              "Ref": "AWS::Region",
            },
            "value",
          ],
        },
        "Timeout": 900,
      },
      "Type": "AWS::Lambda::Function",
    },
    "ActiveDirectoryLogSubscriptionManageActiveDirectoryLogSubscriptionProviderframeworkonEventServiceRole76E6ACBB": {
      "Properties": {
        "AssumeRolePolicyDocument": {
          "Statement": [
            {
              "Action": "sts:AssumeRole",
              "Effect": "Allow",
              "Principal": {
                "Service": "lambda.amazonaws.com",
              },
            },
          ],
          "Version": "2012-10-17",
        },
        "ManagedPolicyArns": [
          {
            "Fn::Join": [
              "",
              [
                "arn:",
                {
                  "Ref": "AWS::Partition",
                },
                ":iam::aws:policy/service-role/AWSLambdaBasicExecutionRole",
              ],
            ],
          },
        ],
      },
      "Type": "AWS::IAM::Role",
    },
    "ActiveDirectoryLogSubscriptionManageActiveDirectoryLogSubscriptionProviderframeworkonEventServiceRoleDefaultPolicyC4E51E52": {
      "Properties": {
        "PolicyDocument": {
          "Statement": [
            {
              "Action": "lambda:InvokeFunction",
              "Effect": "Allow",
              "Resource": [
                {
                  "Fn::GetAtt": [
                    "ActiveDirectoryLogSubscriptionManageActiveDirectoryLogSubscriptionFunction8B7A6975",
                    "Arn",
                  ],
                },
                {
                  "Fn::Join": [
                    "",
                    [
                      {
                        "Fn::GetAtt": [
                          "ActiveDirectoryLogSubscriptionManageActiveDirectoryLogSubscriptionFunction8B7A6975",
                          "Arn",
                        ],
                      },
                      ":*",
                    ],
                  ],
                },
              ],
            },
          ],
          "Version": "2012-10-17",
        },
        "PolicyName": "ActiveDirectoryLogSubscriptionManageActiveDirectoryLogSubscriptionProviderframeworkonEventServiceRoleDefaultPolicyC4E51E52",
        "Roles": [
          {
            "Ref": "ActiveDirectoryLogSubscriptionManageActiveDirectoryLogSubscriptionProviderframeworkonEventServiceRole76E6ACBB",
          },
        ],
      },
      "Type": "AWS::IAM::Policy",
    },
    "CustomCWLKey7119CF89": {
      "DeletionPolicy": "Retain",
      "Properties": {
        "KeyPolicy": {
          "Statement": [
            {
              "Action": "kms:*",
              "Effect": "Allow",
              "Principal": {
                "AWS": {
                  "Fn::Join": [
                    "",
                    [
                      "arn:",
                      {
                        "Ref": "AWS::Partition",
                      },
                      ":iam::",
                      {
                        "Ref": "AWS::AccountId",
                      },
                      ":root",
                    ],
                  ],
                },
              },
              "Resource": "*",
            },
          ],
          "Version": "2012-10-17",
        },
      },
      "Type": "AWS::KMS::Key",
      "UpdateReplacePolicy": "Retain",
    },
    "CustomLambdaKey2287F5A9": {
      "DeletionPolicy": "Retain",
      "Properties": {
        "KeyPolicy": {
          "Statement": [
            {
              "Action": "kms:*",
              "Effect": "Allow",
              "Principal": {
                "AWS": {
                  "Fn::Join": [
                    "",
                    [
                      "arn:",
                      {
                        "Ref": "AWS::Partition",
                      },
                      ":iam::",
                      {
                        "Ref": "AWS::AccountId",
                      },
                      ":root",
                    ],
                  ],
                },
              },
              "Resource": "*",
            },
          ],
          "Version": "2012-10-17",
        },
      },
      "Type": "AWS::KMS::Key",
      "UpdateReplacePolicy": "Retain",
    },
  },
}
`;
