// Jest Snapshot v1, https://goo.gl/fbAQLP

exports[`AutoscalingGroup Construct(AutoscalingGroup):  Snapshot Test 1`] = `
{
  "Resources": {
    "CustomKey1E6D0D07": {
      "DeletionPolicy": "Retain",
      "Properties": {
        "KeyPolicy": {
          "Statement": [
            {
              "Action": "kms:*",
              "Effect": "Allow",
              "Principal": {
                "AWS": {
                  "Fn::Join": [
                    "",
                    [
                      "arn:",
                      {
                        "Ref": "AWS::Partition",
                      },
                      ":iam::",
                      {
                        "Ref": "AWS::AccountId",
                      },
                      ":root",
                    ],
                  ],
                },
              },
              "Resource": "*",
            },
          ],
          "Version": "2012-10-17",
        },
      },
      "Type": "AWS::KMS::Key",
      "UpdateReplacePolicy": "Retain",
    },
    "CustomKeyCloudWatchFB91CD4E": {
      "DeletionPolicy": "Retain",
      "Properties": {
        "KeyPolicy": {
          "Statement": [
            {
              "Action": "kms:*",
              "Effect": "Allow",
              "Principal": {
                "AWS": {
                  "Fn::Join": [
                    "",
                    [
                      "arn:",
                      {
                        "Ref": "AWS::Partition",
                      },
                      ":iam::",
                      {
                        "Ref": "AWS::AccountId",
                      },
                      ":root",
                    ],
                  ],
                },
              },
              "Resource": "*",
            },
          ],
          "Version": "2012-10-17",
        },
      },
      "Type": "AWS::KMS::Key",
      "UpdateReplacePolicy": "Retain",
    },
    "Test7BFAF513": {
      "Properties": {
        "DesiredCapacity": "2",
        "HealthCheckGracePeriod": 300,
        "HealthCheckType": "ELB",
        "LaunchTemplate": {
          "LaunchTemplateId": "string",
          "Version": "string",
        },
        "MaxSize": "4",
        "MinSize": "1",
        "Tags": [
          {
            "Key": "key",
            "PropagateAtLaunch": true,
            "Value": "value",
          },
        ],
        "TargetGroupARNs": [
          "string",
        ],
        "VPCZoneIdentifier": [
          "string",
        ],
      },
      "Type": "AWS::AutoScaling::AutoScalingGroup",
    },
    "TestAutoScalingServiceLinkedRoleCreateServiceLinkedRoleFunction48483210": {
      "DependsOn": [
        "TestAutoScalingServiceLinkedRoleCreateServiceLinkedRoleFunctionServiceRoleDefaultPolicy5556EF30",
        "TestAutoScalingServiceLinkedRoleCreateServiceLinkedRoleFunctionServiceRoleD427D69E",
      ],
      "Properties": {
        "Code": {
          "S3Bucket": {
            "Fn::Sub": "cdk-hnb659fds-assets-\${AWS::AccountId}-\${AWS::Region}",
          },
          "S3Key": "REPLACED-GENERATED-NAME.zip",
        },
        "Description": "Custom resource provider to create service linked role",
        "Handler": "index.handler",
        "KmsKeyArn": {
          "Fn::GetAtt": [
            "CustomKey1E6D0D07",
            "Arn",
          ],
        },
        "MemorySize": 512,
        "Role": {
          "Fn::GetAtt": [
            "TestAutoScalingServiceLinkedRoleCreateServiceLinkedRoleFunctionServiceRoleD427D69E",
            "Arn",
          ],
        },
        "Runtime": "nodejs18.x",
        "Timeout": 900,
      },
      "Type": "AWS::Lambda::Function",
    },
    "TestAutoScalingServiceLinkedRoleCreateServiceLinkedRoleFunctionLogGroup4DBD4D73": {
      "DeletionPolicy": "Delete",
      "Properties": {
        "KmsKeyId": {
          "Fn::GetAtt": [
            "CustomKeyCloudWatchFB91CD4E",
            "Arn",
          ],
        },
        "LogGroupName": {
          "Fn::Join": [
            "",
            [
              "/aws/lambda/",
              {
                "Ref": "TestAutoScalingServiceLinkedRoleCreateServiceLinkedRoleFunction48483210",
              },
            ],
          ],
        },
        "RetentionInDays": 3653,
      },
      "Type": "AWS::Logs::LogGroup",
      "UpdateReplacePolicy": "Delete",
    },
    "TestAutoScalingServiceLinkedRoleCreateServiceLinkedRoleFunctionServiceRoleD427D69E": {
      "Properties": {
        "AssumeRolePolicyDocument": {
          "Statement": [
            {
              "Action": "sts:AssumeRole",
              "Effect": "Allow",
              "Principal": {
                "Service": "lambda.amazonaws.com",
              },
            },
          ],
          "Version": "2012-10-17",
        },
        "ManagedPolicyArns": [
          {
            "Fn::Join": [
              "",
              [
                "arn:",
                {
                  "Ref": "AWS::Partition",
                },
                ":iam::aws:policy/service-role/AWSLambdaBasicExecutionRole",
              ],
            ],
          },
        ],
      },
      "Type": "AWS::IAM::Role",
    },
    "TestAutoScalingServiceLinkedRoleCreateServiceLinkedRoleFunctionServiceRoleDefaultPolicy5556EF30": {
      "Properties": {
        "PolicyDocument": {
          "Statement": [
            {
              "Action": [
                "iam:CreateServiceLinkedRole",
                "iam:GetRole",
              ],
              "Effect": "Allow",
              "Resource": "*",
            },
          ],
          "Version": "2012-10-17",
        },
        "PolicyName": "TestAutoScalingServiceLinkedRoleCreateServiceLinkedRoleFunctionServiceRoleDefaultPolicy5556EF30",
        "Roles": [
          {
            "Ref": "TestAutoScalingServiceLinkedRoleCreateServiceLinkedRoleFunctionServiceRoleD427D69E",
          },
        ],
      },
      "Type": "AWS::IAM::Policy",
    },
    "TestAutoScalingServiceLinkedRoleCreateServiceLinkedRoleProviderframeworkonEvent25455835": {
      "DependsOn": [
        "TestAutoScalingServiceLinkedRoleCreateServiceLinkedRoleProviderframeworkonEventServiceRoleDefaultPolicy610C6366",
        "TestAutoScalingServiceLinkedRoleCreateServiceLinkedRoleProviderframeworkonEventServiceRole6926E52E",
      ],
      "Properties": {
        "Code": {
          "S3Bucket": {
            "Fn::Sub": "cdk-hnb659fds-assets-\${AWS::AccountId}-\${AWS::Region}",
          },
          "S3Key": "REPLACED-GENERATED-NAME.zip",
        },
        "Description": "AWS CDK resource provider framework - onEvent (Default/Test/AutoScalingServiceLinkedRole/CreateServiceLinkedRoleProvider)",
        "Environment": {
          "Variables": {
            "USER_ON_EVENT_FUNCTION_ARN": {
              "Fn::GetAtt": [
                "TestAutoScalingServiceLinkedRoleCreateServiceLinkedRoleFunction48483210",
                "Arn",
              ],
            },
          },
        },
        "Handler": "framework.onEvent",
        "Role": {
          "Fn::GetAtt": [
            "TestAutoScalingServiceLinkedRoleCreateServiceLinkedRoleProviderframeworkonEventServiceRole6926E52E",
            "Arn",
          ],
        },
        "Runtime": "nodejs18.x",
        "Timeout": 900,
      },
      "Type": "AWS::Lambda::Function",
    },
    "TestAutoScalingServiceLinkedRoleCreateServiceLinkedRoleProviderframeworkonEventServiceRole6926E52E": {
      "Properties": {
        "AssumeRolePolicyDocument": {
          "Statement": [
            {
              "Action": "sts:AssumeRole",
              "Effect": "Allow",
              "Principal": {
                "Service": "lambda.amazonaws.com",
              },
            },
          ],
          "Version": "2012-10-17",
        },
        "ManagedPolicyArns": [
          {
            "Fn::Join": [
              "",
              [
                "arn:",
                {
                  "Ref": "AWS::Partition",
                },
                ":iam::aws:policy/service-role/AWSLambdaBasicExecutionRole",
              ],
            ],
          },
        ],
      },
      "Type": "AWS::IAM::Role",
    },
    "TestAutoScalingServiceLinkedRoleCreateServiceLinkedRoleProviderframeworkonEventServiceRoleDefaultPolicy610C6366": {
      "Properties": {
        "PolicyDocument": {
          "Statement": [
            {
              "Action": "lambda:InvokeFunction",
              "Effect": "Allow",
              "Resource": [
                {
                  "Fn::GetAtt": [
                    "TestAutoScalingServiceLinkedRoleCreateServiceLinkedRoleFunction48483210",
                    "Arn",
                  ],
                },
                {
                  "Fn::Join": [
                    "",
                    [
                      {
                        "Fn::GetAtt": [
                          "TestAutoScalingServiceLinkedRoleCreateServiceLinkedRoleFunction48483210",
                          "Arn",
                        ],
                      },
                      ":*",
                    ],
                  ],
                },
              ],
            },
          ],
          "Version": "2012-10-17",
        },
        "PolicyName": "TestAutoScalingServiceLinkedRoleCreateServiceLinkedRoleProviderframeworkonEventServiceRoleDefaultPolicy610C6366",
        "Roles": [
          {
            "Ref": "TestAutoScalingServiceLinkedRoleCreateServiceLinkedRoleProviderframeworkonEventServiceRole6926E52E",
          },
        ],
      },
      "Type": "AWS::IAM::Policy",
    },
    "TestAutoScalingServiceLinkedRoleCreateServiceLinkedRoleResourceC5B197D4": {
      "DeletionPolicy": "Delete",
      "DependsOn": [
        "TestAutoScalingServiceLinkedRoleCreateServiceLinkedRoleFunctionLogGroup4DBD4D73",
      ],
      "Properties": {
        "ServiceToken": {
          "Fn::GetAtt": [
            "TestAutoScalingServiceLinkedRoleCreateServiceLinkedRoleProviderframeworkonEvent25455835",
            "Arn",
          ],
        },
        "description": "Default Service-Linked Role enables access to AWS Services and Resources used or managed by Auto Scaling",
        "roleName": "AWSServiceRoleForAutoScaling",
        "serviceName": "autoscaling.amazonaws.com",
        "uuid": "REPLACED-UUID",
      },
      "Type": "Custom::CreateServiceLinkedRole",
      "UpdateReplacePolicy": "Delete",
    },
  },
}
`;
