// Jest Snapshot v1, https://goo.gl/fbAQLP

exports[`SecurityHubOrganizationAdminAccount Construct(SecurityHubOrganizationAdminAccount):  Snapshot Test 1`] = `
{
  "Resources": {
    "CustomKey1E6D0D07": {
      "DeletionPolicy": "Retain",
      "Properties": {
        "KeyPolicy": {
          "Statement": [
            {
              "Action": "kms:*",
              "Effect": "Allow",
              "Principal": {
                "AWS": {
                  "Fn::Join": [
                    "",
                    [
                      "arn:",
                      {
                        "Ref": "AWS::Partition",
                      },
                      ":iam::",
                      {
                        "Ref": "AWS::AccountId",
                      },
                      ":root",
                    ],
                  ],
                },
              },
              "Resource": "*",
            },
          ],
          "Version": "2012-10-17",
        },
      },
      "Type": "AWS::KMS::Key",
      "UpdateReplacePolicy": "Retain",
    },
    "CustomSecurityHubEnableOrganizationAdminAccountCustomResourceProviderHandler194C30B9": {
      "DependsOn": [
        "CustomSecurityHubEnableOrganizationAdminAccountCustomResourceProviderRole1CBC866F",
      ],
      "Properties": {
        "Code": {
          "S3Bucket": {
            "Fn::Sub": "cdk-hnb659fds-assets-\${AWS::AccountId}-\${AWS::Region}",
          },
          "S3Key": "REPLACED-GENERATED-NAME.zip",
        },
        "Handler": "__entrypoint__.handler",
        "MemorySize": 128,
        "Role": {
          "Fn::GetAtt": [
            "CustomSecurityHubEnableOrganizationAdminAccountCustomResourceProviderRole1CBC866F",
            "Arn",
          ],
        },
        "Runtime": "nodejs18.x",
        "Timeout": 180,
      },
      "Type": "AWS::Lambda::Function",
    },
    "CustomSecurityHubEnableOrganizationAdminAccountCustomResourceProviderLogGroupDB7DE8A3": {
      "DeletionPolicy": "Delete",
      "Properties": {
        "KmsKeyId": {
          "Fn::GetAtt": [
            "CustomKey1E6D0D07",
            "Arn",
          ],
        },
        "LogGroupName": {
          "Fn::Join": [
            "",
            [
              "/aws/lambda/",
              {
                "Ref": "CustomSecurityHubEnableOrganizationAdminAccountCustomResourceProviderHandler194C30B9",
              },
            ],
          ],
        },
        "RetentionInDays": 3653,
      },
      "Type": "AWS::Logs::LogGroup",
      "UpdateReplacePolicy": "Delete",
    },
    "CustomSecurityHubEnableOrganizationAdminAccountCustomResourceProviderRole1CBC866F": {
      "Properties": {
        "AssumeRolePolicyDocument": {
          "Statement": [
            {
              "Action": "sts:AssumeRole",
              "Effect": "Allow",
              "Principal": {
                "Service": "lambda.amazonaws.com",
              },
            },
          ],
          "Version": "2012-10-17",
        },
        "ManagedPolicyArns": [
          {
            "Fn::Sub": "arn:\${AWS::Partition}:iam::aws:policy/service-role/AWSLambdaBasicExecutionRole",
          },
        ],
        "Policies": [
          {
            "PolicyDocument": {
              "Statement": [
                {
                  "Action": [
                    "organizations:DescribeOrganization",
                    "organizations:ListAccounts",
                    "organizations:ListDelegatedAdministrators",
                  ],
                  "Effect": "Allow",
                  "Resource": "*",
                  "Sid": "SecurityHubEnableOrganizationAdminAccountTaskOrganizationActions",
                },
                {
                  "Action": "organizations:EnableAWSServiceAccess",
                  "Condition": {
                    "StringEquals": {
                      "organizations:ServicePrincipal": "securityhub.amazonaws.com",
                    },
                  },
                  "Effect": "Allow",
                  "Resource": "*",
                },
                {
                  "Action": [
                    "organizations:RegisterDelegatedAdministrator",
                    "organizations:DeregisterDelegatedAdministrator",
                  ],
                  "Condition": {
                    "StringEquals": {
                      "organizations:ServicePrincipal": "securityhub.amazonaws.com",
                    },
                  },
                  "Effect": "Allow",
                  "Resource": {
                    "Fn::Join": [
                      "",
                      [
                        "arn:",
                        {
                          "Ref": "AWS::Partition",
                        },
                        ":organizations::*:account/o-*/*",
                      ],
                    ],
                  },
                },
                {
                  "Action": [
                    "iam:CreateServiceLinkedRole",
                  ],
                  "Condition": {
                    "StringLike": {
                      "iam:AWSServiceName": [
                        "securityhub.amazonaws.com",
                      ],
                    },
                  },
                  "Effect": "Allow",
                  "Resource": "*",
                  "Sid": "SecurityHubCreateMembersTaskIamAction",
                },
                {
                  "Action": [
                    "securityhub:DisableOrganizationAdminAccount",
                    "securityhub:EnableOrganizationAdminAccount",
                    "securityhub:EnableSecurityHub",
                    "securityhub:ListOrganizationAdminAccounts",
                  ],
                  "Effect": "Allow",
                  "Resource": "*",
                  "Sid": "SecurityHubEnableOrganizationAdminAccountTaskSecurityHubActions",
                },
              ],
              "Version": "2012-10-17",
            },
            "PolicyName": "Inline",
          },
        ],
      },
      "Type": "AWS::IAM::Role",
    },
    "SecurityHubOrganizationAdminAccount71D5E029": {
      "DeletionPolicy": "Delete",
      "DependsOn": [
        "CustomSecurityHubEnableOrganizationAdminAccountCustomResourceProviderLogGroupDB7DE8A3",
      ],
      "Properties": {
        "ServiceToken": {
          "Fn::GetAtt": [
            "CustomSecurityHubEnableOrganizationAdminAccountCustomResourceProviderHandler194C30B9",
            "Arn",
          ],
        },
        "adminAccountId": {
          "Ref": "AWS::AccountId",
        },
        "partition": {
          "Ref": "AWS::Partition",
        },
        "region": {
          "Ref": "AWS::Region",
        },
      },
      "Type": "Custom::SecurityHubEnableOrganizationAdminAccount",
      "UpdateReplacePolicy": "Delete",
    },
  },
}
`;
