// Jest Snapshot v1, https://goo.gl/fbAQLP

exports[`Network Firewall Policy Construct(NetworkFirewallPolicy):  Snapshot Test 1`] = `
{
  "Resources": {
    "TestPolicy14DF854C3": {
      "Properties": {
        "FirewallPolicy": {
          "StatefulDefaultActions": [
            "statefulDefaultActions",
          ],
          "StatefulEngineOptions": {
            "RuleOrder": "statefulEngineOptions",
          },
          "StatefulRuleGroupReferences": [
            {
              "Priority": 123,
              "ResourceArn": "resourceArn",
            },
          ],
          "StatelessCustomActions": [
            {
              "ActionDefinition": {
                "PublishMetricAction": {
                  "Dimensions": [
                    {
                      "Value": "CustomValue",
                    },
                  ],
                },
              },
              "ActionName": "actionName",
            },
          ],
          "StatelessDefaultActions": [
            "statelessDefaultActions",
          ],
          "StatelessFragmentDefaultActions": [
            "statelessFragmentDefaultActions",
          ],
          "StatelessRuleGroupReferences": [
            {
              "Priority": 123,
              "ResourceArn": "resourceArn",
            },
          ],
        },
        "FirewallPolicyName": "TestFirewallPolicy1",
        "Tags": [
          {
            "Key": "Name",
            "Value": "TestFirewallPolicy1",
          },
        ],
      },
      "Type": "AWS::NetworkFirewall::FirewallPolicy",
    },
    "TestPolicyCC05E598": {
      "Properties": {
        "FirewallPolicy": {
          "StatefulEngineOptions": {
            "RuleOrder": "STRICT_ORDER",
          },
          "StatefulRuleGroupReferences": [
            {
              "Priority": 123,
              "ResourceArn": "arn:aws:network-firewall:us-east-1:222222222222:stateful-rulegroup/TestGroup",
            },
          ],
          "StatelessDefaultActions": [
            "aws:forward_to_sfe",
          ],
          "StatelessFragmentDefaultActions": [
            "aws:forward_to_sfe",
          ],
        },
        "FirewallPolicyName": "TestFirewallPolicy",
        "Tags": [
          {
            "Key": "Name",
            "Value": "TestFirewallPolicy",
          },
        ],
      },
      "Type": "AWS::NetworkFirewall::FirewallPolicy",
    },
  },
}
`;
