// Jest Snapshot v1, https://goo.gl/fbAQLP

exports[`DetectiveMembers Construct(DetectiveMembers):  Snapshot Test 1`] = `
{
  "Resources": {
    "CustomDetectiveCreateMembersCustomResourceProviderHandler0A0D060D": {
      "DependsOn": [
        "CustomDetectiveCreateMembersCustomResourceProviderRole90BCDD0D",
      ],
      "Properties": {
        "Code": {
          "S3Bucket": {
            "Fn::Sub": "cdk-hnb659fds-assets-\${AWS::AccountId}-\${AWS::Region}",
          },
          "S3Key": "REPLACED-GENERATED-NAME.zip",
        },
        "Handler": "__entrypoint__.handler",
        "MemorySize": 128,
        "Role": {
          "Fn::GetAtt": [
            "CustomDetectiveCreateMembersCustomResourceProviderRole90BCDD0D",
            "Arn",
          ],
        },
        "Runtime": "nodejs18.x",
        "Timeout": 900,
      },
      "Type": "AWS::Lambda::Function",
    },
    "CustomDetectiveCreateMembersCustomResourceProviderLogGroup8A5563BD": {
      "DeletionPolicy": "Retain",
      "Properties": {
        "KmsKeyId": {
          "Fn::GetAtt": [
            "CustomKey1E6D0D07",
            "Arn",
          ],
        },
        "LogGroupName": {
          "Fn::Join": [
            "",
            [
              "/aws/lambda/",
              {
                "Ref": "CustomDetectiveCreateMembersCustomResourceProviderHandler0A0D060D",
              },
            ],
          ],
        },
        "RetentionInDays": 3653,
      },
      "Type": "AWS::Logs::LogGroup",
      "UpdateReplacePolicy": "Retain",
    },
    "CustomDetectiveCreateMembersCustomResourceProviderRole90BCDD0D": {
      "Properties": {
        "AssumeRolePolicyDocument": {
          "Statement": [
            {
              "Action": "sts:AssumeRole",
              "Effect": "Allow",
              "Principal": {
                "Service": "lambda.amazonaws.com",
              },
            },
          ],
          "Version": "2012-10-17",
        },
        "ManagedPolicyArns": [
          {
            "Fn::Sub": "arn:\${AWS::Partition}:iam::aws:policy/service-role/AWSLambdaBasicExecutionRole",
          },
        ],
        "Policies": [
          {
            "PolicyDocument": {
              "Statement": [
                {
                  "Action": [
                    "detective:ListOrganizationAdminAccounts",
                    "detective:UpdateOrganizationConfiguration",
                    "detective:CreateMembers",
                    "detective:DeleteMembers",
                    "detective:DisassociateMembership",
                    "detective:ListMembers",
                    "detective:ListGraphs",
                  ],
                  "Effect": "Allow",
                  "Resource": "*",
                  "Sid": "DetectiveCreateMembersTaskDetectiveActions",
                },
                {
                  "Action": [
                    "iam:CreateServiceLinkedRole",
                  ],
                  "Effect": "Allow",
                  "Resource": [
                    "*",
                  ],
                  "Sid": "ServiceLinkedRoleDetective",
                },
                {
                  "Action": [
                    "organizations:ListAccounts",
                  ],
                  "Effect": "Allow",
                  "Resource": [
                    "*",
                  ],
                  "Sid": "OrganisationsListDetective",
                },
              ],
              "Version": "2012-10-17",
            },
            "PolicyName": "Inline",
          },
        ],
      },
      "Type": "AWS::IAM::Role",
    },
    "CustomKey1E6D0D07": {
      "DeletionPolicy": "Retain",
      "Properties": {
        "KeyPolicy": {
          "Statement": [
            {
              "Action": "kms:*",
              "Effect": "Allow",
              "Principal": {
                "AWS": {
                  "Fn::Join": [
                    "",
                    [
                      "arn:",
                      {
                        "Ref": "AWS::Partition",
                      },
                      ":iam::",
                      {
                        "Ref": "AWS::AccountId",
                      },
                      ":root",
                    ],
                  ],
                },
              },
              "Resource": "*",
            },
          ],
          "Version": "2012-10-17",
        },
      },
      "Type": "AWS::KMS::Key",
      "UpdateReplacePolicy": "Retain",
    },
    "DetectiveMembers42A16137": {
      "DeletionPolicy": "Delete",
      "DependsOn": [
        "CustomDetectiveCreateMembersCustomResourceProviderLogGroup8A5563BD",
      ],
      "Properties": {
        "ServiceToken": {
          "Fn::GetAtt": [
            "CustomDetectiveCreateMembersCustomResourceProviderHandler0A0D060D",
            "Arn",
          ],
        },
        "partition": {
          "Ref": "AWS::Partition",
        },
        "region": {
          "Ref": "AWS::Region",
        },
      },
      "Type": "Custom::DetectiveCreateMembers",
      "UpdateReplacePolicy": "Delete",
    },
  },
}
`;
