// Jest Snapshot v1, https://goo.gl/fbAQLP

exports[`GetPortfolioId Construct(GetPortfolioId):  Snapshot Test 1`] = `
{
  "Resources": {
    "AssociateHostedZonesF0E2F0DA": {
      "DeletionPolicy": "Delete",
      "DependsOn": [
        "CustomGetPortfolioIdCustomResourceProviderLogGroupA4D50C6A",
      ],
      "Properties": {
        "ServiceToken": {
          "Fn::GetAtt": [
            "CustomGetPortfolioIdCustomResourceProviderHandlerB6C78D44",
            "Arn",
          ],
        },
        "displayName": "AWS Control Tower Account Factory Portfolio",
        "providerName": "AWS Control Tower",
        "uuid": "REPLACED-UUID",
      },
      "Type": "Custom::GetPortfolioId",
      "UpdateReplacePolicy": "Delete",
    },
    "CustomGetPortfolioIdCustomResourceProviderHandlerB6C78D44": {
      "DependsOn": [
        "CustomGetPortfolioIdCustomResourceProviderRole698D24D6",
      ],
      "Properties": {
        "Code": {
          "S3Bucket": {
            "Fn::Sub": "cdk-hnb659fds-assets-\${AWS::AccountId}-\${AWS::Region}",
          },
          "S3Key": "REPLACED-GENERATED-NAME.zip",
        },
        "Handler": "__entrypoint__.handler",
        "MemorySize": 128,
        "Role": {
          "Fn::GetAtt": [
            "CustomGetPortfolioIdCustomResourceProviderRole698D24D6",
            "Arn",
          ],
        },
        "Runtime": "nodejs18.x",
        "Timeout": 900,
      },
      "Type": "AWS::Lambda::Function",
    },
    "CustomGetPortfolioIdCustomResourceProviderLogGroupA4D50C6A": {
      "DeletionPolicy": "Delete",
      "Properties": {
        "KmsKeyId": {
          "Fn::GetAtt": [
            "Key961B73FD",
            "Arn",
          ],
        },
        "LogGroupName": {
          "Fn::Join": [
            "",
            [
              "/aws/lambda/",
              {
                "Ref": "CustomGetPortfolioIdCustomResourceProviderHandlerB6C78D44",
              },
            ],
          ],
        },
        "RetentionInDays": 3653,
      },
      "Type": "AWS::Logs::LogGroup",
      "UpdateReplacePolicy": "Delete",
    },
    "CustomGetPortfolioIdCustomResourceProviderRole698D24D6": {
      "Properties": {
        "AssumeRolePolicyDocument": {
          "Statement": [
            {
              "Action": "sts:AssumeRole",
              "Effect": "Allow",
              "Principal": {
                "Service": "lambda.amazonaws.com",
              },
            },
          ],
          "Version": "2012-10-17",
        },
        "ManagedPolicyArns": [
          {
            "Fn::Sub": "arn:\${AWS::Partition}:iam::aws:policy/service-role/AWSLambdaBasicExecutionRole",
          },
        ],
        "Policies": [
          {
            "PolicyDocument": {
              "Statement": [
                {
                  "Action": [
                    "servicecatalog:ListPortfolios",
                  ],
                  "Effect": "Allow",
                  "Resource": "*",
                  "Sid": "ServiceCatalog",
                },
              ],
              "Version": "2012-10-17",
            },
            "PolicyName": "Inline",
          },
        ],
      },
      "Type": "AWS::IAM::Role",
    },
    "Key961B73FD": {
      "DeletionPolicy": "Retain",
      "Properties": {
        "KeyPolicy": {
          "Statement": [
            {
              "Action": "kms:*",
              "Effect": "Allow",
              "Principal": {
                "AWS": {
                  "Fn::Join": [
                    "",
                    [
                      "arn:",
                      {
                        "Ref": "AWS::Partition",
                      },
                      ":iam::",
                      {
                        "Ref": "AWS::AccountId",
                      },
                      ":root",
                    ],
                  ],
                },
              },
              "Resource": "*",
            },
          ],
          "Version": "2012-10-17",
        },
      },
      "Type": "AWS::KMS::Key",
      "UpdateReplacePolicy": "Retain",
    },
  },
}
`;
