// Jest Snapshot v1, https://goo.gl/fbAQLP

exports[`MacieExportConfigClassification Construct(MacieExportConfigClassification):  Snapshot Test 1`] = `
{
  "Resources": {
    "AwsMacieUpdateExportConfigClassification832781E3": {
      "DeletionPolicy": "Delete",
      "DependsOn": [
        "CustomMaciePutClassificationExportConfigurationCustomResourceProviderLogGroup727354F4",
      ],
      "Properties": {
        "ServiceToken": {
          "Fn::GetAtt": [
            "CustomMaciePutClassificationExportConfigurationCustomResourceProviderHandlerC53E2FCC",
            "Arn",
          ],
        },
        "bucketName": "bucketName",
        "findingPublishingFrequency": "ONE_HOUR",
        "keyPrefix": "111111111111-aws-macie-export-config",
        "kmsKeyArn": {
          "Fn::GetAtt": [
            "BucketKey7092080A",
            "Arn",
          ],
        },
        "publishClassificationFindings": true,
        "publishPolicyFindings": true,
        "region": {
          "Ref": "AWS::Region",
        },
      },
      "Type": "Custom::MaciePutClassificationExportConfiguration",
      "UpdateReplacePolicy": "Delete",
    },
    "BucketKey7092080A": {
      "DeletionPolicy": "Retain",
      "Properties": {
        "KeyPolicy": {
          "Statement": [
            {
              "Action": "kms:*",
              "Effect": "Allow",
              "Principal": {
                "AWS": {
                  "Fn::Join": [
                    "",
                    [
                      "arn:",
                      {
                        "Ref": "AWS::Partition",
                      },
                      ":iam::",
                      {
                        "Ref": "AWS::AccountId",
                      },
                      ":root",
                    ],
                  ],
                },
              },
              "Resource": "*",
            },
          ],
          "Version": "2012-10-17",
        },
      },
      "Type": "AWS::KMS::Key",
      "UpdateReplacePolicy": "Retain",
    },
    "CustomMaciePutClassificationExportConfigurationCustomResourceProviderHandlerC53E2FCC": {
      "DependsOn": [
        "CustomMaciePutClassificationExportConfigurationCustomResourceProviderRoleEB42D531",
      ],
      "Properties": {
        "Code": {
          "S3Bucket": {
            "Fn::Sub": "cdk-hnb659fds-assets-\${AWS::AccountId}-\${AWS::Region}",
          },
          "S3Key": "REPLACED-GENERATED-NAME.zip",
        },
        "Handler": "__entrypoint__.handler",
        "MemorySize": 128,
        "Role": {
          "Fn::GetAtt": [
            "CustomMaciePutClassificationExportConfigurationCustomResourceProviderRoleEB42D531",
            "Arn",
          ],
        },
        "Runtime": "nodejs18.x",
        "Timeout": 900,
      },
      "Type": "AWS::Lambda::Function",
    },
    "CustomMaciePutClassificationExportConfigurationCustomResourceProviderLogGroup727354F4": {
      "DeletionPolicy": "Delete",
      "Properties": {
        "KmsKeyId": {
          "Fn::GetAtt": [
            "LogKeyE83D0C1B",
            "Arn",
          ],
        },
        "LogGroupName": {
          "Fn::Join": [
            "",
            [
              "/aws/lambda/",
              {
                "Ref": "CustomMaciePutClassificationExportConfigurationCustomResourceProviderHandlerC53E2FCC",
              },
            ],
          ],
        },
        "RetentionInDays": 3653,
      },
      "Type": "AWS::Logs::LogGroup",
      "UpdateReplacePolicy": "Delete",
    },
    "CustomMaciePutClassificationExportConfigurationCustomResourceProviderRoleEB42D531": {
      "Properties": {
        "AssumeRolePolicyDocument": {
          "Statement": [
            {
              "Action": "sts:AssumeRole",
              "Effect": "Allow",
              "Principal": {
                "Service": "lambda.amazonaws.com",
              },
            },
          ],
          "Version": "2012-10-17",
        },
        "ManagedPolicyArns": [
          {
            "Fn::Sub": "arn:\${AWS::Partition}:iam::aws:policy/service-role/AWSLambdaBasicExecutionRole",
          },
        ],
        "Policies": [
          {
            "PolicyDocument": {
              "Statement": [
                {
                  "Action": [
                    "macie2:EnableMacie",
                    "macie2:GetClassificationExportConfiguration",
                    "macie2:UpdateMacieSession",
                    "macie2:GetMacieSession",
                    "macie2:PutClassificationExportConfiguration",
                    "macie2:PutFindingsPublicationConfiguration",
                  ],
                  "Effect": "Allow",
                  "Resource": "*",
                  "Sid": "MaciePutClassificationExportConfigurationTaskMacieActions",
                },
              ],
              "Version": "2012-10-17",
            },
            "PolicyName": "Inline",
          },
        ],
      },
      "Type": "AWS::IAM::Role",
    },
    "LogKeyE83D0C1B": {
      "DeletionPolicy": "Retain",
      "Properties": {
        "KeyPolicy": {
          "Statement": [
            {
              "Action": "kms:*",
              "Effect": "Allow",
              "Principal": {
                "AWS": {
                  "Fn::Join": [
                    "",
                    [
                      "arn:",
                      {
                        "Ref": "AWS::Partition",
                      },
                      ":iam::",
                      {
                        "Ref": "AWS::AccountId",
                      },
                      ":root",
                    ],
                  ],
                },
              },
              "Resource": "*",
            },
          ],
          "Version": "2012-10-17",
        },
      },
      "Type": "AWS::KMS::Key",
      "UpdateReplacePolicy": "Retain",
    },
  },
}
`;
