// Jest Snapshot v1, https://goo.gl/fbAQLP

exports[`Account Construct(Account):  Snapshot Test 1`] = `
{
  "Resources": {
    "Account0D856946": {
      "DeletionPolicy": "Delete",
      "DependsOn": [
        "CustomInviteAccountsToOrganizationCustomResourceProviderLogGroup4B13FC0F",
      ],
      "Properties": {
        "ServiceToken": {
          "Fn::GetAtt": [
            "CustomInviteAccountsToOrganizationCustomResourceProviderHandlerC9A5BAC1",
            "Arn",
          ],
        },
        "assumeRoleName": "AWSControlTowerExecution",
        "commitId": "abcd123456789",
        "configTableName": {
          "Ref": "ConfigTable5CD72349",
        },
        "partition": {
          "Ref": "AWS::Partition",
        },
        "uuid": "REPLACED-UUID",
      },
      "Type": "Custom::InviteAccountsToOrganization",
      "UpdateReplacePolicy": "Delete",
    },
    "ConfigTable5CD72349": {
      "DeletionPolicy": "Retain",
      "Properties": {
        "AttributeDefinitions": [
          {
            "AttributeName": "dataType",
            "AttributeType": "S",
          },
        ],
        "KeySchema": [
          {
            "AttributeName": "dataType",
            "KeyType": "HASH",
          },
        ],
        "ProvisionedThroughput": {
          "ReadCapacityUnits": 5,
          "WriteCapacityUnits": 5,
        },
      },
      "Type": "AWS::DynamoDB::Table",
      "UpdateReplacePolicy": "Retain",
    },
    "CustomInviteAccountsToOrganizationCustomResourceProviderHandlerC9A5BAC1": {
      "DependsOn": [
        "CustomInviteAccountsToOrganizationCustomResourceProviderRole88663193",
      ],
      "Properties": {
        "Code": {
          "S3Bucket": {
            "Fn::Sub": "cdk-hnb659fds-assets-\${AWS::AccountId}-\${AWS::Region}",
          },
          "S3Key": "REPLACED-GENERATED-NAME.zip",
        },
        "Handler": "__entrypoint__.handler",
        "MemorySize": 128,
        "Role": {
          "Fn::GetAtt": [
            "CustomInviteAccountsToOrganizationCustomResourceProviderRole88663193",
            "Arn",
          ],
        },
        "Runtime": "nodejs18.x",
        "Timeout": 900,
      },
      "Type": "AWS::Lambda::Function",
    },
    "CustomInviteAccountsToOrganizationCustomResourceProviderLogGroup4B13FC0F": {
      "DeletionPolicy": "Delete",
      "Properties": {
        "KmsKeyId": {
          "Fn::GetAtt": [
            "CustomKey1E6D0D07",
            "Arn",
          ],
        },
        "LogGroupName": {
          "Fn::Join": [
            "",
            [
              "/aws/lambda/",
              {
                "Ref": "CustomInviteAccountsToOrganizationCustomResourceProviderHandlerC9A5BAC1",
              },
            ],
          ],
        },
        "RetentionInDays": 3653,
      },
      "Type": "AWS::Logs::LogGroup",
      "UpdateReplacePolicy": "Delete",
    },
    "CustomInviteAccountsToOrganizationCustomResourceProviderRole88663193": {
      "Properties": {
        "AssumeRolePolicyDocument": {
          "Statement": [
            {
              "Action": "sts:AssumeRole",
              "Effect": "Allow",
              "Principal": {
                "Service": "lambda.amazonaws.com",
              },
            },
          ],
          "Version": "2012-10-17",
        },
        "ManagedPolicyArns": [
          {
            "Fn::Sub": "arn:\${AWS::Partition}:iam::aws:policy/service-role/AWSLambdaBasicExecutionRole",
          },
        ],
        "Policies": [
          {
            "PolicyDocument": {
              "Statement": [
                {
                  "Action": [
                    "organizations:AcceptHandshake",
                    "organizations:ListAccounts",
                    "organizations:InviteAccountToOrganization",
                    "organizations:MoveAccount",
                    "organizations:ListRoots",
                  ],
                  "Effect": "Allow",
                  "Resource": "*",
                },
                {
                  "Action": [
                    "dynamodb:Query",
                  ],
                  "Effect": "Allow",
                  "Resource": [
                    {
                      "Fn::GetAtt": [
                        "ConfigTable5CD72349",
                        "Arn",
                      ],
                    },
                  ],
                },
                {
                  "Action": [
                    "sts:AssumeRole",
                  ],
                  "Effect": "Allow",
                  "Resource": [
                    {
                      "Fn::Join": [
                        "",
                        [
                          "arn:",
                          {
                            "Ref": "AWS::Partition",
                          },
                          ":iam::*:role/AWSControlTowerExecution",
                        ],
                      ],
                    },
                  ],
                },
              ],
              "Version": "2012-10-17",
            },
            "PolicyName": "Inline",
          },
        ],
      },
      "Type": "AWS::IAM::Role",
    },
    "CustomKey1E6D0D07": {
      "DeletionPolicy": "Retain",
      "Properties": {
        "KeyPolicy": {
          "Statement": [
            {
              "Action": "kms:*",
              "Effect": "Allow",
              "Principal": {
                "AWS": {
                  "Fn::Join": [
                    "",
                    [
                      "arn:",
                      {
                        "Ref": "AWS::Partition",
                      },
                      ":iam::",
                      {
                        "Ref": "AWS::AccountId",
                      },
                      ":root",
                    ],
                  ],
                },
              },
              "Resource": "*",
            },
          ],
          "Version": "2012-10-17",
        },
      },
      "Type": "AWS::KMS::Key",
      "UpdateReplacePolicy": "Retain",
    },
  },
}
`;
