// Jest Snapshot v1, https://goo.gl/fbAQLP

exports[`ReportDefinition Construct(ConfigServiceTags):  Snapshot Test 1`] = `
{
  "Mappings": {
    "LatestNodeRuntimeMap": {
      "af-south-1": {
        "value": "nodejs20.x",
      },
      "ap-east-1": {
        "value": "nodejs20.x",
      },
      "ap-northeast-1": {
        "value": "nodejs20.x",
      },
      "ap-northeast-2": {
        "value": "nodejs20.x",
      },
      "ap-northeast-3": {
        "value": "nodejs20.x",
      },
      "ap-south-1": {
        "value": "nodejs20.x",
      },
      "ap-south-2": {
        "value": "nodejs20.x",
      },
      "ap-southeast-1": {
        "value": "nodejs20.x",
      },
      "ap-southeast-2": {
        "value": "nodejs20.x",
      },
      "ap-southeast-3": {
        "value": "nodejs20.x",
      },
      "ap-southeast-4": {
        "value": "nodejs20.x",
      },
      "ap-southeast-5": {
        "value": "nodejs20.x",
      },
      "ap-southeast-7": {
        "value": "nodejs20.x",
      },
      "ca-central-1": {
        "value": "nodejs20.x",
      },
      "ca-west-1": {
        "value": "nodejs20.x",
      },
      "cn-north-1": {
        "value": "nodejs18.x",
      },
      "cn-northwest-1": {
        "value": "nodejs18.x",
      },
      "eu-central-1": {
        "value": "nodejs20.x",
      },
      "eu-central-2": {
        "value": "nodejs20.x",
      },
      "eu-isoe-west-1": {
        "value": "nodejs18.x",
      },
      "eu-north-1": {
        "value": "nodejs20.x",
      },
      "eu-south-1": {
        "value": "nodejs20.x",
      },
      "eu-south-2": {
        "value": "nodejs20.x",
      },
      "eu-west-1": {
        "value": "nodejs20.x",
      },
      "eu-west-2": {
        "value": "nodejs20.x",
      },
      "eu-west-3": {
        "value": "nodejs20.x",
      },
      "il-central-1": {
        "value": "nodejs20.x",
      },
      "me-central-1": {
        "value": "nodejs20.x",
      },
      "me-south-1": {
        "value": "nodejs20.x",
      },
      "mx-central-1": {
        "value": "nodejs20.x",
      },
      "sa-east-1": {
        "value": "nodejs20.x",
      },
      "us-east-1": {
        "value": "nodejs20.x",
      },
      "us-east-2": {
        "value": "nodejs20.x",
      },
      "us-gov-east-1": {
        "value": "nodejs18.x",
      },
      "us-gov-west-1": {
        "value": "nodejs18.x",
      },
      "us-iso-east-1": {
        "value": "nodejs18.x",
      },
      "us-iso-west-1": {
        "value": "nodejs18.x",
      },
      "us-isob-east-1": {
        "value": "nodejs18.x",
      },
      "us-west-1": {
        "value": "nodejs20.x",
      },
      "us-west-2": {
        "value": "nodejs20.x",
      },
    },
  },
  "Resources": {
    "CreateOrganizationAccounts49A5350C": {
      "DeletionPolicy": "Delete",
      "DependsOn": [
        "CreateOrganizationAccountsCreateOrganizationAccountsLogGroup00D93B3C",
        "CreateOrganizationAccountsCreateOrganizationAccountStatusLogGroupD4DD5E40",
        "CreateOrganizationAccountsCreateOrganizationAccountsWaiterLogGroup60891BB2",
      ],
      "Properties": {
        "ServiceToken": {
          "Fn::GetAtt": [
            "CreateOrganizationAccountsCreateOrganizationAccountsProviderframeworkonEvent96B71A5A",
            "Arn",
          ],
        },
        "uuid": "REPLACED-UUID",
      },
      "Type": "Custom::CreateOrganizationAccounts",
      "UpdateReplacePolicy": "Delete",
    },
    "CreateOrganizationAccountsCreateOrganizationAccountStatusBBDEFDFE": {
      "DependsOn": [
        "CreateOrganizationAccountsCreateOrganizationAccountStatusServiceRoleDefaultPolicy217D2441",
        "CreateOrganizationAccountsCreateOrganizationAccountStatusServiceRole5944FA8B",
      ],
      "Properties": {
        "Code": {
          "S3Bucket": {
            "Fn::Sub": "cdk-hnb659fds-assets-\${AWS::AccountId}-\${AWS::Region}",
          },
          "S3Key": "REPLACED-GENERATED-NAME.zip",
        },
        "Description": "Create Organization Account isComplete handler",
        "Environment": {
          "Variables": {
            "AccountRoleName": "managementAccountAccessRole",
            "GovCloudAccountMappingTableName": {
              "Ref": "govCloudAccountMapping0E3D2AD8",
            },
            "NewOrgAccountsTableName": {
              "Ref": "NewOrgAccountsE5BA262F",
            },
          },
        },
        "Handler": "index.handler",
        "KmsKeyArn": {
          "Fn::GetAtt": [
            "CustomKey1E6D0D07",
            "Arn",
          ],
        },
        "Role": {
          "Fn::GetAtt": [
            "CreateOrganizationAccountsCreateOrganizationAccountStatusServiceRole5944FA8B",
            "Arn",
          ],
        },
        "Runtime": "nodejs18.x",
        "Timeout": 300,
      },
      "Type": "AWS::Lambda::Function",
    },
    "CreateOrganizationAccountsCreateOrganizationAccountStatusLogGroupD4DD5E40": {
      "DeletionPolicy": "Delete",
      "Properties": {
        "KmsKeyId": {
          "Fn::GetAtt": [
            "CustomKey1E6D0D07",
            "Arn",
          ],
        },
        "LogGroupName": {
          "Fn::Join": [
            "",
            [
              "/aws/lambda/",
              {
                "Ref": "CreateOrganizationAccountsCreateOrganizationAccountStatusBBDEFDFE",
              },
            ],
          ],
        },
        "RetentionInDays": 3653,
      },
      "Type": "AWS::Logs::LogGroup",
      "UpdateReplacePolicy": "Delete",
    },
    "CreateOrganizationAccountsCreateOrganizationAccountStatusServiceRole5944FA8B": {
      "Properties": {
        "AssumeRolePolicyDocument": {
          "Statement": [
            {
              "Action": "sts:AssumeRole",
              "Effect": "Allow",
              "Principal": {
                "Service": "lambda.amazonaws.com",
              },
            },
          ],
          "Version": "2012-10-17",
        },
        "ManagedPolicyArns": [
          {
            "Fn::Join": [
              "",
              [
                "arn:",
                {
                  "Ref": "AWS::Partition",
                },
                ":iam::aws:policy/service-role/AWSLambdaBasicExecutionRole",
              ],
            ],
          },
        ],
      },
      "Type": "AWS::IAM::Role",
    },
    "CreateOrganizationAccountsCreateOrganizationAccountStatusServiceRoleDefaultPolicy217D2441": {
      "Properties": {
        "PolicyDocument": {
          "Statement": [
            {
              "Action": [
                "dynamodb:Scan",
                "dynamodb:GetItem",
                "dynamodb:DeleteItem",
                "dynamodb:PutItem",
              ],
              "Effect": "Allow",
              "Resource": {
                "Fn::GetAtt": [
                  "NewOrgAccountsE5BA262F",
                  "Arn",
                ],
              },
              "Sid": "DynamoDb",
            },
            {
              "Action": [
                "kms:Encrypt",
                "kms:Decrypt",
                "kms:GenerateDataKey*",
                "kms:DescribeKey",
              ],
              "Effect": "Allow",
              "Resource": {
                "Fn::GetAtt": [
                  "TableKeyF581D96F",
                  "Arn",
                ],
              },
              "Sid": "KMS",
            },
            {
              "Action": [
                "organizations:CreateAccount",
                "organizations:CreateGovCloudAccount",
                "organizations:DescribeCreateAccountStatus",
                "organizations:ListRoots",
                "organizations:MoveAccount",
              ],
              "Effect": "Allow",
              "Resource": "*",
              "Sid": "Organizations",
            },
            {
              "Action": [
                "dynamodb:GetItem",
                "dynamodb:PutItem",
              ],
              "Effect": "Allow",
              "Resource": {
                "Fn::GetAtt": [
                  "govCloudAccountMapping0E3D2AD8",
                  "Arn",
                ],
              },
              "Sid": "MappingDynamoDb",
            },
            {
              "Action": [
                "kms:Encrypt",
                "kms:Decrypt",
                "kms:GenerateDataKey*",
                "kms:DescribeKey",
              ],
              "Effect": "Allow",
              "Resource": {
                "Fn::GetAtt": [
                  "GovCloudTableKeyE9635728",
                  "Arn",
                ],
              },
              "Sid": "MappingKMS",
            },
          ],
          "Version": "2012-10-17",
        },
        "PolicyName": "CreateOrganizationAccountsCreateOrganizationAccountStatusServiceRoleDefaultPolicy217D2441",
        "Roles": [
          {
            "Ref": "CreateOrganizationAccountsCreateOrganizationAccountStatusServiceRole5944FA8B",
          },
        ],
      },
      "Type": "AWS::IAM::Policy",
    },
    "CreateOrganizationAccountsCreateOrganizationAccountsLogGroup00D93B3C": {
      "DeletionPolicy": "Delete",
      "Properties": {
        "KmsKeyId": {
          "Fn::GetAtt": [
            "CustomKey1E6D0D07",
            "Arn",
          ],
        },
        "LogGroupName": {
          "Fn::Join": [
            "",
            [
              "/aws/lambda/",
              {
                "Ref": "CreateOrganizationAccountsDDA8AFE1",
              },
            ],
          ],
        },
        "RetentionInDays": 3653,
      },
      "Type": "AWS::Logs::LogGroup",
      "UpdateReplacePolicy": "Delete",
    },
    "CreateOrganizationAccountsCreateOrganizationAccountsProviderframeworkisComplete071270AC": {
      "DependsOn": [
        "CreateOrganizationAccountsCreateOrganizationAccountsProviderframeworkisCompleteServiceRoleDefaultPolicy17A8199B",
        "CreateOrganizationAccountsCreateOrganizationAccountsProviderframeworkisCompleteServiceRole19A96F30",
      ],
      "Properties": {
        "Code": {
          "S3Bucket": {
            "Fn::Sub": "cdk-hnb659fds-assets-\${AWS::AccountId}-\${AWS::Region}",
          },
          "S3Key": "REPLACED-GENERATED-NAME.zip",
        },
        "Description": "AWS CDK resource provider framework - isComplete (Stack/CreateOrganizationAccounts/CreateOrganizationAccountsProvider)",
        "Environment": {
          "Variables": {
            "USER_IS_COMPLETE_FUNCTION_ARN": {
              "Fn::GetAtt": [
                "CreateOrganizationAccountsCreateOrganizationAccountStatusBBDEFDFE",
                "Arn",
              ],
            },
            "USER_ON_EVENT_FUNCTION_ARN": {
              "Fn::GetAtt": [
                "CreateOrganizationAccountsDDA8AFE1",
                "Arn",
              ],
            },
          },
        },
        "Handler": "framework.isComplete",
        "Role": {
          "Fn::GetAtt": [
            "CreateOrganizationAccountsCreateOrganizationAccountsProviderframeworkisCompleteServiceRole19A96F30",
            "Arn",
          ],
        },
        "Runtime": {
          "Fn::FindInMap": [
            "LatestNodeRuntimeMap",
            {
              "Ref": "AWS::Region",
            },
            "value",
          ],
        },
        "Timeout": 900,
      },
      "Type": "AWS::Lambda::Function",
    },
    "CreateOrganizationAccountsCreateOrganizationAccountsProviderframeworkisCompleteServiceRole19A96F30": {
      "Properties": {
        "AssumeRolePolicyDocument": {
          "Statement": [
            {
              "Action": "sts:AssumeRole",
              "Effect": "Allow",
              "Principal": {
                "Service": "lambda.amazonaws.com",
              },
            },
          ],
          "Version": "2012-10-17",
        },
        "ManagedPolicyArns": [
          {
            "Fn::Join": [
              "",
              [
                "arn:",
                {
                  "Ref": "AWS::Partition",
                },
                ":iam::aws:policy/service-role/AWSLambdaBasicExecutionRole",
              ],
            ],
          },
        ],
      },
      "Type": "AWS::IAM::Role",
    },
    "CreateOrganizationAccountsCreateOrganizationAccountsProviderframeworkisCompleteServiceRoleDefaultPolicy17A8199B": {
      "Properties": {
        "PolicyDocument": {
          "Statement": [
            {
              "Action": "lambda:InvokeFunction",
              "Effect": "Allow",
              "Resource": [
                {
                  "Fn::GetAtt": [
                    "CreateOrganizationAccountsDDA8AFE1",
                    "Arn",
                  ],
                },
                {
                  "Fn::Join": [
                    "",
                    [
                      {
                        "Fn::GetAtt": [
                          "CreateOrganizationAccountsDDA8AFE1",
                          "Arn",
                        ],
                      },
                      ":*",
                    ],
                  ],
                },
              ],
            },
            {
              "Action": "lambda:InvokeFunction",
              "Effect": "Allow",
              "Resource": [
                {
                  "Fn::GetAtt": [
                    "CreateOrganizationAccountsCreateOrganizationAccountStatusBBDEFDFE",
                    "Arn",
                  ],
                },
                {
                  "Fn::Join": [
                    "",
                    [
                      {
                        "Fn::GetAtt": [
                          "CreateOrganizationAccountsCreateOrganizationAccountStatusBBDEFDFE",
                          "Arn",
                        ],
                      },
                      ":*",
                    ],
                  ],
                },
              ],
            },
          ],
          "Version": "2012-10-17",
        },
        "PolicyName": "CreateOrganizationAccountsCreateOrganizationAccountsProviderframeworkisCompleteServiceRoleDefaultPolicy17A8199B",
        "Roles": [
          {
            "Ref": "CreateOrganizationAccountsCreateOrganizationAccountsProviderframeworkisCompleteServiceRole19A96F30",
          },
        ],
      },
      "Type": "AWS::IAM::Policy",
    },
    "CreateOrganizationAccountsCreateOrganizationAccountsProviderframeworkonEvent96B71A5A": {
      "DependsOn": [
        "CreateOrganizationAccountsCreateOrganizationAccountsProviderframeworkonEventServiceRoleDefaultPolicy5CD1CC20",
        "CreateOrganizationAccountsCreateOrganizationAccountsProviderframeworkonEventServiceRole66CD01EF",
      ],
      "Properties": {
        "Code": {
          "S3Bucket": {
            "Fn::Sub": "cdk-hnb659fds-assets-\${AWS::AccountId}-\${AWS::Region}",
          },
          "S3Key": "REPLACED-GENERATED-NAME.zip",
        },
        "Description": "AWS CDK resource provider framework - onEvent (Stack/CreateOrganizationAccounts/CreateOrganizationAccountsProvider)",
        "Environment": {
          "Variables": {
            "USER_IS_COMPLETE_FUNCTION_ARN": {
              "Fn::GetAtt": [
                "CreateOrganizationAccountsCreateOrganizationAccountStatusBBDEFDFE",
                "Arn",
              ],
            },
            "USER_ON_EVENT_FUNCTION_ARN": {
              "Fn::GetAtt": [
                "CreateOrganizationAccountsDDA8AFE1",
                "Arn",
              ],
            },
            "WAITER_STATE_MACHINE_ARN": {
              "Ref": "CreateOrganizationAccountsCreateOrganizationAccountsProviderwaiterstatemachineC299C25B",
            },
          },
        },
        "Handler": "framework.onEvent",
        "Role": {
          "Fn::GetAtt": [
            "CreateOrganizationAccountsCreateOrganizationAccountsProviderframeworkonEventServiceRole66CD01EF",
            "Arn",
          ],
        },
        "Runtime": {
          "Fn::FindInMap": [
            "LatestNodeRuntimeMap",
            {
              "Ref": "AWS::Region",
            },
            "value",
          ],
        },
        "Timeout": 900,
      },
      "Type": "AWS::Lambda::Function",
    },
    "CreateOrganizationAccountsCreateOrganizationAccountsProviderframeworkonEventServiceRole66CD01EF": {
      "Properties": {
        "AssumeRolePolicyDocument": {
          "Statement": [
            {
              "Action": "sts:AssumeRole",
              "Effect": "Allow",
              "Principal": {
                "Service": "lambda.amazonaws.com",
              },
            },
          ],
          "Version": "2012-10-17",
        },
        "ManagedPolicyArns": [
          {
            "Fn::Join": [
              "",
              [
                "arn:",
                {
                  "Ref": "AWS::Partition",
                },
                ":iam::aws:policy/service-role/AWSLambdaBasicExecutionRole",
              ],
            ],
          },
        ],
      },
      "Type": "AWS::IAM::Role",
    },
    "CreateOrganizationAccountsCreateOrganizationAccountsProviderframeworkonEventServiceRoleDefaultPolicy5CD1CC20": {
      "Properties": {
        "PolicyDocument": {
          "Statement": [
            {
              "Action": "lambda:InvokeFunction",
              "Effect": "Allow",
              "Resource": [
                {
                  "Fn::GetAtt": [
                    "CreateOrganizationAccountsDDA8AFE1",
                    "Arn",
                  ],
                },
                {
                  "Fn::Join": [
                    "",
                    [
                      {
                        "Fn::GetAtt": [
                          "CreateOrganizationAccountsDDA8AFE1",
                          "Arn",
                        ],
                      },
                      ":*",
                    ],
                  ],
                },
              ],
            },
            {
              "Action": "lambda:InvokeFunction",
              "Effect": "Allow",
              "Resource": [
                {
                  "Fn::GetAtt": [
                    "CreateOrganizationAccountsCreateOrganizationAccountStatusBBDEFDFE",
                    "Arn",
                  ],
                },
                {
                  "Fn::Join": [
                    "",
                    [
                      {
                        "Fn::GetAtt": [
                          "CreateOrganizationAccountsCreateOrganizationAccountStatusBBDEFDFE",
                          "Arn",
                        ],
                      },
                      ":*",
                    ],
                  ],
                },
              ],
            },
            {
              "Action": "states:StartExecution",
              "Effect": "Allow",
              "Resource": {
                "Ref": "CreateOrganizationAccountsCreateOrganizationAccountsProviderwaiterstatemachineC299C25B",
              },
            },
          ],
          "Version": "2012-10-17",
        },
        "PolicyName": "CreateOrganizationAccountsCreateOrganizationAccountsProviderframeworkonEventServiceRoleDefaultPolicy5CD1CC20",
        "Roles": [
          {
            "Ref": "CreateOrganizationAccountsCreateOrganizationAccountsProviderframeworkonEventServiceRole66CD01EF",
          },
        ],
      },
      "Type": "AWS::IAM::Policy",
    },
    "CreateOrganizationAccountsCreateOrganizationAccountsProviderframeworkonTimeoutDD2DB516": {
      "DependsOn": [
        "CreateOrganizationAccountsCreateOrganizationAccountsProviderframeworkonTimeoutServiceRoleDefaultPolicy7473AD40",
        "CreateOrganizationAccountsCreateOrganizationAccountsProviderframeworkonTimeoutServiceRoleA8ECA8F4",
      ],
      "Properties": {
        "Code": {
          "S3Bucket": {
            "Fn::Sub": "cdk-hnb659fds-assets-\${AWS::AccountId}-\${AWS::Region}",
          },
          "S3Key": "REPLACED-GENERATED-NAME.zip",
        },
        "Description": "AWS CDK resource provider framework - onTimeout (Stack/CreateOrganizationAccounts/CreateOrganizationAccountsProvider)",
        "Environment": {
          "Variables": {
            "USER_IS_COMPLETE_FUNCTION_ARN": {
              "Fn::GetAtt": [
                "CreateOrganizationAccountsCreateOrganizationAccountStatusBBDEFDFE",
                "Arn",
              ],
            },
            "USER_ON_EVENT_FUNCTION_ARN": {
              "Fn::GetAtt": [
                "CreateOrganizationAccountsDDA8AFE1",
                "Arn",
              ],
            },
          },
        },
        "Handler": "framework.onTimeout",
        "Role": {
          "Fn::GetAtt": [
            "CreateOrganizationAccountsCreateOrganizationAccountsProviderframeworkonTimeoutServiceRoleA8ECA8F4",
            "Arn",
          ],
        },
        "Runtime": {
          "Fn::FindInMap": [
            "LatestNodeRuntimeMap",
            {
              "Ref": "AWS::Region",
            },
            "value",
          ],
        },
        "Timeout": 900,
      },
      "Type": "AWS::Lambda::Function",
    },
    "CreateOrganizationAccountsCreateOrganizationAccountsProviderframeworkonTimeoutServiceRoleA8ECA8F4": {
      "Properties": {
        "AssumeRolePolicyDocument": {
          "Statement": [
            {
              "Action": "sts:AssumeRole",
              "Effect": "Allow",
              "Principal": {
                "Service": "lambda.amazonaws.com",
              },
            },
          ],
          "Version": "2012-10-17",
        },
        "ManagedPolicyArns": [
          {
            "Fn::Join": [
              "",
              [
                "arn:",
                {
                  "Ref": "AWS::Partition",
                },
                ":iam::aws:policy/service-role/AWSLambdaBasicExecutionRole",
              ],
            ],
          },
        ],
      },
      "Type": "AWS::IAM::Role",
    },
    "CreateOrganizationAccountsCreateOrganizationAccountsProviderframeworkonTimeoutServiceRoleDefaultPolicy7473AD40": {
      "Properties": {
        "PolicyDocument": {
          "Statement": [
            {
              "Action": "lambda:InvokeFunction",
              "Effect": "Allow",
              "Resource": [
                {
                  "Fn::GetAtt": [
                    "CreateOrganizationAccountsDDA8AFE1",
                    "Arn",
                  ],
                },
                {
                  "Fn::Join": [
                    "",
                    [
                      {
                        "Fn::GetAtt": [
                          "CreateOrganizationAccountsDDA8AFE1",
                          "Arn",
                        ],
                      },
                      ":*",
                    ],
                  ],
                },
              ],
            },
            {
              "Action": "lambda:InvokeFunction",
              "Effect": "Allow",
              "Resource": [
                {
                  "Fn::GetAtt": [
                    "CreateOrganizationAccountsCreateOrganizationAccountStatusBBDEFDFE",
                    "Arn",
                  ],
                },
                {
                  "Fn::Join": [
                    "",
                    [
                      {
                        "Fn::GetAtt": [
                          "CreateOrganizationAccountsCreateOrganizationAccountStatusBBDEFDFE",
                          "Arn",
                        ],
                      },
                      ":*",
                    ],
                  ],
                },
              ],
            },
          ],
          "Version": "2012-10-17",
        },
        "PolicyName": "CreateOrganizationAccountsCreateOrganizationAccountsProviderframeworkonTimeoutServiceRoleDefaultPolicy7473AD40",
        "Roles": [
          {
            "Ref": "CreateOrganizationAccountsCreateOrganizationAccountsProviderframeworkonTimeoutServiceRoleA8ECA8F4",
          },
        ],
      },
      "Type": "AWS::IAM::Policy",
    },
    "CreateOrganizationAccountsCreateOrganizationAccountsProviderwaiterstatemachineC299C25B": {
      "DependsOn": [
        "CreateOrganizationAccountsCreateOrganizationAccountsProviderwaiterstatemachineRoleDefaultPolicyA69022C3",
        "CreateOrganizationAccountsCreateOrganizationAccountsProviderwaiterstatemachineRole22D85F30",
      ],
      "Properties": {
        "DefinitionString": {
          "Fn::Join": [
            "",
            [
              "{"StartAt":"framework-isComplete-task","States":{"framework-isComplete-task":{"End":true,"Retry":[{"ErrorEquals":["States.ALL"],"IntervalSeconds":15,"MaxAttempts":480,"BackoffRate":1}],"Catch":[{"ErrorEquals":["States.ALL"],"Next":"framework-onTimeout-task"}],"Type":"Task","Resource":"",
              {
                "Fn::GetAtt": [
                  "CreateOrganizationAccountsCreateOrganizationAccountsProviderframeworkisComplete071270AC",
                  "Arn",
                ],
              },
              ""},"framework-onTimeout-task":{"End":true,"Type":"Task","Resource":"",
              {
                "Fn::GetAtt": [
                  "CreateOrganizationAccountsCreateOrganizationAccountsProviderframeworkonTimeoutDD2DB516",
                  "Arn",
                ],
              },
              ""}}}",
            ],
          ],
        },
        "LoggingConfiguration": {
          "Destinations": [
            {
              "CloudWatchLogsLogGroup": {
                "LogGroupArn": {
                  "Fn::GetAtt": [
                    "CreateOrganizationAccountsCreateOrganizationAccountsWaiterLogGroup60891BB2",
                    "Arn",
                  ],
                },
              },
            },
          ],
          "IncludeExecutionData": true,
          "Level": "ERROR",
        },
        "RoleArn": {
          "Fn::GetAtt": [
            "CreateOrganizationAccountsCreateOrganizationAccountsProviderwaiterstatemachineRole22D85F30",
            "Arn",
          ],
        },
      },
      "Type": "AWS::StepFunctions::StateMachine",
    },
    "CreateOrganizationAccountsCreateOrganizationAccountsProviderwaiterstatemachineRole22D85F30": {
      "Properties": {
        "AssumeRolePolicyDocument": {
          "Statement": [
            {
              "Action": "sts:AssumeRole",
              "Effect": "Allow",
              "Principal": {
                "Service": "states.amazonaws.com",
              },
            },
          ],
          "Version": "2012-10-17",
        },
      },
      "Type": "AWS::IAM::Role",
    },
    "CreateOrganizationAccountsCreateOrganizationAccountsProviderwaiterstatemachineRoleDefaultPolicyA69022C3": {
      "Properties": {
        "PolicyDocument": {
          "Statement": [
            {
              "Action": "lambda:InvokeFunction",
              "Effect": "Allow",
              "Resource": [
                {
                  "Fn::GetAtt": [
                    "CreateOrganizationAccountsCreateOrganizationAccountsProviderframeworkisComplete071270AC",
                    "Arn",
                  ],
                },
                {
                  "Fn::Join": [
                    "",
                    [
                      {
                        "Fn::GetAtt": [
                          "CreateOrganizationAccountsCreateOrganizationAccountsProviderframeworkisComplete071270AC",
                          "Arn",
                        ],
                      },
                      ":*",
                    ],
                  ],
                },
              ],
            },
            {
              "Action": "lambda:InvokeFunction",
              "Effect": "Allow",
              "Resource": [
                {
                  "Fn::GetAtt": [
                    "CreateOrganizationAccountsCreateOrganizationAccountsProviderframeworkonTimeoutDD2DB516",
                    "Arn",
                  ],
                },
                {
                  "Fn::Join": [
                    "",
                    [
                      {
                        "Fn::GetAtt": [
                          "CreateOrganizationAccountsCreateOrganizationAccountsProviderframeworkonTimeoutDD2DB516",
                          "Arn",
                        ],
                      },
                      ":*",
                    ],
                  ],
                },
              ],
            },
            {
              "Action": [
                "logs:CreateLogDelivery",
                "logs:CreateLogStream",
                "logs:GetLogDelivery",
                "logs:UpdateLogDelivery",
                "logs:DeleteLogDelivery",
                "logs:ListLogDeliveries",
                "logs:PutLogEvents",
                "logs:PutResourcePolicy",
                "logs:DescribeResourcePolicies",
                "logs:DescribeLogGroups",
              ],
              "Effect": "Allow",
              "Resource": "*",
            },
          ],
          "Version": "2012-10-17",
        },
        "PolicyName": "CreateOrganizationAccountsCreateOrganizationAccountsProviderwaiterstatemachineRoleDefaultPolicyA69022C3",
        "Roles": [
          {
            "Ref": "CreateOrganizationAccountsCreateOrganizationAccountsProviderwaiterstatemachineRole22D85F30",
          },
        ],
      },
      "Type": "AWS::IAM::Policy",
    },
    "CreateOrganizationAccountsCreateOrganizationAccountsWaiterLogGroup60891BB2": {
      "DeletionPolicy": "Delete",
      "Properties": {
        "KmsKeyId": {
          "Fn::GetAtt": [
            "CustomKey1E6D0D07",
            "Arn",
          ],
        },
        "LogGroupName": "/aws/vendedlogs/states/waiter-state-machine/CreateOrganizationAccounts",
        "RetentionInDays": 3653,
      },
      "Type": "AWS::Logs::LogGroup",
      "UpdateReplacePolicy": "Delete",
    },
    "CreateOrganizationAccountsDDA8AFE1": {
      "DependsOn": [
        "CreateOrganizationAccountsServiceRole99CB3720",
      ],
      "Properties": {
        "Code": {
          "S3Bucket": {
            "Fn::Sub": "cdk-hnb659fds-assets-\${AWS::AccountId}-\${AWS::Region}",
          },
          "S3Key": "REPLACED-GENERATED-NAME.zip",
        },
        "Description": "Create Organization Accounts OnEvent handler",
        "Handler": "index.handler",
        "KmsKeyArn": {
          "Fn::GetAtt": [
            "CustomKey1E6D0D07",
            "Arn",
          ],
        },
        "Role": {
          "Fn::GetAtt": [
            "CreateOrganizationAccountsServiceRole99CB3720",
            "Arn",
          ],
        },
        "Runtime": "nodejs18.x",
        "Timeout": 30,
      },
      "Type": "AWS::Lambda::Function",
    },
    "CreateOrganizationAccountsServiceRole99CB3720": {
      "Properties": {
        "AssumeRolePolicyDocument": {
          "Statement": [
            {
              "Action": "sts:AssumeRole",
              "Effect": "Allow",
              "Principal": {
                "Service": "lambda.amazonaws.com",
              },
            },
          ],
          "Version": "2012-10-17",
        },
        "ManagedPolicyArns": [
          {
            "Fn::Join": [
              "",
              [
                "arn:",
                {
                  "Ref": "AWS::Partition",
                },
                ":iam::aws:policy/service-role/AWSLambdaBasicExecutionRole",
              ],
            ],
          },
        ],
      },
      "Type": "AWS::IAM::Role",
    },
    "CustomKey1E6D0D07": {
      "DeletionPolicy": "Retain",
      "Properties": {
        "KeyPolicy": {
          "Statement": [
            {
              "Action": "kms:*",
              "Effect": "Allow",
              "Principal": {
                "AWS": {
                  "Fn::Join": [
                    "",
                    [
                      "arn:",
                      {
                        "Ref": "AWS::Partition",
                      },
                      ":iam::",
                      {
                        "Ref": "AWS::AccountId",
                      },
                      ":root",
                    ],
                  ],
                },
              },
              "Resource": "*",
            },
          ],
          "Version": "2012-10-17",
        },
      },
      "Type": "AWS::KMS::Key",
      "UpdateReplacePolicy": "Retain",
    },
    "GovCloudTableKeyE9635728": {
      "DeletionPolicy": "Retain",
      "Properties": {
        "KeyPolicy": {
          "Statement": [
            {
              "Action": "kms:*",
              "Effect": "Allow",
              "Principal": {
                "AWS": {
                  "Fn::Join": [
                    "",
                    [
                      "arn:",
                      {
                        "Ref": "AWS::Partition",
                      },
                      ":iam::",
                      {
                        "Ref": "AWS::AccountId",
                      },
                      ":root",
                    ],
                  ],
                },
              },
              "Resource": "*",
            },
          ],
          "Version": "2012-10-17",
        },
      },
      "Type": "AWS::KMS::Key",
      "UpdateReplacePolicy": "Retain",
    },
    "NewOrgAccountsE5BA262F": {
      "DeletionPolicy": "Delete",
      "Properties": {
        "AttributeDefinitions": [
          {
            "AttributeName": "accountEmail",
            "AttributeType": "S",
          },
        ],
        "BillingMode": "PAY_PER_REQUEST",
        "KeySchema": [
          {
            "AttributeName": "accountEmail",
            "KeyType": "HASH",
          },
        ],
        "PointInTimeRecoverySpecification": {
          "PointInTimeRecoveryEnabled": true,
        },
        "SSESpecification": {
          "KMSMasterKeyId": {
            "Fn::GetAtt": [
              "TableKeyF581D96F",
              "Arn",
            ],
          },
          "SSEEnabled": true,
          "SSEType": "KMS",
        },
      },
      "Type": "AWS::DynamoDB::Table",
      "UpdateReplacePolicy": "Delete",
    },
    "TableKeyF581D96F": {
      "DeletionPolicy": "Retain",
      "Properties": {
        "KeyPolicy": {
          "Statement": [
            {
              "Action": "kms:*",
              "Effect": "Allow",
              "Principal": {
                "AWS": {
                  "Fn::Join": [
                    "",
                    [
                      "arn:",
                      {
                        "Ref": "AWS::Partition",
                      },
                      ":iam::",
                      {
                        "Ref": "AWS::AccountId",
                      },
                      ":root",
                    ],
                  ],
                },
              },
              "Resource": "*",
            },
          ],
          "Version": "2012-10-17",
        },
      },
      "Type": "AWS::KMS::Key",
      "UpdateReplacePolicy": "Retain",
    },
    "govCloudAccountMapping0E3D2AD8": {
      "DeletionPolicy": "Retain",
      "Properties": {
        "AttributeDefinitions": [
          {
            "AttributeName": "commercialAccountId",
            "AttributeType": "S",
          },
        ],
        "BillingMode": "PAY_PER_REQUEST",
        "KeySchema": [
          {
            "AttributeName": "commercialAccountId",
            "KeyType": "HASH",
          },
        ],
        "PointInTimeRecoverySpecification": {
          "PointInTimeRecoveryEnabled": true,
        },
        "SSESpecification": {
          "KMSMasterKeyId": {
            "Fn::GetAtt": [
              "GovCloudTableKeyE9635728",
              "Arn",
            ],
          },
          "SSEEnabled": true,
          "SSEType": "KMS",
        },
      },
      "Type": "AWS::DynamoDB::Table",
      "UpdateReplacePolicy": "Retain",
    },
  },
}
`;
