// Jest Snapshot v1, https://goo.gl/fbAQLP

exports[`OrganizationalUnits Construct(OrganizationalUnit):  Snapshot Test 1`] = `
{
  "Resources": {
    "ConfigTable5CD72349": {
      "DeletionPolicy": "Retain",
      "Properties": {
        "AttributeDefinitions": [
          {
            "AttributeName": "dataType",
            "AttributeType": "S",
          },
        ],
        "KeySchema": [
          {
            "AttributeName": "dataType",
            "KeyType": "HASH",
          },
        ],
        "ProvisionedThroughput": {
          "ReadCapacityUnits": 5,
          "WriteCapacityUnits": 5,
        },
      },
      "Type": "AWS::DynamoDB::Table",
      "UpdateReplacePolicy": "Retain",
    },
    "CustomKey1E6D0D07": {
      "DeletionPolicy": "Retain",
      "Properties": {
        "KeyPolicy": {
          "Statement": [
            {
              "Action": "kms:*",
              "Effect": "Allow",
              "Principal": {
                "AWS": {
                  "Fn::Join": [
                    "",
                    [
                      "arn:",
                      {
                        "Ref": "AWS::Partition",
                      },
                      ":iam::",
                      {
                        "Ref": "AWS::AccountId",
                      },
                      ":root",
                    ],
                  ],
                },
              },
              "Resource": "*",
            },
          ],
          "Version": "2012-10-17",
        },
      },
      "Type": "AWS::KMS::Key",
      "UpdateReplacePolicy": "Retain",
    },
    "CustomOrganizationsCreateOrganizationalUnitsCustomResourceProviderHandler4596F0BC": {
      "DependsOn": [
        "CustomOrganizationsCreateOrganizationalUnitsCustomResourceProviderRole4B8B81B0",
      ],
      "Properties": {
        "Code": {
          "S3Bucket": {
            "Fn::Sub": "cdk-hnb659fds-assets-\${AWS::AccountId}-\${AWS::Region}",
          },
          "S3Key": "REPLACED-GENERATED-NAME.zip",
        },
        "Handler": "__entrypoint__.handler",
        "MemorySize": 128,
        "Role": {
          "Fn::GetAtt": [
            "CustomOrganizationsCreateOrganizationalUnitsCustomResourceProviderRole4B8B81B0",
            "Arn",
          ],
        },
        "Runtime": "nodejs18.x",
        "Timeout": 900,
      },
      "Type": "AWS::Lambda::Function",
    },
    "CustomOrganizationsCreateOrganizationalUnitsCustomResourceProviderLogGroup5A9D7A53": {
      "DeletionPolicy": "Delete",
      "Properties": {
        "KmsKeyId": {
          "Fn::GetAtt": [
            "CustomKey1E6D0D07",
            "Arn",
          ],
        },
        "LogGroupName": {
          "Fn::Join": [
            "",
            [
              "/aws/lambda/",
              {
                "Ref": "CustomOrganizationsCreateOrganizationalUnitsCustomResourceProviderHandler4596F0BC",
              },
            ],
          ],
        },
        "RetentionInDays": 365,
      },
      "Type": "AWS::Logs::LogGroup",
      "UpdateReplacePolicy": "Delete",
    },
    "CustomOrganizationsCreateOrganizationalUnitsCustomResourceProviderRole4B8B81B0": {
      "Properties": {
        "AssumeRolePolicyDocument": {
          "Statement": [
            {
              "Action": "sts:AssumeRole",
              "Effect": "Allow",
              "Principal": {
                "Service": "lambda.amazonaws.com",
              },
            },
          ],
          "Version": "2012-10-17",
        },
        "ManagedPolicyArns": [
          {
            "Fn::Sub": "arn:\${AWS::Partition}:iam::aws:policy/service-role/AWSLambdaBasicExecutionRole",
          },
        ],
        "Policies": [
          {
            "PolicyDocument": {
              "Statement": [
                {
                  "Action": [
                    "organizations:CreateOrganizationalUnit",
                    "organizations:ListOrganizationalUnitsForParent",
                    "organizations:ListRoots",
                    "organizations:UpdateOrganizationalUnit",
                  ],
                  "Effect": "Allow",
                  "Resource": "*",
                  "Sid": "organizations",
                },
                {
                  "Action": [
                    "dynamodb:UpdateItem",
                    "dynamodb:Query",
                  ],
                  "Effect": "Allow",
                  "Resource": [
                    {
                      "Fn::GetAtt": [
                        "ConfigTable5CD72349",
                        "Arn",
                      ],
                    },
                  ],
                  "Sid": "dynamodb",
                },
              ],
              "Version": "2012-10-17",
            },
            "PolicyName": "Inline",
          },
        ],
      },
      "Type": "AWS::IAM::Role",
    },
    "OrganizationalUnits30245726": {
      "DeletionPolicy": "Delete",
      "DependsOn": [
        "CustomOrganizationsCreateOrganizationalUnitsCustomResourceProviderLogGroup5A9D7A53",
      ],
      "Properties": {
        "ServiceToken": {
          "Fn::GetAtt": [
            "CustomOrganizationsCreateOrganizationalUnitsCustomResourceProviderHandler4596F0BC",
            "Arn",
          ],
        },
        "commitId": "bda32a39",
        "configTableName": {
          "Ref": "ConfigTable5CD72349",
        },
        "controlTowerEnabled": true,
        "organizationsEnabled": true,
        "partition": {
          "Ref": "AWS::Partition",
        },
        "uuid": "REPLACED-UUID",
      },
      "Type": "Custom::CreateOrganizationalUnits",
      "UpdateReplacePolicy": "Delete",
    },
  },
}
`;
