// Jest Snapshot v1, https://goo.gl/fbAQLP

exports[`Policy Construct(Policy):  Snapshot Test 1`] = `
{
  "Resources": {
    "CustomKey1E6D0D07": {
      "DeletionPolicy": "Retain",
      "Properties": {
        "KeyPolicy": {
          "Statement": [
            {
              "Action": "kms:*",
              "Effect": "Allow",
              "Principal": {
                "AWS": {
                  "Fn::Join": [
                    "",
                    [
                      "arn:",
                      {
                        "Ref": "AWS::Partition",
                      },
                      ":iam::",
                      {
                        "Ref": "AWS::AccountId",
                      },
                      ":root",
                    ],
                  ],
                },
              },
              "Resource": "*",
            },
          ],
          "Version": "2012-10-17",
        },
      },
      "Type": "AWS::KMS::Key",
      "UpdateReplacePolicy": "Retain",
    },
    "CustomOrganizationsCreatePolicyCustomResourceProviderHandler7A188619": {
      "DependsOn": [
        "CustomOrganizationsCreatePolicyCustomResourceProviderRoleBA0ADB43",
      ],
      "Properties": {
        "Code": {
          "S3Bucket": {
            "Fn::Sub": "cdk-hnb659fds-assets-\${AWS::AccountId}-\${AWS::Region}",
          },
          "S3Key": "REPLACED-GENERATED-NAME.zip",
        },
        "Description": "Organizations create policy",
        "Handler": "__entrypoint__.handler",
        "MemorySize": 128,
        "Role": {
          "Fn::GetAtt": [
            "CustomOrganizationsCreatePolicyCustomResourceProviderRoleBA0ADB43",
            "Arn",
          ],
        },
        "Runtime": "nodejs18.x",
        "Timeout": 900,
      },
      "Type": "AWS::Lambda::Function",
    },
    "CustomOrganizationsCreatePolicyCustomResourceProviderLogGroup019B74A9": {
      "DeletionPolicy": "Delete",
      "Properties": {
        "KmsKeyId": {
          "Fn::GetAtt": [
            "CustomKey1E6D0D07",
            "Arn",
          ],
        },
        "LogGroupName": {
          "Fn::Join": [
            "",
            [
              "/aws/lambda/",
              {
                "Ref": "CustomOrganizationsCreatePolicyCustomResourceProviderHandler7A188619",
              },
            ],
          ],
        },
        "RetentionInDays": 3653,
      },
      "Type": "AWS::Logs::LogGroup",
      "UpdateReplacePolicy": "Delete",
    },
    "CustomOrganizationsCreatePolicyCustomResourceProviderRoleBA0ADB43": {
      "Properties": {
        "AssumeRolePolicyDocument": {
          "Statement": [
            {
              "Action": "sts:AssumeRole",
              "Effect": "Allow",
              "Principal": {
                "Service": "lambda.amazonaws.com",
              },
            },
          ],
          "Version": "2012-10-17",
        },
        "ManagedPolicyArns": [
          {
            "Fn::Sub": "arn:\${AWS::Partition}:iam::aws:policy/service-role/AWSLambdaBasicExecutionRole",
          },
        ],
        "Policies": [
          {
            "PolicyDocument": {
              "Statement": [
                {
                  "Action": [
                    "organizations:CreatePolicy",
                    "organizations:DeletePolicy",
                    "organizations:DetachPolicy",
                    "organizations:ListPolicies",
                    "organizations:ListTargetsForPolicy",
                    "organizations:UpdatePolicy",
                    "organizations:TagResource",
                  ],
                  "Effect": "Allow",
                  "Resource": "*",
                },
                {
                  "Action": [
                    "s3:GetObject",
                  ],
                  "Effect": "Allow",
                  "Resource": {
                    "Fn::Join": [
                      "",
                      [
                        "arn:",
                        {
                          "Ref": "AWS::Partition",
                        },
                        ":s3:::",
                        {
                          "Fn::Sub": "cdk-hnb659fds-assets-\${AWS::AccountId}-\${AWS::Region}",
                        },
                        "/*",
                      ],
                    ],
                  },
                },
              ],
              "Version": "2012-10-17",
            },
            "PolicyName": "Inline",
          },
        ],
      },
      "Type": "AWS::IAM::Role",
    },
    "Policy23B91518": {
      "DeletionPolicy": "Delete",
      "DependsOn": [
        "CustomOrganizationsCreatePolicyCustomResourceProviderLogGroup019B74A9",
      ],
      "Properties": {
        "ServiceToken": {
          "Fn::GetAtt": [
            "CustomOrganizationsCreatePolicyCustomResourceProviderHandler7A188619",
            "Arn",
          ],
        },
        "bucket": {
          "Fn::Sub": "cdk-hnb659fds-assets-\${AWS::AccountId}-\${AWS::Region}",
        },
        "description": "Testing Policy construct",
        "key": "cc6645b789ecec398524e5ade5814359a8403b9c8c2c4b54b7c4e7ba20348a98.ts",
        "name": "TestPolicy",
        "partition": "aws",
        "policyTagKey": "AWSAcceleratorManaged",
        "strategy": "deny-list",
        "tags": [
          {
            "Key": "name",
            "Value": "TestPolicy",
          },
          {
            "Key": "usage",
            "Value": "ConstructTest",
          },
        ],
        "type": "SERVICE_CONTROL_POLICY",
        "uuid": "REPLACED-MD5",
      },
      "Type": "Custom::CreatePolicy",
      "UpdateReplacePolicy": "Delete",
    },
  },
}
`;
