// Jest Snapshot v1, https://goo.gl/fbAQLP

exports[`AuditManagerOrganizationAdminAccount Construct(AuditManagerOrganizationAdminAccount):  Snapshot Test 1`] = `
{
  "Resources": {
    "AuditManagerOrganizationAdminAccount34B8BA90": {
      "DeletionPolicy": "Delete",
      "DependsOn": [
        "CustomAuditManagerEnableOrganizationAdminAccountCustomResourceProviderLogGroup858CB16C",
      ],
      "Properties": {
        "ServiceToken": {
          "Fn::GetAtt": [
            "CustomAuditManagerEnableOrganizationAdminAccountCustomResourceProviderHandlerCA9379D9",
            "Arn",
          ],
        },
        "adminAccountId": {
          "Ref": "AWS::AccountId",
        },
        "kmsKeyArn": {
          "Fn::GetAtt": [
            "CustomKey1E6D0D07",
            "Arn",
          ],
        },
        "region": {
          "Ref": "AWS::Region",
        },
      },
      "Type": "Custom::AuditManagerEnableOrganizationAdminAccount",
      "UpdateReplacePolicy": "Delete",
    },
    "CustomAuditManagerEnableOrganizationAdminAccountCustomResourceProviderHandlerCA9379D9": {
      "DependsOn": [
        "CustomAuditManagerEnableOrganizationAdminAccountCustomResourceProviderRoleF4A6BEA4",
      ],
      "Properties": {
        "Code": {
          "S3Bucket": {
            "Fn::Sub": "cdk-hnb659fds-assets-\${AWS::AccountId}-\${AWS::Region}",
          },
          "S3Key": "REPLACED-GENERATED-NAME.zip",
        },
        "Handler": "__entrypoint__.handler",
        "MemorySize": 128,
        "Role": {
          "Fn::GetAtt": [
            "CustomAuditManagerEnableOrganizationAdminAccountCustomResourceProviderRoleF4A6BEA4",
            "Arn",
          ],
        },
        "Runtime": "nodejs18.x",
        "Timeout": 900,
      },
      "Type": "AWS::Lambda::Function",
    },
    "CustomAuditManagerEnableOrganizationAdminAccountCustomResourceProviderLogGroup858CB16C": {
      "DeletionPolicy": "Delete",
      "Properties": {
        "KmsKeyId": {
          "Fn::GetAtt": [
            "CustomKey1E6D0D07",
            "Arn",
          ],
        },
        "LogGroupName": {
          "Fn::Join": [
            "",
            [
              "/aws/lambda/",
              {
                "Ref": "CustomAuditManagerEnableOrganizationAdminAccountCustomResourceProviderHandlerCA9379D9",
              },
            ],
          ],
        },
        "RetentionInDays": 3653,
      },
      "Type": "AWS::Logs::LogGroup",
      "UpdateReplacePolicy": "Delete",
    },
    "CustomAuditManagerEnableOrganizationAdminAccountCustomResourceProviderRoleF4A6BEA4": {
      "Properties": {
        "AssumeRolePolicyDocument": {
          "Statement": [
            {
              "Action": "sts:AssumeRole",
              "Effect": "Allow",
              "Principal": {
                "Service": "lambda.amazonaws.com",
              },
            },
          ],
          "Version": "2012-10-17",
        },
        "ManagedPolicyArns": [
          {
            "Fn::Sub": "arn:\${AWS::Partition}:iam::aws:policy/service-role/AWSLambdaBasicExecutionRole",
          },
        ],
        "Policies": [
          {
            "PolicyDocument": {
              "Statement": [
                {
                  "Action": [
                    "organizations:DeregisterDelegatedAdministrator",
                    "organizations:DescribeOrganization",
                    "organizations:EnableAWSServiceAccess",
                    "organizations:ListAWSServiceAccessForOrganization",
                    "organizations:ListAccounts",
                    "organizations:ListDelegatedAdministrators",
                    "organizations:RegisterDelegatedAdministrator",
                  ],
                  "Condition": {
                    "StringLikeIfExists": {
                      "organizations:DeregisterDelegatedAdministrator": [
                        "auditmanager.amazonaws.com",
                      ],
                      "organizations:DescribeOrganization": [
                        "auditmanager.amazonaws.com",
                      ],
                      "organizations:EnableAWSServiceAccess": [
                        "auditmanager.amazonaws.com",
                      ],
                      "organizations:ListAWSServiceAccessForOrganization": [
                        "auditmanager.amazonaws.com",
                      ],
                      "organizations:ListAccounts": [
                        "auditmanager.amazonaws.com",
                      ],
                      "organizations:ListDelegatedAdministrators": [
                        "auditmanager.amazonaws.com",
                      ],
                      "organizations:RegisterDelegatedAdministrator": [
                        "auditmanager.amazonaws.com",
                      ],
                    },
                  },
                  "Effect": "Allow",
                  "Resource": "*",
                  "Sid": "AuditManagerEnableOrganizationAdminAccountTaskOrganizationActions",
                },
                {
                  "Action": [
                    "auditmanager:RegisterAccount",
                    "auditmanager:DeregisterAccount",
                    "auditmanager:RegisterOrganizationAdminAccount",
                    "auditmanager:DeregisterOrganizationAdminAccount",
                    "auditmanager:getOrganizationAdminAccount",
                  ],
                  "Effect": "Allow",
                  "Resource": "*",
                  "Sid": "AuditManagerEnableOrganizationAdminAccountTaskDetectiveActions",
                },
                {
                  "Action": [
                    "iam:CreateServiceLinkedRole",
                  ],
                  "Effect": "Allow",
                  "Resource": [
                    "*",
                  ],
                  "Sid": "ServiceLinkedRoleDetective",
                },
                {
                  "Action": "kms:CreateGrant",
                  "Condition": {
                    "Bool": {
                      "kms:GrantIsForAWSResource": "true",
                    },
                    "StringLike": {
                      "kms:ViaService": "auditmanager.*.amazonaws.com",
                    },
                  },
                  "Effect": "Allow",
                  "Resource": {
                    "Fn::GetAtt": [
                      "CustomKey1E6D0D07",
                      "Arn",
                    ],
                  },
                  "Sid": "AuditManagerEnableKmsKeyGrants",
                },
              ],
              "Version": "2012-10-17",
            },
            "PolicyName": "Inline",
          },
        ],
      },
      "Type": "AWS::IAM::Role",
    },
    "CustomKey1E6D0D07": {
      "DeletionPolicy": "Retain",
      "Properties": {
        "KeyPolicy": {
          "Statement": [
            {
              "Action": "kms:*",
              "Effect": "Allow",
              "Principal": {
                "AWS": {
                  "Fn::Join": [
                    "",
                    [
                      "arn:",
                      {
                        "Ref": "AWS::Partition",
                      },
                      ":iam::",
                      {
                        "Ref": "AWS::AccountId",
                      },
                      ":root",
                    ],
                  ],
                },
              },
              "Resource": "*",
            },
          ],
          "Version": "2012-10-17",
        },
      },
      "Type": "AWS::KMS::Key",
      "UpdateReplacePolicy": "Retain",
    },
  },
}
`;
