// Jest Snapshot v1, https://goo.gl/fbAQLP

exports[`AuditManagerDefaultReportsDestination Construct(AuditManagerDefaultReportsDestination):  Snapshot Test 1`] = `
{
  "Resources": {
    "AuditManagerDefaultReportsDestinationAFD20D60": {
      "DeletionPolicy": "Delete",
      "DependsOn": [
        "CustomAuditManagerCreateDefaultReportsDestinationCustomResourceProviderLogGroupF5AC3566",
      ],
      "Properties": {
        "ServiceToken": {
          "Fn::GetAtt": [
            "CustomAuditManagerCreateDefaultReportsDestinationCustomResourceProviderHandler6BCBC433",
            "Arn",
          ],
        },
        "bucket": {
          "Fn::Join": [
            "",
            [
              "s3//aws-accelerator-auditmgr-",
              {
                "Ref": "AWS::AccountId",
              },
              "-",
              {
                "Ref": "AWS::Region",
              },
            ],
          ],
        },
        "defaultReportsDestinationType": "S3",
        "kmsKeyArn": {
          "Fn::GetAtt": [
            "BucketKey7092080A",
            "Arn",
          ],
        },
        "region": {
          "Ref": "AWS::Region",
        },
      },
      "Type": "Custom::AuditManagerCreateDefaultReportsDestination",
      "UpdateReplacePolicy": "Delete",
    },
    "BucketKey7092080A": {
      "DeletionPolicy": "Retain",
      "Properties": {
        "KeyPolicy": {
          "Statement": [
            {
              "Action": "kms:*",
              "Effect": "Allow",
              "Principal": {
                "AWS": {
                  "Fn::Join": [
                    "",
                    [
                      "arn:",
                      {
                        "Ref": "AWS::Partition",
                      },
                      ":iam::",
                      {
                        "Ref": "AWS::AccountId",
                      },
                      ":root",
                    ],
                  ],
                },
              },
              "Resource": "*",
            },
          ],
          "Version": "2012-10-17",
        },
      },
      "Type": "AWS::KMS::Key",
      "UpdateReplacePolicy": "Retain",
    },
    "CustomAuditManagerCreateDefaultReportsDestinationCustomResourceProviderHandler6BCBC433": {
      "DependsOn": [
        "CustomAuditManagerCreateDefaultReportsDestinationCustomResourceProviderRoleAEE72AE5",
      ],
      "Properties": {
        "Code": {
          "S3Bucket": {
            "Fn::Sub": "cdk-hnb659fds-assets-\${AWS::AccountId}-\${AWS::Region}",
          },
          "S3Key": "REPLACED-GENERATED-NAME.zip",
        },
        "Handler": "__entrypoint__.handler",
        "MemorySize": 128,
        "Role": {
          "Fn::GetAtt": [
            "CustomAuditManagerCreateDefaultReportsDestinationCustomResourceProviderRoleAEE72AE5",
            "Arn",
          ],
        },
        "Runtime": "nodejs18.x",
        "Timeout": 900,
      },
      "Type": "AWS::Lambda::Function",
    },
    "CustomAuditManagerCreateDefaultReportsDestinationCustomResourceProviderLogGroupF5AC3566": {
      "DeletionPolicy": "Delete",
      "Properties": {
        "KmsKeyId": {
          "Fn::GetAtt": [
            "CustomKey1E6D0D07",
            "Arn",
          ],
        },
        "LogGroupName": {
          "Fn::Join": [
            "",
            [
              "/aws/lambda/",
              {
                "Ref": "CustomAuditManagerCreateDefaultReportsDestinationCustomResourceProviderHandler6BCBC433",
              },
            ],
          ],
        },
        "RetentionInDays": 3653,
      },
      "Type": "AWS::Logs::LogGroup",
      "UpdateReplacePolicy": "Delete",
    },
    "CustomAuditManagerCreateDefaultReportsDestinationCustomResourceProviderRoleAEE72AE5": {
      "Properties": {
        "AssumeRolePolicyDocument": {
          "Statement": [
            {
              "Action": "sts:AssumeRole",
              "Effect": "Allow",
              "Principal": {
                "Service": "lambda.amazonaws.com",
              },
            },
          ],
          "Version": "2012-10-17",
        },
        "ManagedPolicyArns": [
          {
            "Fn::Sub": "arn:\${AWS::Partition}:iam::aws:policy/service-role/AWSLambdaBasicExecutionRole",
          },
        ],
        "Policies": [
          {
            "PolicyDocument": {
              "Statement": [
                {
                  "Action": [
                    "auditmanager:UpdateSettings",
                  ],
                  "Effect": "Allow",
                  "Resource": "*",
                  "Sid": "AuditManagerCreatePublishingDestinationCommandTaskAuditManagerActions",
                },
              ],
              "Version": "2012-10-17",
            },
            "PolicyName": "Inline",
          },
        ],
      },
      "Type": "AWS::IAM::Role",
    },
    "CustomKey1E6D0D07": {
      "DeletionPolicy": "Retain",
      "Properties": {
        "KeyPolicy": {
          "Statement": [
            {
              "Action": "kms:*",
              "Effect": "Allow",
              "Principal": {
                "AWS": {
                  "Fn::Join": [
                    "",
                    [
                      "arn:",
                      {
                        "Ref": "AWS::Partition",
                      },
                      ":iam::",
                      {
                        "Ref": "AWS::AccountId",
                      },
                      ":root",
                    ],
                  ],
                },
              },
              "Resource": "*",
            },
          ],
          "Version": "2012-10-17",
        },
      },
      "Type": "AWS::KMS::Key",
      "UpdateReplacePolicy": "Retain",
    },
  },
}
`;
