// Jest Snapshot v1, https://goo.gl/fbAQLP

exports[`NetworkLoadBalancer Construct(NetworkLoadBalancer):  Snapshot Test 1`] = `
{
  "Parameters": {
    "SsmParameterValueacceleratorapplicationtargetGroupappAvpcAtargetgrouptest1arnC96584B6F00A464EAD1953AFF4B05118Parameter": {
      "Default": "/accelerator/application/targetGroup/appA/vpcA/target-group-test1/arn",
      "Type": "AWS::SSM::Parameter::Value<String>",
    },
    "SsmParameterValueacceleratorapplicationtargetGroupappAvpcAtargetgrouptestarnC96584B6F00A464EAD1953AFF4B05118Parameter": {
      "Default": "/accelerator/application/targetGroup/appA/vpcA/target-group-test/arn",
      "Type": "AWS::SSM::Parameter::Value<String>",
    },
  },
  "Resources": {
    "Test7BFAF513": {
      "Properties": {
        "LoadBalancerAttributes": [
          {
            "Key": "deletion_protection.enabled",
            "Value": "true",
          },
          {
            "Key": "load_balancing.cross_zone.enabled",
            "Value": "true",
          },
          {
            "Key": "access_logs.s3.enabled",
            "Value": "true",
          },
          {
            "Key": "access_logs.s3.bucket",
            "Value": "test-bucket",
          },
          {
            "Key": "access_logs.s3.prefix",
            "Value": {
              "Fn::Join": [
                "",
                [
                  {
                    "Ref": "AWS::AccountId",
                  },
                  "/",
                  {
                    "Ref": "AWS::Region",
                  },
                  "/Test",
                ],
              ],
            },
          },
        ],
        "Name": "Test",
        "Scheme": "internal",
        "Subnets": [
          "subnet-test123",
          "subnet-test456",
        ],
        "Tags": [
          {
            "Key": "Name",
            "Value": "Test",
          },
        ],
        "Type": "network",
      },
      "Type": "AWS::ElasticLoadBalancingV2::LoadBalancer",
    },
    "TestListenerstring15C484455": {
      "Properties": {
        "AlpnPolicy": [
          "TLS_V1_2_2018",
        ],
        "Certificates": [
          {
            "CertificateArn": "fully-qualified-arn-acm",
          },
        ],
        "DefaultActions": [
          {
            "ForwardConfig": {
              "TargetGroups": [
                {
                  "TargetGroupArn": {
                    "Ref": "SsmParameterValueacceleratorapplicationtargetGroupappAvpcAtargetgrouptest1arnC96584B6F00A464EAD1953AFF4B05118Parameter",
                  },
                },
              ],
            },
            "TargetGroupArn": {
              "Ref": "SsmParameterValueacceleratorapplicationtargetGroupappAvpcAtargetgrouptest1arnC96584B6F00A464EAD1953AFF4B05118Parameter",
            },
            "Type": "forward",
          },
        ],
        "LoadBalancerArn": {
          "Ref": "Test7BFAF513",
        },
        "Port": 81,
        "Protocol": "HTTP",
        "SslPolicy": "ELBSecurityPolicy-2016-08",
      },
      "Type": "AWS::ElasticLoadBalancingV2::Listener",
    },
    "TestListenerstring7A65A381": {
      "Properties": {
        "AlpnPolicy": [
          "TLS_V1_2_2018",
        ],
        "Certificates": [
          {
            "CertificateArn": "fully-qualified-arn-acm",
          },
        ],
        "DefaultActions": [
          {
            "ForwardConfig": {
              "TargetGroups": [
                {
                  "TargetGroupArn": {
                    "Ref": "SsmParameterValueacceleratorapplicationtargetGroupappAvpcAtargetgrouptestarnC96584B6F00A464EAD1953AFF4B05118Parameter",
                  },
                },
              ],
            },
            "TargetGroupArn": {
              "Ref": "SsmParameterValueacceleratorapplicationtargetGroupappAvpcAtargetgrouptestarnC96584B6F00A464EAD1953AFF4B05118Parameter",
            },
            "Type": "forward",
          },
        ],
        "LoadBalancerArn": {
          "Ref": "Test7BFAF513",
        },
        "Port": 80,
        "Protocol": "HTTP",
        "SslPolicy": "ELBSecurityPolicy-2016-08",
      },
      "Type": "AWS::ElasticLoadBalancingV2::Listener",
    },
  },
}
`;
